###############################################################################
#
# IAR ELF Linker V8.40.1.212/W32 for ARM                  08/Nov/2019  19:02:14
# Copyright 2007-2019 IAR Systems AB.
#
#    Output file  =
#        C:\Users\User\Documents\GitHub\POIP-Hub\3.2\Debug\Exe\2.out
#    Map file     =
#        C:\Users\User\Documents\GitHub\POIP-Hub\3.2\Debug\List\2.map
#    Command line =
#        -f C:\Users\User\AppData\Local\Temp\EW7ABA.tmp
#        (C:\Users\User\Documents\GitHub\POIP-Hub\3.2\Debug\Obj\main.o
#        C:\Users\User\Documents\GitHub\POIP-Hub\3.2\Debug\Obj\startup.o
#        --no_out_extension -o
#        C:\Users\User\Documents\GitHub\POIP-Hub\3.2\Debug\Exe\2.out --redirect
#        _Printf=_PrintfFullNoMb --redirect _Scanf=_ScanfFullNoMb --map
#        C:\Users\User\Documents\GitHub\POIP-Hub\3.2\Debug\List\2.map --config
#        C:\Users\User\Documents\GitHub\POIP-Hub\3.2\2_la.icf --semihosting
#        --entry __iar_program_start --vfe --enable_stack_usage --text_out
#        locale)
#
###############################################################################

*******************************************************************************
*** MESSAGES
***

Warning[Ls015]: [stack usage analysis] at least one function appears to be
          uncalled. Example: "InterruptHandler::DummyHandler()". A complete
          list of uncalled functions is in the map file.


*******************************************************************************
*** RUNTIME MODEL ATTRIBUTES
***

CppFlavor        = *
__CPP_Exceptions = Disabled
__CPP_Language   = C++14
__SystemLibrary  = DLib
__dlib_version   = 6


*******************************************************************************
*** HEAP SELECTION
***

The basic heap was selected because no calls to memory allocation
functions were found in the application outside of system library
functions, and there are calls to deallocation functions in the
application.


*******************************************************************************
*** PLACEMENT SUMMARY
***

"A0":  place at address 0x800'0000 { ro section .intvec };
"P1":  place in [from 0x800'0000 to 0x807'ffff] { ro };
define block CSTACK with size = 32, alignment = 8 { };
define block HEAP with size = 0, alignment = 8 { };
"P2":  place in [from 0x2000'0000 to 0x2001'ffff] {
          rw, block CSTACK, block HEAP };

No sections matched the following patterns:

  rw  in "P2"


  Section   Kind         Address   Size  Object
  -------   ----         -------   ----  ------
"A0":                              0xbc
  .intvec   const     0x800'0000   0xbc  startup.o [1]
                    - 0x800'00bc   0xbc

"P1":                             0x174
  .text     ro code   0x800'00bc   0x3c  main.o [1]
  .text     ro code   0x800'00f8   0x14  main.o [1]
  .text     ro code   0x800'010c   0x14  main.o [1]
  .text     ro code   0x800'0120   0x14  main.o [1]
  .text     ro code   0x800'0134   0x14  main.o [1]
  .text     ro code   0x800'0148   0x14  main.o [1]
  .text     ro code   0x800'015c   0x14  main.o [1]
  .text     ro code   0x800'0170   0x14  main.o [1]
  .text     ro code   0x800'0184   0x10  main.o [1]
  .text     ro code   0x800'0194   0x10  main.o [1]
  .text     ro code   0x800'01a4   0x10  main.o [1]
  .text     ro code   0x800'01b4   0x22  fpinit_M.o [3]
  .text     ro code   0x800'01d6    0x2  startup.o [1]
  .text     ro code   0x800'01d8   0x1e  cmain.o [4]
  .text     ro code   0x800'01f6    0x4  low_level_init.o [2]
  .text     ro code   0x800'01fa    0x4  exit.o [2]
  .text     ro code   0x800'01fe    0x2  startup.o [1]
  .text     ro code   0x800'0200    0xa  cexit.o [4]
  .rodata   const     0x800'020a    0x1  unwind_debug.o [5]
  .text     ro code   0x800'020c   0x14  exit.o [5]
  .text     ro code   0x800'0220   0x10  startup.o [1]
                    - 0x800'0230  0x174

"P2":                              0x20
  CSTACK             0x2000'0000   0x20  <Block>
    CSTACK  uninit   0x2000'0000   0x20  <Block tail>
                   - 0x2000'0020   0x20

Unused ranges:

         From           To      Size
         ----           --      ----
   0x800'0230   0x807'ffff  0x7'fdd0
  0x2000'0020  0x2001'ffff  0x1'ffe0


*******************************************************************************
*** STACK USAGE
***

  Call Graph Root Category  Max Use  Total Use
  ------------------------  -------  ---------
  Program entry                 16         16
  Uncalled function              0          0


Program entry
  "__iar_program_start": 0x800'0221

  Maximum call chain                               16  bytes

    "__iar_program_start"                           8
    "__cmain"                                       0
    "main"                                          8
    "void FieldValueBase<RCC_AHBENR_GPIOCEN_Values<RCC::AHB1ENR, (unsigned int)2, (unsigned int)1, ReadWriteMode, RCC::RCCAHB1ENRBase>, RCC::RCCAHB1ENRBase, (unsigned int)1>::Set<ReadWriteMode, void>()"
                                                    0

Uncalled function
  "InterruptHandler::DummyHandler()": 0x800'01d7

  Maximum call chain                                0  bytes

    "InterruptHandler::DummyHandler()"              0

Uncalled function
  "InterruptHandler::Timer2Handler()": 0x800'01ff

  Maximum call chain                                0  bytes

    "InterruptHandler::Timer2Handler()"             0


*******************************************************************************
*** MODULE SUMMARY
***

    Module            ro code  ro data  rw data
    ------            -------  -------  -------
command line/config:
    -------------------------------------------
    Total:

C:\Users\User\Documents\GitHub\POIP-Hub\3.2\Debug\Obj: [1]
    main.o                248
    startup.o              20      188
    -------------------------------------------
    Total:                268      188

dl7M_tln.a: [2]
    exit.o                  4
    low_level_init.o        4
    -------------------------------------------
    Total:                  8

m7M_tls.a: [3]
    fpinit_M.o             34
    -------------------------------------------
    Total:                 34

rt7M_tl.a: [4]
    cexit.o                10
    cmain.o                30
    -------------------------------------------
    Total:                 40

shb_l.a: [5]
    exit.o                 20
    unwind_debug.o                   1
    -------------------------------------------
    Total:                 20        1

    Gaps                    1
    Linker created                           32
-----------------------------------------------
    Grand Total:          371      189       32


*******************************************************************************
*** ENTRY LIST
***

Entry                       Address  Size  Type      Object
-----                       -------  ----  ----      ------
?main                    0x800'01d9        Code  Gb  cmain.o [4]
CSTACK$$Base            0x2000'0000         --   Gb  - Linker created -
CSTACK$$Limit           0x2000'0020         --   Gb  - Linker created -
Delay()                  0x800'00bd   0xc  Code  Gb  main.o [1]
InterruptHandler::DummyHandler()
                         0x800'01d7   0x2  Code  Gb  startup.o [1]
InterruptHandler::Timer2Handler()
                         0x800'01ff   0x2  Code  Gb  startup.o [1]
Region$$Table$$Base             0x0         --   Gb  - Linker created -
Region$$Table$$Limit            0x0         --   Gb  - Linker created -
__cmain                  0x800'01d9        Code  Gb  cmain.o [4]
__exit                   0x800'020d  0x14  Code  Gb  exit.o [5]
__iar_debug_exceptions   0x800'020a   0x1  Data  Gb  unwind_debug.o [5]
__iar_init_vfp           0x800'01b5        Code  Gb  fpinit_M.o [3]
__iar_program_start      0x800'0221  0x10  Code  Gb  startup.o [1]
__low_level_init         0x800'01f7   0x4  Code  Gb  low_level_init.o [2]
__vector_table           0x800'0000  0xbc  Data  Lc  startup.o [1]
_call_main               0x800'01e5        Code  Gb  cmain.o [4]
_exit                    0x800'0201        Code  Gb  cexit.o [4]
_main                    0x800'01f3        Code  Gb  cmain.o [4]
exit                     0x800'01fb   0x4  Code  Gb  exit.o [2]
main                     0x800'00c9  0x30  Code  Gb  main.o [1]
void FieldValueBase<GPIOC_MODER_MODER_Values<GPIOC::MODER, (unsigned int)10, (unsigned int)2, ReadWriteMode, GPIOC::GPIOCMODERBase>, GPIOC::GPIOCMODERBase, (unsigned int)1>::Set<ReadWriteMode, void>()
                         0x800'010d  0x14  Code  Gb  main.o [1]
void FieldValueBase<GPIOC_MODER_MODER_Values<GPIOC::MODER, (unsigned int)16, (unsigned int)2, ReadWriteMode, GPIOC::GPIOCMODERBase>, GPIOC::GPIOCMODERBase, (unsigned int)1>::Set<ReadWriteMode, void>()
                         0x800'0121  0x14  Code  Gb  main.o [1]
void FieldValueBase<GPIOC_MODER_MODER_Values<GPIOC::MODER, (unsigned int)18, (unsigned int)2, ReadWriteMode, GPIOC::GPIOCMODERBase>, GPIOC::GPIOCMODERBase, (unsigned int)1>::Set<ReadWriteMode, void>()
                         0x800'0135  0x14  Code  Gb  main.o [1]
void FieldValueBase<GPIOC_ODR_ODR_Values<GPIOC::ODR, (unsigned int)5, (unsigned int)1, ReadWriteMode, GPIOC::GPIOCODRBase>, GPIOC::GPIOCODRBase, (unsigned int)0>::Set<ReadWriteMode, void>()
                         0x800'0185  0x10  Code  Gb  main.o [1]
void FieldValueBase<GPIOC_ODR_ODR_Values<GPIOC::ODR, (unsigned int)5, (unsigned int)1, ReadWriteMode, GPIOC::GPIOCODRBase>, GPIOC::GPIOCODRBase, (unsigned int)1>::Set<ReadWriteMode, void>()
                         0x800'0149  0x14  Code  Gb  main.o [1]
void FieldValueBase<GPIOC_ODR_ODR_Values<GPIOC::ODR, (unsigned int)8, (unsigned int)1, ReadWriteMode, GPIOC::GPIOCODRBase>, GPIOC::GPIOCODRBase, (unsigned int)0>::Set<ReadWriteMode, void>()
                         0x800'0195  0x10  Code  Gb  main.o [1]
void FieldValueBase<GPIOC_ODR_ODR_Values<GPIOC::ODR, (unsigned int)8, (unsigned int)1, ReadWriteMode, GPIOC::GPIOCODRBase>, GPIOC::GPIOCODRBase, (unsigned int)1>::Set<ReadWriteMode, void>()
                         0x800'015d  0x14  Code  Gb  main.o [1]
void FieldValueBase<GPIOC_ODR_ODR_Values<GPIOC::ODR, (unsigned int)9, (unsigned int)1, ReadWriteMode, GPIOC::GPIOCODRBase>, GPIOC::GPIOCODRBase, (unsigned int)0>::Set<ReadWriteMode, void>()
                         0x800'01a5  0x10  Code  Gb  main.o [1]
void FieldValueBase<GPIOC_ODR_ODR_Values<GPIOC::ODR, (unsigned int)9, (unsigned int)1, ReadWriteMode, GPIOC::GPIOCODRBase>, GPIOC::GPIOCODRBase, (unsigned int)1>::Set<ReadWriteMode, void>()
                         0x800'0171  0x14  Code  Gb  main.o [1]
void FieldValueBase<RCC_AHBENR_GPIOCEN_Values<RCC::AHB1ENR, (unsigned int)2, (unsigned int)1, ReadWriteMode, RCC::RCCAHB1ENRBase>, RCC::RCCAHB1ENRBase, (unsigned int)1>::Set<ReadWriteMode, void>()
                         0x800'00f9  0x14  Code  Gb  main.o [1]


[1] = C:\Users\User\Documents\GitHub\POIP-Hub\3.2\Debug\Obj
[2] = dl7M_tln.a
[3] = m7M_tls.a
[4] = rt7M_tl.a
[5] = shb_l.a

  371 bytes of readonly  code memory
  189 bytes of readonly  data memory
   32 bytes of readwrite data memory

Errors: none
Warnings: 1
