###############################################################################
#
# IAR ELF Linker V8.40.1.212/W32 for ARM                  27/Feb/2020  23:09:29
# Copyright 2007-2019 IAR Systems AB.
#
#    Output file  =  C:\POIP Hub\7\Lab6Empty\Debug\Exe\Lab6emptyyyyyyyy.out
#    Map file     =  C:\POIP Hub\7\Lab6Empty\Debug\List\Lab6emptyyyyyyyy.map
#    Command line =
#        -f C:\Users\User\AppData\Local\Temp\EW6706.tmp ("C:\POIP
#        Hub\7\Lab6Empty\Debug\Obj\main.o" --no_out_extension -o "C:\POIP
#        Hub\7\Lab6Empty\Debug\Exe\Lab6emptyyyyyyyy.out" --map "C:\POIP
#        Hub\7\Lab6Empty\Debug\List\Lab6emptyyyyyyyy.map" --config "C:\Program
#        Files (x86)\IAR Systems\Embedded Workbench
#        8.3\arm\config\linker\ST\stm32f411xE.icf" --semihosting --entry
#        __iar_program_start --vfe --text_out locale)
#
###############################################################################

*******************************************************************************
*** RUNTIME MODEL ATTRIBUTES
***

CppFlavor                     = *
__CPP_Exceptions              = Disabled
__CPP_Language                = C++14
__Heap_Handler                = DLMalloc
__SystemLibrary               = DLib
__dlib_dynamic_initialization = normal
__dlib_version                = 6


*******************************************************************************
*** HEAP SELECTION
***

The advanced heap was selected because the application calls memory
allocation functions outside of system library functions, and there
are calls to deallocation functions in the application.


*******************************************************************************
*** PLACEMENT SUMMARY
***

"A0":  place at address 0x800'0000 { ro section .intvec };
"P1":  place in [from 0x800'0000 to 0x807'ffff] { ro };
define block CSTACK with size = 8K, alignment = 8 { };
define block HEAP with size = 8K, alignment = 8 { };
"P2":  place in [from 0x2000'0000 to 0x2001'ffff] {
          rw, block CSTACK, block HEAP };
initialize by copy { rw };

  Section                Kind         Address    Size  Object
  -------                ----         -------    ----  ------
"A0":                                            0x40
  .intvec                ro code   0x800'0000    0x40  vector_table_M.o [5]
                                 - 0x800'0040    0x40

"P1":                                          0x5a98
  .text                  ro code   0x800'0040  0x149c  dlmalloc.o [2]
  .text                  ro code   0x800'14dc     0x6  abort.o [2]
  .text                  ro code   0x800'14e2    0x3a  zero_init3.o [5]
  .text                  ro code   0x800'151c    0x2c  xgetmemchunk.o [2]
  .text                  ro code   0x800'1548    0x14  exit.o [6]
  .text                  ro code   0x800'155c    0x7c  iarttio.o [6]
  .text                  ro code   0x800'15d8    0x3c  XShttio.o [2]
  .text                  ro code   0x800'1614   0xfaa  xprintffull_nomb.o [2]
  .text                  ro code   0x800'25be    0x2e  copy_init3.o [5]
  .text                  ro code   0x800'25ec    0x16  strchr.o [5]
  .text                  ro code   0x800'2602     0xa  xsprout.o [2]
  .text                  ro code   0x800'260c    0x40  xfail_s.o [2]
  .text                  ro code   0x800'264c    0x36  strlen.o [5]
  .text                  ro code   0x800'2682     0x6  iostream_cout.o [3]
  .text                  ro code   0x800'2688    0x58  memchr.o [5]
  .text                  ro code   0x800'26e0    0x76  ABImemcpy_unaligned.o [5]
  .rodata                const     0x800'2756     0x2  main.o [1]
  .text                  ro code   0x800'2758    0x70  frexp.o [4]
  .text                  ro code   0x800'27c8    0x2e  DblCmpLe.o [4]
  .text                  ro code   0x800'27f6     0x2  iostream_cout.o [3]
  .text                  ro code   0x800'27f8    0x2e  DblCmpGe.o [4]
  .text                  ro code   0x800'2826     0x2  iostream_cout.o [3]
  .text                  ro code   0x800'2828   0x13a  ldexp.o [4]
  .text                  ro code   0x800'2962     0x2  vector_table_M.o [5]
  .text                  ro code   0x800'2964    0x3a  DblToS32.o [4]
  .rodata                const     0x800'299e     0x1  main.o [1]
  .rodata                const     0x800'299f     0x1  main.o [1]
  .text                  ro code   0x800'29a0    0x22  S32ToDbl.o [4]
  .rodata                const     0x800'29c2     0x1  unwind_debug.o [6]
  .text                  ro code   0x800'29c4    0xe2  DblSub.o [4]
  .text                  ro code   0x800'2aa8   0x246  DblDiv.o [4]
  .text                  ro code   0x800'2cf0    0x28  DblToU32.o [4]
  .text                  ro code   0x800'2d18    0x1a  U32ToDbl.o [4]
  .text                  ro code   0x800'2d34   0x1a2  DblMul.o [4]
  .text                  ro code   0x800'2ed8   0x230  I64DivMod.o [5]
  .text                  ro code   0x800'3108   0x16a  DblAdd.o [4]
  .text                  ro code   0x800'3274     0x2  I64DivZer.o [5]
  .text                  ro code   0x800'3278   0x320  main.o [1]
  .text                  ro code   0x800'3598    0x14  main.o [1]
  .text                  ro code   0x800'35ac    0x10  main.o [1]
  .text                  ro code   0x800'35bc    0x14  main.o [1]
  .text                  ro code   0x800'35d0    0x1c  main.o [1]
  .text                  ro code   0x800'35ec    0x14  main.o [1]
  .text                  ro code   0x800'3600    0x14  main.o [1]
  .text                  ro code   0x800'3614    0x14  main.o [1]
  .text                  ro code   0x800'3628    0x14  main.o [1]
  .text                  ro code   0x800'363c    0x14  main.o [1]
  .text                  ro code   0x800'3650    0x14  main.o [1]
  .text                  ro code   0x800'3664    0x14  main.o [1]
  .text                  ro code   0x800'3678     0xc  main.o [1]
  .text                  ro code   0x800'3684     0xc  main.o [1]
  .text                  ro code   0x800'3690    0x12  main.o [1]
  .text                  ro code   0x800'36a2    0x12  main.o [1]
  .text                  ro code   0x800'36b4    0x14  main.o [1]
  .text                  ro code   0x800'36c8    0x14  main.o [1]
  .text                  ro code   0x800'36dc    0x14  main.o [1]
  .text                  ro code   0x800'36f0    0x14  main.o [1]
  .text                  ro code   0x800'3704    0x14  main.o [1]
  .text                  ro code   0x800'3718    0x14  main.o [1]
  .text                  ro code   0x800'372c    0x14  main.o [1]
  .text                  ro code   0x800'3740    0x10  main.o [1]
  .text                  ro code   0x800'3750    0x10  main.o [1]
  .text                  ro code   0x800'3760    0x14  main.o [1]
  .text                  ro code   0x800'3774    0x14  main.o [1]
  .text                  ro code   0x800'3788    0x10  main.o [1]
  .text                  ro code   0x800'3798     0xc  main.o [1]
  .text                  ro code   0x800'37a4   0x1b2  main.o [1]
  .text                  ro code   0x800'3956    0x9a  main.o [1]
  .text                  ro code   0x800'39f0    0xb0  main.o [1]
  .text                  ro code   0x800'3aa0     0x6  main.o [1]
  .text                  ro code   0x800'3aa8    0x10  main.o [1]
  .text                  ro code   0x800'3ab8    0x10  main.o [1]
  .text                  ro code   0x800'3ac8    0x10  main.o [1]
  .text                  ro code   0x800'3ad8    0x14  main.o [1]
  .text                  ro code   0x800'3aec    0x14  main.o [1]
  .text                  ro code   0x800'3b00    0x14  main.o [1]
  .text                  ro code   0x800'3b14    0x14  main.o [1]
  .text                  ro code   0x800'3b28    0x12  main.o [1]
  .text                  ro code   0x800'3b3a     0x4  main.o [1]
  .text                  ro code   0x800'3b3e    0x72  main.o [1]
  .text                  ro code   0x800'3bb0     0x4  main.o [1]
  .text                  ro code   0x800'3bb4     0x8  main.o [1]
  .text                  ro code   0x800'3bbc     0x4  main.o [1]
  .text                  ro code   0x800'3bc0     0x6  main.o [1]
  .text                  ro code   0x800'3bc6     0x6  main.o [1]
  .text                  ro code   0x800'3bcc     0x4  main.o [1]
  .text                  ro code   0x800'3bd0    0x32  main.o [1]
  .text                  ro code   0x800'3c02    0x12  main.o [1]
  .text                  ro code   0x800'3c14     0xa  main.o [1]
  .text                  ro code   0x800'3c1e     0x8  main.o [1]
  .text                  ro code   0x800'3c26    0x28  main.o [1]
  .text                  ro code   0x800'3c4e     0xe  main.o [1]
  .text                  ro code   0x800'3c5c    0x20  main.o [1]
  .text                  ro code   0x800'3c7c     0x8  main.o [1]
  .text                  ro code   0x800'3c84    0x18  main.o [1]
  .text                  ro code   0x800'3c9c     0x4  main.o [1]
  .text                  ro code   0x800'3ca0    0x48  FltToDbl.o [4]
  .text                  ro code   0x800'3ce8    0x18  main.o [1]
  .text                  ro code   0x800'3d00     0x8  main.o [1]
  .text                  ro code   0x800'3d08    0x14  main.o [1]
  .text                  ro code   0x800'3d1c     0x4  main.o [1]
  .text                  ro code   0x800'3d20    0x54  main.o [1]
  .text                  ro code   0x800'3d74    0x18  main.o [1]
  .text                  ro code   0x800'3d8c     0xe  main.o [1]
  .text                  ro code   0x800'3d9a     0x4  main.o [1]
  .text                  ro code   0x800'3d9e     0x4  main.o [1]
  .text                  ro code   0x800'3da2    0x18  main.o [1]
  .text                  ro code   0x800'3dba     0x8  main.o [1]
  .text                  ro code   0x800'3dc4    0x18  main.o [1]
  .text                  ro code   0x800'3ddc    0x28  main.o [1]
  .text                  ro code   0x800'3e04     0xa  main.o [1]
  .text                  ro code   0x800'3e0e    0x14  main.o [1]
  .text                  ro code   0x800'3e24   0x104  ios.o [3]
  .text                  ro code   0x800'3f28     0x8  main.o [1]
  .text                  ro code   0x800'3f30     0x8  main.o [1]
  .text                  ro code   0x800'3f38    0x54  main.o [1]
  .text                  ro code   0x800'3f8c     0x8  main.o [1]
  .text                  ro code   0x800'3f94     0x4  delop4_0.o [3]
  .text                  ro code   0x800'3f98     0xc  main.o [1]
  .text                  ro code   0x800'3fa4    0x48  main.o [1]
  .text                  ro code   0x800'3fec    0x46  main.o [1]
  .text                  ro code   0x800'4032     0xa  delop_0.o [3]
  .text                  ro code   0x800'403c     0x4  heaptramp0.o [2]
  .text                  ro code   0x800'4040   0x2c0  main.o [1]
  .text                  ro code   0x800'4300    0x22  strcspn.o [2]
  .text                  ro code   0x800'4324    0x20  main.o [1]
  .text                  ro code   0x800'4344     0x6  main.o [1]
  .text                  ro code   0x800'434a    0x2a  main.o [1]
  .text                  ro code   0x800'4374     0xc  main.o [1]
  .text                  ro code   0x800'4380    0x12  main.o [1]
  .text                  ro code   0x800'4394    0x30  main.o [1]
  .text                  ro code   0x800'43c4     0xa  main.o [1]
  .text                  ro code   0x800'43ce     0xa  main.o [1]
  .text                  ro code   0x800'43d8    0x96  main.o [1]
  .text                  ro code   0x800'446e     0xa  main.o [1]
  .text                  ro code   0x800'4478     0xc  main.o [1]
  .text                  ro code   0x800'4484     0xa  main.o [1]
  .text                  ro code   0x800'448e    0x2e  main.o [1]
  .text                  ro code   0x800'44bc    0x2e  main.o [1]
  .text                  ro code   0x800'44ea    0x12  main.o [1]
  .text                  ro code   0x800'44fc    0x18  main.o [1]
  .text                  ro code   0x800'4514     0x8  main.o [1]
  .text                  ro code   0x800'451c    0x7a  main.o [1]
  .text                  ro code   0x800'4596    0x3a  main.o [1]
  .text                  ro code   0x800'45d0     0xc  main.o [1]
  .text                  ro code   0x800'45dc    0x18  main.o [1]
  .text                  ro code   0x800'45f4     0xa  cxxabi.o [3]
  .text                  ro code   0x800'45fe     0xa  main.o [1]
  .text                  ro code   0x800'4608    0x7a  main.o [1]
  .text                  ro code   0x800'4682    0x12  main.o [1]
  .text                  ro code   0x800'4694    0x2a  main.o [1]
  .text                  ro code   0x800'46be    0x28  main.o [1]
  .text                  ro code   0x800'46e6     0xc  main.o [1]
  .text                  ro code   0x800'46f2     0xa  main.o [1]
  .text                  ro code   0x800'46fc     0x2  main.o [1]
  .text                  ro code   0x800'46fe    0x2e  main.o [1]
  .text                  ro code   0x800'472c     0x2  main.o [1]
  .text                  ro code   0x800'472e     0x8  main.o [1]
  .text                  ro code   0x800'4738    0x18  main.o [1]
  .text                  ro code   0x800'4750     0xa  main.o [1]
  .text                  ro code   0x800'475a     0x8  main.o [1]
  .text                  ro code   0x800'4762     0x8  main.o [1]
  .text                  ro code   0x800'476a     0x8  main.o [1]
  .text                  ro code   0x800'4772     0x8  main.o [1]
  .text                  ro code   0x800'477a    0x12  main.o [1]
  .text                  ro code   0x800'478c     0x8  main.o [1]
  .text                  ro code   0x800'4794     0x8  main.o [1]
  .text                  ro code   0x800'479c    0x12  main.o [1]
  .text                  ro code   0x800'47ae     0x8  main.o [1]
  .text                  ro code   0x800'47b8    0xa0  cppinit.o [2]
  .text                  ro code   0x800'4858    0x18  main.o [1]
  .text                  ro code   0x800'4870    0xd6  main.o [1]
  .text                  ro code   0x800'4948    0x78  ABImemmove_unaligned.o [5]
  .text                  ro code   0x800'49c0     0x6  main.o [1]
  .text                  ro code   0x800'49c6    0x10  main.o [1]
  .text                  ro code   0x800'49d6     0x8  main.o [1]
  .text                  ro code   0x800'49de    0x12  main.o [1]
  .text                  ro code   0x800'49f0     0xc  main.o [1]
  .text                  ro code   0x800'49fc    0x1c  main.o [1]
  .text                  ro code   0x800'4a18     0x2  main.o [1]
  .text                  ro code   0x800'4a1a     0x8  main.o [1]
  .text                  ro code   0x800'4a22     0x2  main.o [1]
  .text                  ro code   0x800'4a24     0xc  main.o [1]
  .text                  ro code   0x800'4a30     0x2  main.o [1]
  .text                  ro code   0x800'4a34    0x28  main.o [1]
  .text                  ro code   0x800'4a5c     0x8  main.o [1]
  .text                  ro code   0x800'4a64     0x8  main.o [1]
  .text                  ro code   0x800'4a6c     0x8  main.o [1]
  .text                  ro code   0x800'4a74     0x2  main.o [1]
  .text                  ro code   0x800'4a76    0x18  main.o [1]
  .text                  ro code   0x800'4a90    0x66  ABImemset.o [5]
  .text                  ro code   0x800'4af6     0x2  main.o [1]
  .text                  ro code   0x800'4af8     0x2  main.o [1]
  .text                  ro code   0x800'4afa     0x8  main.o [1]
  .text                  ro code   0x800'4b02     0xa  main.o [1]
  .text                  ro code   0x800'4b0c     0x2  main.o [1]
  .text                  ro code   0x800'4b0e     0x8  main.o [1]
  .text                  ro code   0x800'4b18    0x70  main.o [1]
  .text                  ro code   0x800'4b88     0x4  main.o [1]
  .text                  ro code   0x800'4b8c     0x2  main.o [1]
  .text                  ro code   0x800'4b8e     0x8  main.o [1]
  .text                  ro code   0x800'4b96     0xe  main.o [1]
  .text                  ro code   0x800'4ba4     0x2  main.o [1]
  .text                  ro code   0x800'4ba6    0x18  main.o [1]
  .text                  ro code   0x800'4bbe     0x2  main.o [1]
  .text                  ro code   0x800'4bc0    0x34  main.o [1]
  .text                  ro code   0x800'4bf4    0x1a  main.o [1]
  .text                  ro code   0x800'4c0e     0x6  main.o [1]
  .text                  ro code   0x800'4c14    0x12  main.o [1]
  .text                  ro code   0x800'4c26    0x20  main.o [1]
  .text                  ro code   0x800'4c48    0x24  newop_0.o [3]
  .text                  ro code   0x800'4c6c     0x4  main.o [1]
  .text                  ro code   0x800'4c70     0x4  nomemory.o [3]
  .text                  ro code   0x800'4c74   0x23a  main.o [1]
  .text                  ro code   0x800'4eb0   0x190  main.o [1]
  .text                  ro code   0x800'5040     0x4  main.o [1]
  .text                  ro code   0x800'5044    0x20  DblCmpEq.o [4]
  .text                  ro code   0x800'5064    0xd2  main.o [1]
  .text                  ro code   0x800'5138    0x40  sprintf.o [2]
  .text                  ro code   0x800'5178    0xa0  main.o [1]
  .text                  ro code   0x800'5218    0x90  iostream_cout.o [3]
  .text                  ro code   0x800'52a8    0x5c  iostream_cout.o [3]
  .text                  ro code   0x800'5304    0x7c  main.o [1]
  .text                  ro code   0x800'5380    0x22  main.o [1]
  .text                  ro code   0x800'53a2    0x6c  main.o [1]
  .text                  ro code   0x800'540e    0x76  main.o [1]
  .text                  ro code   0x800'5484    0x60  iostream_cout.o [3]
  .text                  ro code   0x800'54e4    0x58  main.o [1]
  .text                  ro code   0x800'553c    0x52  main.o [1]
  .text                  ro code   0x800'558e    0x32  main.o [1]
  .rodata                const     0x800'55c0    0x44  iostream_cout.o [3]
  .rodata                const     0x800'5604    0x44  iostream_cout.o [3]
  .rodata                const     0x800'5648    0x3c  main.o [1]
  .text                  ro code   0x800'5684    0x38  iostream_cout.o [3]
  .text                  ro code   0x800'56bc    0x20  putchar.o [2]
  .text                  ro code   0x800'56dc    0x10  write.o [6]
  .text                  ro code   0x800'56ec    0x1e  dwrite.o [6]
  .text                  ro code   0x800'570a    0x20  iarwstd.o [6]
  .text                  ro code   0x800'572a    0x22  iarwrite.o [6]
  .rodata                const     0x800'574c    0x30  main.o [1]
  .rodata                const     0x800'577c    0x30  main.o [1]
  .text                  ro code   0x800'57ac    0x2e  main.o [1]
  .text                  ro code   0x800'57da    0x12  main.o [1]
  .rodata                const     0x800'57ec    0x28  main.o [1]
  .rodata                const     0x800'5814    0x28  iostream_cout.o [3]
  .text                  ro code   0x800'583c    0x28  data_init.o [5]
  .rodata                const     0x800'5864    0x24  main.o [1]
  .rodata                const     0x800'5888    0x24  main.o [1]
  .rodata                const     0x800'58ac    0x24  main.o [1]
  .text                  ro code   0x800'58d0    0x24  main.o [1]
  .text                  ro code   0x800'58f4    0x18  main.o [1]
  .text                  ro code   0x800'590c    0x22  fpinit_M.o [4]
  .iar.init_table        const     0x800'5930    0x28  - Linker created -
  .text                  ro code   0x800'5958    0x20  cmain_call_ctors.o [5]
  .text                  ro code   0x800'5978    0x1e  cmain.o [5]
  .text                  ro code   0x800'5996     0x4  exit.o [2]
  .text                  ro code   0x800'599c     0xe  cexit.o [5]
  .text                  ro code   0x800'59ac    0x18  main.o [1]
  .text                  ro code   0x800'59c4    0x18  main.o [1]
  .text                  ro code   0x800'59dc     0x4  delaop_0.o [3]
  .text                  ro code   0x800'59e0    0x14  iostream_cout.o [3]
  Initializer bytes      const     0x800'59f4    0x14  <for P2-1>
  .rodata                const     0x800'5a08    0x10  main.o [1]
  .rodata                const     0x800'5a18    0x10  main.o [1]
  .rodata                const     0x800'5a28    0x10  ios.o [3]
  .rodata                const     0x800'5a38    0x10  iostream_cout.o [3]
  .text                  ro code   0x800'5a48     0xe  main.o [1]
  .text                  ro code   0x800'5a56     0x8  main.o [1]
  .text                  ro code   0x800'5a5e     0xe  iostream_cout.o [3]
  .rodata                const     0x800'5a6c     0xc  main.o [1]
  .rodata                const     0x800'5a78     0xc  main.o [1]
  .text                  ro code   0x800'5a84     0xc  cstartup_M.o [5]
  SHT$$PREINIT_ARRAY               0x800'5a90     0x4  <Block>
    .preinit_array       const     0x800'5a90     0x4  iostream_cout.o [3]
  SHT$$INIT_ARRAY                  0x800'5a94     0x8  <Block>
    .init_array          const     0x800'5a94     0x4  main.o [1]
    .init_array          const     0x800'5a98     0x4  ios.o [3]
  __iar_tls$$INIT_ARRAY            0x800'5a9c     0x0  <Block>
  .text                  ro code   0x800'5a9c     0xa  main.o [1]
  .rodata                const     0x800'5aa8     0x8  main.o [1]
  .rodata                const     0x800'5ab0     0x8  main.o [1]
  .rodata                const     0x800'5ab8     0x8  xprintffull_nomb.o [2]
  .rodata                const     0x800'5ac0     0x4  main.o [1]
  .rodata                const     0x800'5ac4     0x4  main.o [1]
  .rodata                const     0x800'5ac8     0x4  main.o [1]
  .text                  ro code   0x800'5acc     0x4  main.o [1]
  .text                  ro code   0x800'5ad0     0x4  main.o [1]
  .text                  ro code   0x800'5ad4     0x4  iostream_cout.o [3]
  .text                  ro code   0x800'5ad8     0x0  cstart_call_dtors.o [5]
  .rodata                const     0x800'5ad8     0x0  zero_init3.o [5]
  .rodata                const     0x800'5ad8     0x0  copy_init3.o [5]
                                 - 0x800'5ad8  0x5a98

"P2", part 1 of 3:                               0x14
  P2-1                            0x2000'0000    0x14  <Init block>
    .data                inited   0x2000'0000     0x4  main.o [1]
    .data                inited   0x2000'0004     0x4  main.o [1]
    .data                inited   0x2000'0008     0x4  main.o [1]
    .data                inited   0x2000'000c     0x8  XShttio.o [2]
                                - 0x2000'0014    0x14

"P2", part 2 of 3:                              0x2f0
  .bss                   zero     0x2000'0014   0x1d8  dlmalloc.o [2]
  .bss                   zero     0x2000'01ec    0x70  iostream_cout.o [3]
  .bss                   zero     0x2000'025c    0x34  ios.o [3]
  .bss                   zero     0x2000'0290    0x18  dlmalloc.o [2]
  .bss                   zero     0x2000'02a8    0x14  main.o [1]
  .bss                   zero     0x2000'02c0    0x10  ios.o [3]
  .bss                   zero     0x2000'02d0     0x4  main.o [1]
  .bss                   zero     0x2000'02d4     0x4  main.o [1]
  .bss                   zero     0x2000'02d8     0x4  main.o [1]
  .bss                   zero     0x2000'02dc     0x4  main.o [1]
  .bss                   zero     0x2000'02e0     0x4  main.o [1]
  .bss                   zero     0x2000'02e4     0x4  cppinit.o [2]
  .bss                   zero     0x2000'02e8     0x4  cppinit.o [2]
  .bss                   zero     0x2000'02ec     0x4  new.o [3]
  .bss                   zero     0x2000'02f0     0x4  xgetmemchunk.o [2]
  .bss                   zero     0x2000'02f4     0x4  xfail_s.o [2]
  .bss                   zero     0x2000'02f8     0x2  main.o [1]
  .bss                   zero     0x2000'02fa     0x2  main.o [1]
  .bss                   zero     0x2000'02fc     0x2  main.o [1]
  .bss                   zero     0x2000'02fe     0x1  main.o [1]
  .bss                   zero     0x2000'02ff     0x1  main.o [1]
  .bss                   zero     0x2000'0300     0x1  main.o [1]
  .bss                   zero     0x2000'0301     0x1  XShttio.o [2]
                                - 0x2000'0302   0x2ee

"P2", part 3 of 3:                             0x41a4
  .iar.dynexit                    0x2000'0304   0x1a4  <Block>
    .iar.dynexit         uninit   0x2000'0304     0xc  cppinit.o [2]
    .iar.dynexit         uninit   0x2000'0310   0x198  <Block tail>
  CSTACK                          0x2000'04a8  0x2000  <Block>
    CSTACK               uninit   0x2000'04a8  0x2000  <Block tail>
  HEAP                            0x2000'24a8  0x2000  <Block>
    HEAP                 uninit   0x2000'24a8  0x2000  <Block tail>
                                - 0x2000'44a8  0x41a4

Unused ranges:

         From           To      Size
         ----           --      ----
   0x800'5ad8   0x807'ffff  0x7'a528
  0x2000'44a8  0x2001'ffff  0x1'bb58


*******************************************************************************
*** INIT TABLE
***

          Address      Size
          -------      ----
Zero (__iar_zero_init3)
    1 destination range, total size 0x2ee:
          0x2000'0014  0x2ee

Copy (__iar_copy_init3)
    1 source range, total size 0x14:
           0x800'59f4   0x14
    1 destination range, total size 0x14:
          0x2000'0000   0x14

Extra (__iar_cstart_call_ctors)



*******************************************************************************
*** MODULE SUMMARY
***

    Module                  ro code  ro data  rw data
    ------                  -------  -------  -------
command line/config:
    -------------------------------------------------
    Total:

C:\POIP Hub\7\Lab6Empty\Debug\Obj: [1]
    main.o                    7'972      408       61
    -------------------------------------------------
    Total:                    7'972      408       61

dl7M_tln.a: [2]
    XShttio.o                    60        8        9
    abort.o                       6
    cppinit.o                   160                20
    dlmalloc.o                5'276               496
    exit.o                        4
    heaptramp0.o                  4
    putchar.o                    32
    sprintf.o                    64
    strcspn.o                    34
    xfail_s.o                    64                 4
    xgetmemchunk.o               44                 4
    xprintffull_nomb.o        4'010        8
    xsprout.o                    10
    -------------------------------------------------
    Total:                    9'768       16      533

dlpp7M_tl_nc.a: [3]
    cxxabi.o                     10
    delaop_0.o                    4
    delop4_0.o                    4
    delop_0.o                    10
    ios.o                       260       20       68
    iostream_cout.o             436      196      112
    new.o                                           4
    newop_0.o                    36
    nomemory.o                    4
    -------------------------------------------------
    Total:                      764      216      184

m7M_tls.a: [4]
    DblAdd.o                    362
    DblCmpEq.o                   32
    DblCmpGe.o                   46
    DblCmpLe.o                   46
    DblDiv.o                    582
    DblMul.o                    418
    DblSub.o                    226
    DblToS32.o                   58
    DblToU32.o                   40
    FltToDbl.o                   72
    S32ToDbl.o                   34
    U32ToDbl.o                   26
    fpinit_M.o                   34
    frexp.o                     112
    ldexp.o                     314
    -------------------------------------------------
    Total:                    2'402

rt7M_tl.a: [5]
    ABImemcpy_unaligned.o       118
    ABImemmove_unaligned.o      120
    ABImemset.o                 102
    I64DivMod.o                 560
    I64DivZer.o                   2
    cexit.o                      14
    cmain.o                      30
    cmain_call_ctors.o           32
    copy_init3.o                 46
    cstart_call_dtors.o
    cstartup_M.o                 12
    data_init.o                  40
    memchr.o                     88
    strchr.o                     22
    strlen.o                     54
    vector_table_M.o             66
    zero_init3.o                 58
    -------------------------------------------------
    Total:                    1'364

shb_l.a: [6]
    dwrite.o                     30
    exit.o                       20
    iarttio.o                   124
    iarwrite.o                   34
    iarwstd.o                    32
    unwind_debug.o                         1
    write.o                      16
    -------------------------------------------------
    Total:                      256        1

    Gaps                         45        4        4
    Linker created                        40   16'792
-----------------------------------------------------
    Grand Total:             22'571      685   17'574


*******************************************************************************
*** ENTRY LIST
***

Entry                       Address   Size  Type      Object
-----                       -------   ----  ----      ------
.iar.dynexit$$Base      0x2000'0304          --   Gb  - Linker created -
.iar.dynexit$$Limit     0x2000'04a8          --   Gb  - Linker created -
.iar.init_table$$Base    0x800'5930          --   Gb  - Linker created -
.iar.init_table$$Limit   0x800'5958          --   Gb  - Linker created -
?main                    0x800'5979         Code  Gb  cmain.o [5]
CSTACK$$Base            0x2000'04a8          --   Gb  - Linker created -
CSTACK$$Limit           0x2000'24a8          --   Gb  - Linker created -
DtorRecArray            0x2000'0304    0xc  Data  Lc  cppinit.o [2]
HEAP$$Base              0x2000'24a8          --   Gb  - Linker created -
HEAP$$Limit             0x2000'44a8          --   Gb  - Linker created -
Initialization guard variable for std::ctype<char> const & std::use_facet<std::ctype<char>>()::_MyFacet
                        0x2000'02ff    0x1  Data  Gb  main.o [1]
Initialization guard variable for std::num_put<char, std::ostreambuf_iterator<char, std::char_traits<char>>> const & std::use_facet<std::num_put<char, std::ostreambuf_iterator<char, std::char_traits<char>>>>()::_MyFacet
                        0x2000'02fe    0x1  Data  Gb  main.o [1]
Initialization guard variable for std::numpunct<char> const & std::use_facet<std::numpunct<char>>()::_MyFacet
                        0x2000'0300    0x1  Data  Gb  main.o [1]
Region$$Table$$Base      0x800'5930          --   Gb  - Linker created -
Region$$Table$$Limit     0x800'5958          --   Gb  - Linker created -
SHT$$INIT_ARRAY$$Base    0x800'5a94          --   Gb  - Linker created -
SHT$$INIT_ARRAY$$Limit   0x800'5a9c          --   Gb  - Linker created -
SHT$$PREINIT_ARRAY$$Base
                         0x800'5a90          --   Gb  - Linker created -
SHT$$PREINIT_ARRAY$$Limit
                         0x800'5a94          --   Gb  - Linker created -
VddaCal                 0x2000'02e0    0x4  Data  Gb  main.o [1]
VddaCal32               0x2000'02fc    0x2  Data  Gb  main.o [1]
VddaCalPointer          0x2000'0008    0x4  Data  Gb  main.o [1]
Virtual function table for std::_Wrap_facet<std::ctype<char>>
                         0x800'5a18   0x10  Data  Gb  main.o [1]
Virtual function table for std::_Wrap_facet<std::num_put<char, std::ostreambuf_iterator<char, std::char_traits<char>>>>
                         0x800'577c   0x30  Data  Gb  main.o [1]
Virtual function table for std::_Wrap_facet<std::numpunct<char>>
                         0x800'5888   0x24  Data  Gb  main.o [1]
Virtual function table for std::__nobasic_filebuf<char, std::char_traits<char>>
                         0x800'5604   0x44  Data  Gb  iostream_cout.o [3]
Virtual function table for std::ctype<char>
                         0x800'5a08   0x10  Data  Gb  main.o [1]
Virtual function table for std::ios
                         0x800'5a38   0x10  Data  Gb  iostream_cout.o [3]
Virtual function table for std::ios_base
                         0x800'5a28   0x10  Data  Gb  ios.o [3]
Virtual function table for std::num_put<char, std::ostreambuf_iterator<char, std::char_traits<char>>>
                         0x800'574c   0x30  Data  Gb  main.o [1]
Virtual function table for std::numpunct<char>
                         0x800'5864   0x24  Data  Gb  main.o [1]
Virtual function table for std::ostream
                         0x800'5814   0x28  Data  Gb  iostream_cout.o [3]
Virtual function table for std::streambuf
                         0x800'55c0   0x44  Data  Gb  iostream_cout.o [3]
[local to ios_cpp]::std::stdopens
                        0x2000'025c    0xc  Data  Lc  ios.o [3]
[local to ios_cpp]::std::stdstr
                        0x2000'0268   0x28  Data  Lc  ios.o [3]
[local to iostream_cout_cpp]::std::__iarcoutguard
                        0x2000'0218    0x1  Data  Lc  iostream_cout.o [3]
[local to iostream_cout_cpp]::std::fout
                        0x2000'021c   0x40  Data  Lc  iostream_cout.o [3]
_LitobFullNoMb           0x800'23b9  0x10a  Code  Lc  xprintffull_nomb.o [2]
_PrintfFullNoMb          0x800'1615  0xd80  Code  Gb  xprintffull_nomb.o [2]
_PutcharFullNoMb         0x800'2529   0x20  Code  Lc  xprintffull_nomb.o [2]
_PutcharsFullNoMb        0x800'2549   0x2e  Code  Lc  xprintffull_nomb.o [2]
_SProut                  0x800'2603    0xa  Code  Gb  xsprout.o [2]
__aeabi_atexit           0x800'45f5    0xa  Code  Gb  cxxabi.o [3]
__aeabi_cdcmpeq          0x800'5045         Code  Gb  DblCmpEq.o [4]
__aeabi_cdcmple          0x800'27c9         Code  Gb  DblCmpLe.o [4]
__aeabi_cdrcmple         0x800'27f9         Code  Gb  DblCmpGe.o [4]
__aeabi_d2iz             0x800'2965         Code  Gb  DblToS32.o [4]
__aeabi_d2uiz            0x800'2cf1         Code  Gb  DblToU32.o [4]
__aeabi_ddiv             0x800'2aa9         Code  Gb  DblDiv.o [4]
__aeabi_dmul             0x800'2d35         Code  Gb  DblMul.o [4]
__aeabi_dsub             0x800'29c5         Code  Gb  DblSub.o [4]
__aeabi_f2d              0x800'3ca1         Code  Gb  FltToDbl.o [4]
__aeabi_i2d              0x800'29a1         Code  Gb  S32ToDbl.o [4]
__aeabi_ldiv0            0x800'3275         Code  Gb  I64DivZer.o [5]
__aeabi_memset           0x800'4a91         Code  Gb  ABImemset.o [5]
__aeabi_ui2d             0x800'2d19         Code  Gb  U32ToDbl.o [4]
__aeabi_uldivmod         0x800'2ed9         Code  Gb  I64DivMod.o [5]
__call_ctors             0x800'47b9   0x18  Code  Gb  cppinit.o [2]
__call_dtors             0x800'4807    0xc  Code  Gb  cppinit.o [2]
__call_dtors0            0x800'4813   0x36  Code  Gb  cppinit.o [2]
__cexit_call_dtors       0x800'599f         Code  Gb  cexit.o [5]
__cmain                  0x800'5979         Code  Gb  cmain.o [5]
__cstart_call_dtors      0x800'5ad8         Data  Gb  cstart_call_dtors.o [5]
__cxa_atexit             0x800'47d1   0x36  Code  Gb  cppinit.o [2]
__data_GetMemChunk       0x800'151d   0x2c  Code  Gb  xgetmemchunk.o [2]
__data_GetMemChunk::start
                        0x2000'02f0    0x4  Data  Lc  xgetmemchunk.o [2]
__dso_handle            0x2000'02e8    0x4  Data  Gb  cppinit.o [2]
__dwrite                 0x800'56ed   0x1e  Code  Gb  dwrite.o [6]
__exit                   0x800'1549   0x14  Code  Gb  exit.o [6]
__iar_Fail_s             0x800'260d   0x1c  Code  Gb  xfail_s.o [2]
__iar_Memchr             0x800'2689         Code  Gb  memchr.o [5]
__iar_Memset             0x800'4a91         Code  Gb  ABImemset.o [5]
__iar_Memset_word        0x800'4a99         Code  Gb  ABImemset.o [5]
__iar_Strchr             0x800'25ed         Code  Gb  strchr.o [5]
__iar_close_ttio         0x800'155d   0x2c  Code  Gb  iarttio.o [6]
__iar_copy_init3         0x800'25bf   0x2e  Code  Gb  copy_init3.o [5]
__iar_cstart_call_ctors
                         0x800'5959   0x20  Code  Gb  cmain_call_ctors.o [5]
__iar_dadd               0x800'29d5         Code  Gb  DblSub.o [4]
__iar_data_init3         0x800'583d   0x28  Code  Gb  data_init.o [5]
__iar_debug_exceptions   0x800'29c2    0x1  Data  Gb  unwind_debug.o [6]
__iar_dlfree             0x800'0fb7  0x51e  Code  Gb  dlmalloc.o [2]
__iar_dlmalloc           0x800'00c9  0xeee  Code  Gb  dlmalloc.o [2]
__iar_dsub               0x800'3109         Code  Gb  DblAdd.o [4]
__iar_dsubStart          0x800'311b         Code  Gb  DblAdd.o [4]
__iar_frexp              0x800'2765         Code  Gb  frexp.o [4]
__iar_frexpl             0x800'2765         Code  Gb  frexp.o [4]
__iar_get_ttio           0x800'1589   0x4c  Code  Gb  iarttio.o [6]
__iar_init_vfp           0x800'590d         Code  Gb  fpinit_M.o [4]
__iar_ldexp64            0x800'2829         Code  Gb  ldexp.o [4]
__iar_lookup_ttioh       0x800'1607    0x4  Code  Gb  XShttio.o [2]
__iar_program_start      0x800'5a85         Code  Gb  cstartup_M.o [5]
__iar_scalbln64          0x800'2829         Code  Gb  ldexp.o [4]
__iar_scalbn64           0x800'2829         Code  Gb  ldexp.o [4]
__iar_sh_stdout          0x800'570b   0x20  Code  Gb  iarwstd.o [6]
__iar_sh_write           0x800'572b   0x22  Code  Gb  iarwrite.o [6]
__iar_softfp___iar_frexp64
                         0x800'2759         Code  Gb  frexp.o [4]
__iar_softfp_frexp       0x800'2759         Code  Gb  frexp.o [4]
__iar_softfp_frexpl      0x800'2759         Code  Gb  frexp.o [4]
__iar_tls$$INIT_ARRAY$$Base
                         0x800'5a9c          --   Gb  - Linker created -
__iar_tls$$INIT_ARRAY$$Limit
                         0x800'5a9c          --   Gb  - Linker created -
__iar_ttio_guard_lock    0x800'15d9   0x1e  Code  Gb  XShttio.o [2]
__iar_ttio_guard_unlock
                         0x800'15f7   0x10  Code  Gb  XShttio.o [2]
__iar_ttio_handles      0x2000'000c    0x8  Data  Lc  XShttio.o [2]
__iar_unaligned_memcpy   0x800'26e1         Code  Gb  ABImemcpy_unaligned.o [5]
__iar_unaligned_memcpy4
                         0x800'2701         Code  Gb  ABImemcpy_unaligned.o [5]
__iar_unaligned_memcpy8
                         0x800'2701         Code  Gb  ABImemcpy_unaligned.o [5]
__iar_unaligned_memmove
                         0x800'4949         Code  Gb  ABImemmove_unaligned.o [5]
__iar_unaligned_memmove4
                         0x800'4949         Code  Gb  ABImemmove_unaligned.o [5]
__iar_unaligned_memmove8
                         0x800'4949         Code  Gb  ABImemmove_unaligned.o [5]
__iar_zero_init3         0x800'14e3   0x3a  Code  Gb  zero_init3.o [5]
__low_level_init         0x800'32c9   0x76  Code  Gb  main.o [1]
__sti__routine           0x800'3279   0x50  Code  Lc  main.o [1]
__sti__routine           0x800'3e27    0xa  Code  Lc  ios.o [3]
__sti__routine           0x800'5219   0x90  Code  Lc  iostream_cout.o [3]
__vector_table           0x800'0000         Data  Gb  vector_table_M.o [5]
__write                  0x800'56dd   0x10  Code  Gb  write.o [6]
_call_main               0x800'5985         Code  Gb  cmain.o [5]
_exit                    0x800'599d         Code  Gb  cexit.o [5]
_gm_                    0x2000'0014  0x1d8  Data  Lc  dlmalloc.o [2]
_main                    0x800'5993         Code  Gb  cmain.o [5]
abort                    0x800'14dd    0x6  Code  Gb  abort.o [2]
bool FieldValueBase<ADC1_SR_EOC_Values<ADC1::SR, (unsigned int)1, (unsigned int)1, ReadWriteMode, ADC1::ADC1SRBase>, ADC1::ADC1SRBase, (unsigned int)1>::IsSet<ReadWriteMode, void>()
                         0x800'3789   0x10  Code  Gb  main.o [1]
bool FieldValueBase<RCC_CFGR_SWS_Values<RCC::CFGR, (unsigned int)2, (unsigned int)2, ReadMode, RCC::RCCCFGRBase>, RCC::RCCCFGRBase, (unsigned int)1>::IsSet<ReadMode, void>()
                         0x800'35d1   0x1c  Code  Gb  main.o [1]
bool FieldValueBase<RCC_CR_HSERDY_Values<RCC::CR, (unsigned int)17, (unsigned int)1, ReadMode, RCC::RCCCRBase>, RCC::RCCCRBase, (unsigned int)1>::IsSet<ReadMode, void>()
                         0x800'35ad   0x10  Code  Gb  main.o [1]
char * && std::forward<char *>(std::remove_reference<char *>::type &)
                         0x800'4ba5    0x2  Code  Gb  main.o [1]
char * std::_Addressof<char>(char &, std::integral_constant<bool, (bool)0>)
                         0x800'4a23    0x2  Code  Gb  main.o [1]
char * std::_Allocate<char>(unsigned int, char *, bool)
                         0x800'4c15   0x12  Code  Gb  main.o [1]
char * std::_Maklocstr<char>(char const *, char *)
                         0x800'4bc1   0x34  Code  Gb  main.o [1]
char * std::addressof<char>(char &)
                         0x800'4773    0x8  Code  Gb  main.o [1]
char std::_Maklocchr<char>(char, char *)
                         0x800'4b89    0x4  Code  Gb  main.o [1]
const std::allocator<char>& && std::forward<const std::allocator<char>&>(std::remove_reference<const std::allocator<char>&>::type &)
                         0x800'4af9    0x2  Code  Gb  main.o [1]
exit                     0x800'5997    0x4  Code  Gb  exit.o [2]
free                     0x800'403d    0x4  Code  Gb  heaptramp0.o [2]
init_mparams             0x800'005b   0x2c  Code  Lc  dlmalloc.o [2]
init_top                 0x800'0087   0x34  Code  Lc  dlmalloc.o [2]
ldexp                    0x800'2829         Code  Gb  ldexp.o [4]
ldexpl                   0x800'2829         Code  Gb  ldexp.o [4]
main                     0x800'3341  0x1e6  Code  Gb  main.o [1]
memchr                   0x800'2689         Code  Gb  memchr.o [5]
mparams                 0x2000'0290   0x18  Data  Lc  dlmalloc.o [2]
next_abi_dtor_rec       0x2000'02e4    0x4  Data  Lc  cppinit.o [2]
operator delete (void *)
                         0x800'4033    0xa  Code  Gb  delop_0.o [3]
operator delete (void *, unsigned int)
                         0x800'3f95    0x4  Code  Gb  delop4_0.o [3]
operator delete[] (void *)
                         0x800'59dd    0x4  Code  Gb  delaop_0.o [3]
operator new (unsigned int)
                         0x800'4c49   0x24  Code  Gb  newop_0.o [3]
operator new (unsigned int, void *)
                         0x800'4c6d    0x4  Code  Gb  main.o [1]
putchar                  0x800'56bd   0x20  Code  Gb  putchar.o [2]
scalbln                  0x800'2829         Code  Gb  ldexp.o [4]
scalblnl                 0x800'2829         Code  Gb  ldexp.o [4]
scalbn                   0x800'2829         Code  Gb  ldexp.o [4]
scalbnl                  0x800'2829         Code  Gb  ldexp.o [4]
scale                    0x800'24c3   0x46  Code  Lc  xprintffull_nomb.o [2]
sec_hand                0x2000'02f4    0x4  Data  Lc  xfail_s.o [2]
segment_holding          0x800'0041   0x1a  Code  Lc  dlmalloc.o [2]
sprintf                  0x800'5139   0x40  Code  Gb  sprintf.o [2]
std::_Compressed_pair<std::_Wrap_alloc<std::allocator<char>>, std::_String_val<std::_Simple_types<char>>, (bool)1>::_Compressed_pair<const std::allocator<char>&, >(std::_One_then_variadic_args_t, const std::allocator<char>& &&,  &&...)
                         0x800'49fd   0x1c  Code  Gb  main.o [1]
std::_Compressed_pair<std::_Wrap_alloc<std::allocator<char>>, std::_String_val<std::_Simple_types<char>>, (bool)1>::_Get_first()
                         0x800'4a19    0x2  Code  Gb  main.o [1]
std::_Compressed_pair<std::_Wrap_alloc<std::allocator<char>>, std::_String_val<std::_Simple_types<char>>, (bool)1>::_Get_first() const
                         0x800'4b8d    0x2  Code  Gb  main.o [1]
std::_Compressed_pair<std::_Wrap_alloc<std::allocator<char>>, std::_String_val<std::_Simple_types<char>>, (bool)1>::_Get_second()
                         0x800'4a31    0x2  Code  Gb  main.o [1]
std::_Compressed_pair<std::_Wrap_alloc<std::allocator<char>>, std::_String_val<std::_Simple_types<char>>, (bool)1>::_Get_second() const
                         0x800'4af7    0x2  Code  Gb  main.o [1]
std::_Fpz               0x2000'02c0   0x10  Data  Gb  ios.o [3]
std::_NomemoryNothrow()
                         0x800'4c71    0x4  Code  Gb  nomemory.o [3]
std::_String_alloc<std::_String_base_types<char, std::allocator<char>>>::_Bx()
                         0x800'475b    0x8  Code  Gb  main.o [1]
std::_String_alloc<std::_String_base_types<char, std::allocator<char>>>::_Get_data()
                         0x800'4795    0x8  Code  Gb  main.o [1]
std::_String_alloc<std::_String_base_types<char, std::allocator<char>>>::_Get_data() const
                         0x800'49d7    0x8  Code  Gb  main.o [1]
std::_String_alloc<std::_String_base_types<char, std::allocator<char>>>::_Getal()
                         0x800'4763    0x8  Code  Gb  main.o [1]
std::_String_alloc<std::_String_base_types<char, std::allocator<char>>>::_Getal() const
                         0x800'4a5d    0x8  Code  Gb  main.o [1]
std::_String_alloc<std::_String_base_types<char, std::allocator<char>>>::_Myptr()
                         0x800'45d1    0xc  Code  Gb  main.o [1]
std::_String_alloc<std::_String_base_types<char, std::allocator<char>>>::_Myptr() const
                         0x800'46e7    0xc  Code  Gb  main.o [1]
std::_String_alloc<std::_String_base_types<char, std::allocator<char>>>::_Myres()
                         0x800'4751    0xa  Code  Gb  main.o [1]
std::_String_alloc<std::_String_base_types<char, std::allocator<char>>>::_Mysize()
                         0x800'45ff    0xa  Code  Gb  main.o [1]
std::_String_alloc<std::_String_base_types<char, std::allocator<char>>>::_Mysize() const
                         0x800'46f3    0xa  Code  Gb  main.o [1]
std::_String_alloc<std::_String_base_types<char, std::allocator<char>>>::_String_alloc(const std::allocator<char>&)
                         0x800'4739   0x18  Code  Gb  main.o [1]
std::_String_alloc<std::_String_base_types<char, std::allocator<char>>>::_String_alloc(const std::allocator<char>&) [subobject]
                         0x800'4515    0x8  Code  Gb  main.o [1]
std::_String_val<std::_Simple_types<char>>::_Myptr()
                         0x800'479d   0x12  Code  Gb  main.o [1]
std::_String_val<std::_Simple_types<char>>::_Myptr() const
                         0x800'49df   0x12  Code  Gb  main.o [1]
std::_String_val<std::_Simple_types<char>>::_String_val()
                         0x800'4b03    0xa  Code  Gb  main.o [1]
std::_Wrap_alloc<std::allocator<char>>::_Wrap_alloc(const std::allocator<char>&)
                         0x800'4bbf    0x2  Code  Gb  main.o [1]
std::_Wrap_alloc<std::allocator<char>>::_Wrap_alloc(const std::allocator<char>&) [subobject]
                         0x800'4afb    0x8  Code  Gb  main.o [1]
std::_Wrap_alloc<std::allocator<char>>::allocate(unsigned int)
                         0x800'4a6d    0x8  Code  Gb  main.o [1]
std::_Wrap_alloc<std::allocator<char>>::deallocate(char *, unsigned int)
                         0x800'478d    0x8  Code  Gb  main.o [1]
std::_Wrap_alloc<std::allocator<char>>::max_size(std::_Nil) const
                         0x800'4a65    0x8  Code  Gb  main.o [1]
std::_Wrap_facet<std::ctype<char>>::_Wrap_facet()
                         0x800'44fd   0x18  Code  Gb  main.o [1]
std::_Wrap_facet<std::num_put<char, std::ostreambuf_iterator<char, std::char_traits<char>>>>::_Wrap_facet()
                         0x800'3dc5   0x18  Code  Gb  main.o [1]
std::_Wrap_facet<std::numpunct<char>>::_Wrap_facet()
                         0x800'45dd   0x18  Code  Gb  main.o [1]
std::_Wrap_facet<std::numpunct<char>>::~_Wrap_facet()
                         0x800'5a49    0xe  Code  Gb  main.o [1]
std::__iar_New_hand     0x2000'02ec    0x4  Data  Gb  new.o [3]
std::__iar_cout_guard::~__iar_cout_guard()
                         0x800'59e1   0x14  Code  Gb  iostream_cout.o [3]
std::__nobasic_filebuf<char, std::char_traits<char>>::__nobasic_filebuf()
                         0x800'52a9   0x5c  Code  Gb  iostream_cout.o [3]
std::__nobasic_filebuf<char, std::char_traits<char>>::overflow(int)
                         0x800'5685   0x38  Code  Gb  iostream_cout.o [3]
std::allocator<char>::allocate(unsigned int)
                         0x800'4b97    0xe  Code  Gb  main.o [1]
std::allocator<char>::deallocate(char *, unsigned int)
                         0x800'4a25    0xc  Code  Gb  main.o [1]
std::allocator<char>::max_size() const
                         0x800'4c0f    0x6  Code  Gb  main.o [1]
std::allocator_traits<std::allocator<char>>::max_size(const std::allocator<char>&)
                         0x800'4b8f    0x8  Code  Gb  main.o [1]
std::char_traits<char>::assign(char &, char const &)
                         0x800'49c1    0x6  Code  Gb  main.o [1]
std::char_traits<char>::assign(char *, unsigned int, char)
                         0x800'49c7   0x10  Code  Gb  main.o [1]
std::char_traits<char>::copy(char *, char const *, unsigned int)
                         0x800'477b   0x12  Code  Gb  main.o [1]
std::char_traits<char>::eq_int_type(int const &, int const &)
                         0x800'3c03   0x12  Code  Gb  main.o [1]
std::char_traits<char>::length(char const *)
                         0x800'3b29   0x12  Code  Gb  main.o [1]
std::char_traits<char>::move(char *, char const *, unsigned int)
                         0x800'4683   0x12  Code  Gb  main.o [1]
std::char_traits<char>::to_int_type(char const &)
                         0x800'3d9b    0x4  Code  Gb  main.o [1]
std::cout               0x2000'01ec   0x2c  Data  Gb  iostream_cout.o [3]
std::ctype<char> const & std::use_facet<std::ctype<char>>()
                         0x800'4325   0x20  Code  Gb  main.o [1]
std::ctype<char> const & std::use_facet<std::ctype<char>>()::_MyFacet
                        0x2000'02d4    0x4  Data  Gb  main.o [1]
std::ctype<char>::ctype()
                         0x800'49f1    0xc  Code  Gb  main.o [1]
std::ctype<char>::ctype() [subobject]
                         0x800'472f    0x8  Code  Gb  main.o [1]
std::ctype<char>::widen(char const *, char const *, char *) const
                         0x800'4381   0x12  Code  Gb  main.o [1]
std::ctype<char>::widen(char) const
                         0x800'4345    0x6  Code  Gb  main.o [1]
std::ios::clear(std::_Iosb<int>::_Iostate, bool)
                         0x800'3da3   0x18  Code  Gb  main.o [1]
std::ios::fill() const   0x800'3bc7    0x6  Code  Gb  main.o [1]
std::ios::rdbuf() const
                         0x800'3bcd    0x4  Code  Gb  main.o [1]
std::ios::setstate(std::_Iosb<int>::_Iostate, bool)
                         0x800'3c27   0x28  Code  Gb  main.o [1]
std::ios::tie() const    0x800'3d1d    0x4  Code  Gb  main.o [1]
std::ios::widen(char) const
                         0x800'57db   0x12  Code  Gb  main.o [1]
std::ios_base::_Addstd(std::ios_base*)
                         0x800'3e91   0x36  Code  Gb  ios.o [3]
std::ios_base::_Callfns(std::ios_base::event)
                         0x800'3e75   0x1c  Code  Gb  ios.o [3]
std::ios_base::_Init()   0x800'3ed5   0x1c  Code  Gb  ios.o [3]
std::ios_base::_Tidy()   0x800'3ef1   0x38  Code  Gb  ios.o [3]
std::ios_base::clear(std::_Iosb<int>::_Iostate, bool)
                         0x800'3e31   0x20  Code  Gb  ios.o [3]
std::ios_base::flags() const
                         0x800'3bbd    0x4  Code  Gb  main.o [1]
std::ios_base::good() const
                         0x800'3d09   0x14  Code  Gb  main.o [1]
std::ios_base::precision() const
                         0x800'5041    0x4  Code  Gb  main.o [1]
std::ios_base::rdstate() const
                         0x800'3d9f    0x4  Code  Gb  main.o [1]
std::ios_base::width() const
                         0x800'3b3b    0x4  Code  Gb  main.o [1]
std::ios_base::width(int)
                         0x800'3c1f    0x8  Code  Gb  main.o [1]
std::ios_base::~ios_base()
                         0x800'3e51   0x24  Code  Gb  ios.o [3]
std::ios_base::~ios_base() [subobject]
                         0x800'3e25    0x2  Code  Gb  ios.o [3]
std::num_put<char, std::ostreambuf_iterator<char, std::char_traits<char>>> const & std::use_facet<std::num_put<char, std::ostreambuf_iterator<char, std::char_traits<char>>>>()
                         0x800'3c5d   0x20  Code  Gb  main.o [1]
std::num_put<char, std::ostreambuf_iterator<char, std::char_traits<char>>> const & std::use_facet<std::num_put<char, std::ostreambuf_iterator<char, std::char_traits<char>>>>()::_MyFacet
                        0x2000'02d0    0x4  Data  Gb  main.o [1]
std::num_put<char, std::ostreambuf_iterator<char, std::char_traits<char>>>::_Ffmt(char *, char, std::_Iosb<int>::_Fmtflags) const
                         0x800'5065   0xd2  Code  Gb  main.o [1]
std::num_put<char, std::ostreambuf_iterator<char, std::char_traits<char>>>::_Fput(std::ostreambuf_iterator<char, std::char_traits<char>>, std::ios_base &, char, char const *, unsigned int, unsigned int, unsigned int, unsigned int) const
                         0x800'4041  0x2c0  Code  Gb  main.o [1]
std::num_put<char, std::ostreambuf_iterator<char, std::char_traits<char>>>::_Fput(std::ostreambuf_iterator<char, std::char_traits<char>>, std::ios_base &, char, char const *, unsigned int, unsigned int, unsigned int, unsigned int) const::string
                         0x800'5ac4    0x4  Data  Gb  main.o [1]
std::num_put<char, std::ostreambuf_iterator<char, std::char_traits<char>>>::_Fput(std::ostreambuf_iterator<char, std::char_traits<char>>, std::ios_base &, char, char const *, unsigned int, unsigned int, unsigned int, unsigned int) const::string (instance 2)
                         0x800'5ac8    0x4  Data  Gb  main.o [1]
std::num_put<char, std::ostreambuf_iterator<char, std::char_traits<char>>>::_Ifmt(char *, char const *, std::_Iosb<int>::_Fmtflags) const
                         0x800'5179   0xa0  Code  Gb  main.o [1]
std::num_put<char, std::ostreambuf_iterator<char, std::char_traits<char>>>::_Iput(std::ostreambuf_iterator<char, std::char_traits<char>>, std::ios_base &, char, char *, unsigned int) const
                         0x800'4c75  0x23a  Code  Gb  main.o [1]
std::num_put<char, std::ostreambuf_iterator<char, std::char_traits<char>>>::_Put(std::ostreambuf_iterator<char, std::char_traits<char>>, char const *, unsigned int) const
                         0x800'44bd   0x2e  Code  Gb  main.o [1]
std::num_put<char, std::ostreambuf_iterator<char, std::char_traits<char>>>::_Rep(std::ostreambuf_iterator<char, std::char_traits<char>>, char, unsigned int) const
                         0x800'448f   0x2e  Code  Gb  main.o [1]
std::num_put<char, std::ostreambuf_iterator<char, std::char_traits<char>>>::do_put(std::ostreambuf_iterator<char, std::char_traits<char>>, std::ios_base &, char, double) const
                         0x800'4eb1  0x190  Code  Gb  main.o [1]
std::num_put<char, std::ostreambuf_iterator<char, std::char_traits<char>>>::do_put(std::ostreambuf_iterator<char, std::char_traits<char>>, std::ios_base &, char, unsigned long) const
                         0x800'54e5   0x58  Code  Gb  main.o [1]
std::num_put<char, std::ostreambuf_iterator<char, std::char_traits<char>>>::do_put(std::ostreambuf_iterator<char, std::char_traits<char>>, std::ios_base &, char, unsigned long) const::string
                         0x800'5ac0    0x4  Data  Gb  main.o [1]
std::num_put<char, std::ostreambuf_iterator<char, std::char_traits<char>>>::num_put()
                         0x800'3f99    0xc  Code  Gb  main.o [1]
std::num_put<char, std::ostreambuf_iterator<char, std::char_traits<char>>>::num_put() [subobject]
                         0x800'3f29    0x8  Code  Gb  main.o [1]
std::num_put<char, std::ostreambuf_iterator<char, std::char_traits<char>>>::put(std::ostreambuf_iterator<char, std::char_traits<char>>, std::ios_base &, char, double) const
                         0x800'3ce9   0x18  Code  Gb  main.o [1]
std::num_put<char, std::ostreambuf_iterator<char, std::char_traits<char>>>::put(std::ostreambuf_iterator<char, std::char_traits<char>>, std::ios_base &, char, unsigned long) const
                         0x800'3c85   0x18  Code  Gb  main.o [1]
std::numpunct<char> const & std::use_facet<std::numpunct<char>>()
                         0x800'4395   0x30  Code  Gb  main.o [1]
std::numpunct<char> const & std::use_facet<std::numpunct<char>>()::_MyFacet
                        0x2000'02a8   0x14  Data  Gb  main.o [1]
std::numpunct<char>::_Init(bool)
                         0x800'4b19   0x70  Code  Gb  main.o [1]
std::numpunct<char>::_Init(bool)::string
                         0x800'299e    0x1  Data  Gb  main.o [1]
std::numpunct<char>::_Init(bool)::string (instance 2)
                         0x800'5aa8    0x8  Data  Gb  main.o [1]
std::numpunct<char>::_Init(bool)::string (instance 3)
                         0x800'5ab0    0x8  Data  Gb  main.o [1]
std::numpunct<char>::_Tidy()
                         0x800'59c5   0x18  Code  Gb  main.o [1]
std::numpunct<char>::decimal_point() const
                         0x800'446f    0xa  Code  Gb  main.o [1]
std::numpunct<char>::do_decimal_point() const
                         0x800'5acd    0x4  Code  Gb  main.o [1]
std::numpunct<char>::do_grouping() const
                         0x800'5a9d    0xa  Code  Gb  main.o [1]
std::numpunct<char>::do_thousands_sep() const
                         0x800'5ad1    0x4  Code  Gb  main.o [1]
std::numpunct<char>::grouping() const
                         0x800'43c5    0xa  Code  Gb  main.o [1]
std::numpunct<char>::numpunct()
                         0x800'4a35   0x28  Code  Gb  main.o [1]
std::numpunct<char>::numpunct() [subobject]
                         0x800'47af    0x8  Code  Gb  main.o [1]
std::numpunct<char>::thousands_sep() const
                         0x800'43cf    0xa  Code  Gb  main.o [1]
std::numpunct<char>::~numpunct()
                         0x800'59ad   0x18  Code  Gb  main.o [1]
std::numpunct<char>::~numpunct() [subobject]
                         0x800'5a57    0x8  Code  Gb  main.o [1]
std::operator &(std::_Iosb<int>::_Fmtflags, std::_Iosb<int>::_Fmtflags)
                         0x800'3bc1    0x6  Code  Gb  main.o [1]
std::operator |=(std::_Iosb<int>::_Iostate &, std::_Iosb<int>::_Iostate)
                         0x800'3bb5    0x8  Code  Gb  main.o [1]
std::ostream & std::endl<char, std::char_traits<char>>(std::ostream &)
                         0x800'57ad   0x2e  Code  Gb  main.o [1]
std::ostream & std::operator <<<std::char_traits<char>>(std::ostream &, char const *)
                         0x800'37a5  0x1b2  Code  Gb  main.o [1]
std::ostream::_Flush_sentry::_Flush_sentry(std::ostream&)
                         0x800'3ddd   0x28  Code  Gb  main.o [1]
std::ostream::_Flush_sentry::_Flush_sentry(std::ostream&) [subobject]
                         0x800'3d01    0x8  Code  Gb  main.o [1]
std::ostream::_Flush_sentry::operator bool() const
                         0x800'3bb1    0x4  Code  Gb  main.o [1]
std::ostream::_Flush_sentry::~_Flush_sentry()
                         0x800'3e0f   0x14  Code  Gb  main.o [1]
std::ostream::_Flush_sentry::~_Flush_sentry() [subobject]
                         0x800'3dbb    0x8  Code  Gb  main.o [1]
std::ostream::_Osfx()    0x800'3f39   0x54  Code  Gb  main.o [1]
std::ostream::_Sentry_base::_Sentry_base(std::ostream&)
                         0x800'3fa5   0x48  Code  Gb  main.o [1]
std::ostream::_Sentry_base::_Sentry_base(std::ostream&) [subobject]
                         0x800'3f31    0x8  Code  Gb  main.o [1]
std::ostream::_Sentry_base::~_Sentry_base()
                         0x800'3fed   0x46  Code  Gb  main.o [1]
std::ostream::_Sentry_base::~_Sentry_base() [subobject]
                         0x800'3f8d    0x8  Code  Gb  main.o [1]
std::ostream::flush()    0x800'3d21   0x54  Code  Gb  main.o [1]
std::ostream::operator <<(float)
                         0x800'39f1   0xb0  Code  Gb  main.o [1]
std::ostream::operator <<(std::ostream&(*)(std::ostream&))
                         0x800'3aa1    0x6  Code  Gb  main.o [1]
std::ostream::operator <<(unsigned int)
                         0x800'3957   0x9a  Code  Gb  main.o [1]
std::ostream::put(char)
                         0x800'540f   0x76  Code  Gb  main.o [1]
std::ostream::sentry::sentry(std::ostream&)
                         0x800'3b3f   0x72  Code  Gb  main.o [1]
std::ostream::sentry::~sentry()
                         0x800'3c4f    0xe  Code  Gb  main.o [1]
std::ostream::~basic_ostream()
                         0x800'5a5f    0xe  Code  Gb  iostream_cout.o [3]
std::ostreambuf_iterator<char, std::char_traits<char>>::failed() const
                         0x800'3c9d    0x4  Code  Gb  main.o [1]
std::ostreambuf_iterator<char, std::char_traits<char>>::operator *()
                         0x800'46fd    0x2  Code  Gb  main.o [1]
std::ostreambuf_iterator<char, std::char_traits<char>>::operator ++()
                         0x800'472d    0x2  Code  Gb  main.o [1]
std::ostreambuf_iterator<char, std::char_traits<char>>::operator =(char)
                         0x800'46ff   0x2e  Code  Gb  main.o [1]
std::ostreambuf_iterator<char, std::char_traits<char>>::ostreambuf_iterator(std::streambuf *)
                         0x800'3c7d    0x8  Code  Gb  main.o [1]
std::remove_reference<char *&>::type && std::move<char *&>(char *& &&)
                         0x800'4a75    0x2  Code  Gb  main.o [1]
std::streambuf::_Lock()
                         0x800'27f7    0x2  Code  Gb  iostream_cout.o [3]
std::streambuf::_Pnavail() const
                         0x800'3d75   0x18  Code  Gb  main.o [1]
std::streambuf::_Pninc()
                         0x800'3d8d    0xe  Code  Gb  main.o [1]
std::streambuf::_Unlock()
                         0x800'2827    0x2  Code  Gb  iostream_cout.o [3]
std::streambuf::overflow(int)
                         0x800'2683    0x6  Code  Gb  iostream_cout.o [3]
std::streambuf::pubsync()
                         0x800'3e05    0xa  Code  Gb  main.o [1]
std::streambuf::sputc(char)
                         0x800'3bd1   0x32  Code  Gb  main.o [1]
std::streambuf::sputn(char const *, int)
                         0x800'3c15    0xa  Code  Gb  main.o [1]
std::streambuf::sync()   0x800'5ad5    0x4  Code  Gb  iostream_cout.o [3]
std::streambuf::xsputn(char const *, int)
                         0x800'5485   0x60  Code  Gb  iostream_cout.o [3]
std::string::_Chassign(unsigned int, unsigned int, char)
                         0x800'4695   0x2a  Code  Gb  main.o [1]
std::string::_Copy(unsigned int, unsigned int)
                         0x800'4871   0xd6  Code  Gb  main.o [1]
std::string::_Eos(unsigned int)
                         0x800'46bf   0x28  Code  Gb  main.o [1]
std::string::_Grow(unsigned int, bool)
                         0x800'4609   0x7a  Code  Gb  main.o [1]
std::string::_Inside(char const *)
                         0x800'558f   0x32  Code  Gb  main.o [1]
std::string::_Tidy(bool, unsigned int)
                         0x800'451d   0x7a  Code  Gb  main.o [1]
std::string::assign(char const *)
                         0x800'58f5   0x18  Code  Gb  main.o [1]
std::string::assign(char const *, unsigned int)
                         0x800'553d   0x52  Code  Gb  main.o [1]
std::string::assign(const std::string&, unsigned int, unsigned int)
                         0x800'5305   0x7c  Code  Gb  main.o [1]
std::string::assign(unsigned int, char)
                         0x800'4597   0x3a  Code  Gb  main.o [1]
std::string::basic_string(char const *)
                         0x800'58d1   0x24  Code  Gb  main.o [1]
std::string::basic_string(unsigned int, char)
                         0x800'434b   0x2a  Code  Gb  main.o [1]
std::string::erase(unsigned int)
                         0x800'5381   0x22  Code  Gb  main.o [1]
std::string::erase(unsigned int, unsigned int)
                         0x800'53a3   0x6c  Code  Gb  main.o [1]
std::string::insert(unsigned int, unsigned int, char)
                         0x800'43d9   0x96  Code  Gb  main.o [1]
std::string::max_size() const
                         0x800'4859   0x18  Code  Gb  main.o [1]
std::string::operator [](unsigned int)
                         0x800'4375    0xc  Code  Gb  main.o [1]
std::string::operator [](unsigned int) const
                         0x800'4479    0xc  Code  Gb  main.o [1]
std::string::size() const
                         0x800'4485    0xa  Code  Gb  main.o [1]
std::string::~basic_string()
                         0x800'44eb   0x12  Code  Gb  main.o [1]
strchr                   0x800'25ed         Code  Gb  strchr.o [5]
strcspn                  0x800'4301   0x22  Code  Gb  strcspn.o [2]
strlen                   0x800'264d         Code  Gb  strlen.o [5]
tsCal1                  0x2000'02d8    0x4  Data  Gb  main.o [1]
tsCal132                0x2000'02f8    0x2  Data  Gb  main.o [1]
tsCal1Pointer           0x2000'0000    0x4  Data  Gb  main.o [1]
tsCal2                  0x2000'02dc    0x4  Data  Gb  main.o [1]
tsCal232                0x2000'02fa    0x2  Data  Gb  main.o [1]
tsCal2Pointer           0x2000'0004    0x4  Data  Gb  main.o [1]
ttio_guard              0x2000'0301    0x1  Data  Lc  XShttio.o [2]
unsigned int RegisterBase<(unsigned int)1073815628, (unsigned int)32, ReadMode>::Get<ReadMode, void>()
                         0x800'3799    0xc  Code  Gb  main.o [1]
void FieldValueBase<ADC1_CR1_RES_Values<ADC1::CR1, (unsigned int)24, (unsigned int)2, ReadWriteMode, ADC1::ADC1CR1Base>, ADC1::ADC1CR1Base, (unsigned int)1>::Set<ReadWriteMode, void>()
                         0x800'36f1   0x14  Code  Gb  main.o [1]
void FieldValueBase<ADC1_CR2_ADON_Values<ADC1::CR2, (unsigned int)0, (unsigned int)1, ReadWriteMode, ADC1::ADC1CR2Base>, ADC1::ADC1CR2Base, (unsigned int)1>::Set<ReadWriteMode, void>()
                         0x800'3761   0x14  Code  Gb  main.o [1]
void FieldValueBase<ADC1_CR2_EOCS_Values<ADC1::CR2, (unsigned int)10, (unsigned int)1, ReadWriteMode, ADC1::ADC1CR2Base>, ADC1::ADC1CR2Base, (unsigned int)1>::Set<ReadWriteMode, void>()
                         0x800'3705   0x14  Code  Gb  main.o [1]
void FieldValueBase<ADC1_CR2_SWSTART_Values<ADC1::CR2, (unsigned int)30, (unsigned int)1, ReadWriteMode, ADC1::ADC1CR2Base>, ADC1::ADC1CR2Base, (unsigned int)1>::Set<ReadWriteMode, void>()
                         0x800'3775   0x14  Code  Gb  main.o [1]
void FieldValueBase<ADC1_SMPR1_SMPx_x_Values<ADC1::SMPR1, (unsigned int)24, (unsigned int)3, ReadWriteMode, ADC1::ADC1SMPR1Base>, ADC1::ADC1SMPR1Base, (unsigned int)6>::Set<ReadWriteMode, void>()
                         0x800'372d   0x14  Code  Gb  main.o [1]
void FieldValueBase<ADC1_SMPR1_SMPx_x_Values<ADC1::SMPR2, (unsigned int)0, (unsigned int)3, ReadWriteMode, ADC1::ADC1SMPR1Base>, ADC1::ADC1SMPR1Base, (unsigned int)6>::Set<ReadWriteMode, void>()
                         0x800'3719   0x14  Code  Gb  main.o [1]
void FieldValueBase<ADC1_SQR1_L_Values<ADC1::SQR1, (unsigned int)20, (unsigned int)4, ReadWriteMode, ADC1::ADC1SQR1Base>, ADC1::ADC1SQR1Base, (unsigned int)0>::Set<ReadWriteMode, void>()
                         0x800'3741   0x10  Code  Gb  main.o [1]
void FieldValueBase<ADC1_SQR3_SQ1_Values<ADC1::SQR3, (unsigned int)0, (unsigned int)5, ReadWriteMode, ADC1::ADC1SQR3Base>, ADC1::ADC1SQR3Base, (unsigned int)0>::Set<ReadWriteMode, void>()
                         0x800'3751   0x10  Code  Gb  main.o [1]
void FieldValueBase<ADC_Common_CCR_TSVREFE_Values<ADC_Common::CCR, (unsigned int)23, (unsigned int)1, ReadWriteMode, ADC_Common::ADC_CommonCCRBase>, ADC_Common::ADC_CommonCCRBase, (unsigned int)1>::Set<ReadWriteMode, void>()
                         0x800'36dd   0x14  Code  Gb  main.o [1]
void FieldValueBase<GPIOA_MODER_MODER0_Values<GPIOA::MODER, (unsigned int)0, (unsigned int)2, ReadWriteMode, GPIOA::GPIOAMODERBase>, GPIOA::GPIOAMODERBase, (unsigned int)3>::Set<ReadWriteMode, void>()
                         0x800'3615   0x14  Code  Gb  main.o [1]
void FieldValueBase<GPIOA_MODER_MODER15_Values<GPIOA::MODER, (unsigned int)10, (unsigned int)2, ReadWriteMode, GPIOA::GPIOAMODERBase>, GPIOA::GPIOAMODERBase, (unsigned int)1>::Set<ReadWriteMode, void>()
                         0x800'3629   0x14  Code  Gb  main.o [1]
void FieldValueBase<GPIOA_ODR_ODR5_Values<GPIOA::ODR, (unsigned int)5, (unsigned int)1, ReadWriteMode, GPIOA::GPIOAODRBase>, GPIOA::GPIOAODRBase, (unsigned int)1>::Set<ReadWriteMode, void>()
                         0x800'3ad9   0x14  Code  Gb  main.o [1]
void FieldValueBase<GPIOC_MODER_MODER15_Values<GPIOC::MODER, (unsigned int)10, (unsigned int)2, ReadWriteMode, GPIOC::GPIOCMODERBase>, GPIOC::GPIOCMODERBase, (unsigned int)1>::Set<ReadWriteMode, void>()
                         0x800'363d   0x14  Code  Gb  main.o [1]
void FieldValueBase<GPIOC_MODER_MODER15_Values<GPIOC::MODER, (unsigned int)16, (unsigned int)2, ReadWriteMode, GPIOC::GPIOCMODERBase>, GPIOC::GPIOCMODERBase, (unsigned int)1>::Set<ReadWriteMode, void>()
                         0x800'3651   0x14  Code  Gb  main.o [1]
void FieldValueBase<GPIOC_MODER_MODER15_Values<GPIOC::MODER, (unsigned int)18, (unsigned int)2, ReadWriteMode, GPIOC::GPIOCMODERBase>, GPIOC::GPIOCMODERBase, (unsigned int)1>::Set<ReadWriteMode, void>()
                         0x800'3665   0x14  Code  Gb  main.o [1]
void FieldValueBase<GPIOC_ODR_ODR5_Values<GPIOC::ODR, (unsigned int)5, (unsigned int)1, ReadWriteMode, GPIOC::GPIOCODRBase>, GPIOC::GPIOCODRBase, (unsigned int)0>::Set<ReadWriteMode, void>()
                         0x800'3aa9   0x10  Code  Gb  main.o [1]
void FieldValueBase<GPIOC_ODR_ODR5_Values<GPIOC::ODR, (unsigned int)5, (unsigned int)1, ReadWriteMode, GPIOC::GPIOCODRBase>, GPIOC::GPIOCODRBase, (unsigned int)1>::Set<ReadWriteMode, void>()
                         0x800'3b15   0x14  Code  Gb  main.o [1]
void FieldValueBase<GPIOC_ODR_ODR8_Values<GPIOC::ODR, (unsigned int)8, (unsigned int)1, ReadWriteMode, GPIOC::GPIOCODRBase>, GPIOC::GPIOCODRBase, (unsigned int)0>::Set<ReadWriteMode, void>()
                         0x800'3ac9   0x10  Code  Gb  main.o [1]
void FieldValueBase<GPIOC_ODR_ODR8_Values<GPIOC::ODR, (unsigned int)8, (unsigned int)1, ReadWriteMode, GPIOC::GPIOCODRBase>, GPIOC::GPIOCODRBase, (unsigned int)1>::Set<ReadWriteMode, void>()
                         0x800'3b01   0x14  Code  Gb  main.o [1]
void FieldValueBase<GPIOC_ODR_ODR9_Values<GPIOC::ODR, (unsigned int)9, (unsigned int)1, ReadWriteMode, GPIOC::GPIOCODRBase>, GPIOC::GPIOCODRBase, (unsigned int)0>::Set<ReadWriteMode, void>()
                         0x800'3ab9   0x10  Code  Gb  main.o [1]
void FieldValueBase<GPIOC_ODR_ODR9_Values<GPIOC::ODR, (unsigned int)9, (unsigned int)1, ReadWriteMode, GPIOC::GPIOCODRBase>, GPIOC::GPIOCODRBase, (unsigned int)1>::Set<ReadWriteMode, void>()
                         0x800'3aed   0x14  Code  Gb  main.o [1]
void FieldValueBase<RCC_AHB1ENR_DMA2EN_Values<RCC::AHB1ENR, (unsigned int)2, (unsigned int)1, ReadWriteMode, RCC::RCCAHB1ENRBase>, RCC::RCCAHB1ENRBase, (unsigned int)1>::Set<ReadWriteMode, void>()
                         0x800'3601   0x14  Code  Gb  main.o [1]
void FieldValueBase<RCC_AHB1ENR_DMA2EN_Values<RCC::APB2ENR, (unsigned int)8, (unsigned int)1, ReadWriteMode, RCC::RCCAPB2ENRBase>, RCC::RCCAPB2ENRBase, (unsigned int)1>::Set<ReadWriteMode, void>()
                         0x800'36c9   0x14  Code  Gb  main.o [1]
void FieldValueBase<RCC_AHB1ENR_GPIOAEN_Values<RCC::AHB1ENR, (unsigned int)0, (unsigned int)1, ReadWriteMode, RCC::RCCAHB1ENRBase>, RCC::RCCAHB1ENRBase, (unsigned int)1>::Set<ReadWriteMode, void>()
                         0x800'35ed   0x14  Code  Gb  main.o [1]
void FieldValueBase<RCC_CFGR_SW_Values<RCC::CFGR, (unsigned int)0, (unsigned int)2, ReadWriteMode, RCC::RCCCFGRBase>, RCC::RCCCFGRBase, (unsigned int)1>::Set<ReadWriteMode, void>()
                         0x800'35bd   0x14  Code  Gb  main.o [1]
void FieldValueBase<RCC_CR_HSEON_Values<RCC::CR, (unsigned int)16, (unsigned int)1, ReadWriteMode, RCC::RCCCRBase>, RCC::RCCCRBase, (unsigned int)1>::Set<ReadWriteMode, void>()
                         0x800'3599   0x14  Code  Gb  main.o [1]
void FieldValueBase<TIM2_CR1_CEN_Values<TIM2::CR1, (unsigned int)0, (unsigned int)1, ReadWriteMode, TIM2::TIM2CR1Base>, TIM2::TIM2CR1Base, (unsigned int)1>::Set<ReadWriteMode, void>()
                         0x800'36a3   0x12  Code  Gb  main.o [1]
void FieldValueBase<TIM2_CR1_URS_Values<TIM2::CR1, (unsigned int)2, (unsigned int)1, ReadWriteMode, TIM2::TIM2CR1Base>, TIM2::TIM2CR1Base, (unsigned int)1>::Set<ReadWriteMode, void>()
                         0x800'3691   0x12  Code  Gb  main.o [1]
void FieldValueBase<TIM2_DIER_UIE_Values<TIM2::DIER, (unsigned int)0, (unsigned int)1, ReadWriteMode, TIM2::TIM2DIERBase>, TIM2::TIM2DIERBase, (unsigned int)1>::Set<ReadWriteMode, void>()
                         0x800'36b5   0x14  Code  Gb  main.o [1]
void RegisterBase<(unsigned int)1073741864, (unsigned int)32, ReadWriteMode>::Write<ReadWriteMode, void>(unsigned int)
                         0x800'3679    0xc  Code  Gb  main.o [1]
void RegisterBase<(unsigned int)1073741868, (unsigned int)32, ReadWriteMode>::Write<ReadWriteMode, void>(unsigned int)
                         0x800'3685    0xc  Code  Gb  main.o [1]
void std::_Deallocate<char>(char *, unsigned int)
                         0x800'4b0f    0x8  Code  Gb  main.o [1]
void std::_Wrap_alloc<std::allocator<char>>::construct<char *, char *>(char * *, char * &&...)
                         0x800'4a77   0x18  Code  Gb  main.o [1]
void std::_Wrap_alloc<std::allocator<char>>::destroy<char *>(char * *)
                         0x800'476b    0x8  Code  Gb  main.o [1]
void std::allocator<char>::construct<char *, char *>(char * *, char * &&...)
                         0x800'4c27   0x20  Code  Gb  main.o [1]
void std::allocator<char>::destroy<char *>(char * *)
                         0x800'4b0d    0x2  Code  Gb  main.o [1]
void std::allocator_traits<std::allocator<char>>::construct<char *, char *>(std::allocator<char>&, char * *, char * &&...)
                         0x800'4ba7   0x18  Code  Gb  main.o [1]
void std::allocator_traits<std::allocator<char>>::destroy<char *>(std::allocator<char>&, char * *)
                         0x800'4a1b    0x8  Code  Gb  main.o [1]
void std::numpunct<char>::_Getvals<char>(char)
                         0x800'4bf5   0x1a  Code  Gb  main.o [1]


[1] = C:\POIP Hub\7\Lab6Empty\Debug\Obj
[2] = dl7M_tln.a
[3] = dlpp7M_tl_nc.a
[4] = m7M_tls.a
[5] = rt7M_tl.a
[6] = shb_l.a

  22'571 bytes of readonly  code memory
     685 bytes of readonly  data memory
  17'574 bytes of readwrite data memory

Errors: none
Warnings: none
