###############################################################################
#
# IAR ELF Linker V8.40.1.212/W32 for ARM                  28/Feb/2020  22:44:26
# Copyright 2007-2019 IAR Systems AB.
#
#    Output file  =  C:\POIP Hub\7\Lab6Empty\Debug\Exe\Lab6emptyyyyyyyy.out
#    Map file     =  C:\POIP Hub\7\Lab6Empty\Debug\List\Lab6emptyyyyyyyy.map
#    Command line =
#        -f C:\Users\User\AppData\Local\Temp\EWD6BB.tmp ("C:\POIP
#        Hub\7\Lab6Empty\Debug\Obj\main.o" --no_out_extension -o "C:\POIP
#        Hub\7\Lab6Empty\Debug\Exe\Lab6emptyyyyyyyy.out" --map "C:\POIP
#        Hub\7\Lab6Empty\Debug\List\Lab6emptyyyyyyyy.map" --config "C:\Program
#        Files (x86)\IAR Systems\Embedded Workbench
#        8.3\arm\config\linker\ST\stm32f411xE.icf" --semihosting --entry
#        __iar_program_start --vfe --text_out locale)
#
###############################################################################

*******************************************************************************
*** RUNTIME MODEL ATTRIBUTES
***

CppFlavor                     = *
__CPP_Exceptions              = Disabled
__CPP_Language                = C++14
__Heap_Handler                = DLMalloc
__SystemLibrary               = DLib
__dlib_dynamic_initialization = normal
__dlib_version                = 6


*******************************************************************************
*** HEAP SELECTION
***

The advanced heap was selected because the application calls memory
allocation functions outside of system library functions, and there
are calls to deallocation functions in the application.


*******************************************************************************
*** PLACEMENT SUMMARY
***

"A0":  place at address 0x800'0000 { ro section .intvec };
"P1":  place in [from 0x800'0000 to 0x807'ffff] { ro };
define block CSTACK with size = 8K, alignment = 8 { };
define block HEAP with size = 8K, alignment = 8 { };
"P2":  place in [from 0x2000'0000 to 0x2001'ffff] {
          rw, block CSTACK, block HEAP };
initialize by copy { rw };

  Section                Kind         Address    Size  Object
  -------                ----         -------    ----  ------
"A0":                                            0x40
  .intvec                ro code   0x800'0000    0x40  vector_table_M.o [5]
                                 - 0x800'0040    0x40

"P1":                                          0x5a9c
  .text                  ro code   0x800'0040  0x149c  dlmalloc.o [2]
  .text                  ro code   0x800'14dc     0x6  abort.o [2]
  .text                  ro code   0x800'14e2    0x3a  zero_init3.o [5]
  .text                  ro code   0x800'151c    0x2c  xgetmemchunk.o [2]
  .text                  ro code   0x800'1548    0x14  exit.o [6]
  .text                  ro code   0x800'155c    0x7c  iarttio.o [6]
  .text                  ro code   0x800'15d8    0x3c  XShttio.o [2]
  .text                  ro code   0x800'1614   0xfaa  xprintffull_nomb.o [2]
  .text                  ro code   0x800'25be    0x2e  copy_init3.o [5]
  .text                  ro code   0x800'25ec    0x16  strchr.o [5]
  .text                  ro code   0x800'2602     0xa  xsprout.o [2]
  .text                  ro code   0x800'260c    0x40  xfail_s.o [2]
  .text                  ro code   0x800'264c    0x36  strlen.o [5]
  .text                  ro code   0x800'2682     0x6  iostream_cout.o [3]
  .text                  ro code   0x800'2688    0x58  memchr.o [5]
  .text                  ro code   0x800'26e0    0x76  ABImemcpy_unaligned.o [5]
  .rodata                const     0x800'2756     0x2  main.o [1]
  .text                  ro code   0x800'2758    0x70  frexp.o [4]
  .text                  ro code   0x800'27c8    0x2e  DblCmpLe.o [4]
  .text                  ro code   0x800'27f6     0x2  iostream_cout.o [3]
  .text                  ro code   0x800'27f8    0x2e  DblCmpGe.o [4]
  .text                  ro code   0x800'2826     0x2  iostream_cout.o [3]
  .text                  ro code   0x800'2828   0x13a  ldexp.o [4]
  .text                  ro code   0x800'2962     0x2  vector_table_M.o [5]
  .text                  ro code   0x800'2964    0x3a  DblToS32.o [4]
  .rodata                const     0x800'299e     0x1  main.o [1]
  .rodata                const     0x800'299f     0x1  main.o [1]
  .text                  ro code   0x800'29a0    0x22  S32ToDbl.o [4]
  .rodata                const     0x800'29c2     0x1  unwind_debug.o [6]
  .text                  ro code   0x800'29c4    0xe2  DblSub.o [4]
  .text                  ro code   0x800'2aa8   0x246  DblDiv.o [4]
  .text                  ro code   0x800'2cf0    0x28  DblToU32.o [4]
  .text                  ro code   0x800'2d18    0x1a  U32ToDbl.o [4]
  .text                  ro code   0x800'2d34   0x1a2  DblMul.o [4]
  .text                  ro code   0x800'2ed8   0x230  I64DivMod.o [5]
  .text                  ro code   0x800'3108   0x16a  DblAdd.o [4]
  .text                  ro code   0x800'3274     0x2  I64DivZer.o [5]
  .text                  ro code   0x800'3278   0x320  main.o [1]
  .text                  ro code   0x800'3598    0x14  main.o [1]
  .text                  ro code   0x800'35ac    0x10  main.o [1]
  .text                  ro code   0x800'35bc    0x14  main.o [1]
  .text                  ro code   0x800'35d0    0x1c  main.o [1]
  .text                  ro code   0x800'35ec    0x14  main.o [1]
  .text                  ro code   0x800'3600    0x14  main.o [1]
  .text                  ro code   0x800'3614    0x14  main.o [1]
  .text                  ro code   0x800'3628    0x14  main.o [1]
  .text                  ro code   0x800'363c    0x14  main.o [1]
  .text                  ro code   0x800'3650    0x14  main.o [1]
  .text                  ro code   0x800'3664    0x14  main.o [1]
  .text                  ro code   0x800'3678     0xc  main.o [1]
  .text                  ro code   0x800'3684     0xc  main.o [1]
  .text                  ro code   0x800'3690    0x12  main.o [1]
  .text                  ro code   0x800'36a2    0x12  main.o [1]
  .text                  ro code   0x800'36b4    0x14  main.o [1]
  .text                  ro code   0x800'36c8    0x14  main.o [1]
  .text                  ro code   0x800'36dc    0x14  main.o [1]
  .text                  ro code   0x800'36f0    0x14  main.o [1]
  .text                  ro code   0x800'3704    0x14  main.o [1]
  .text                  ro code   0x800'3718    0x14  main.o [1]
  .text                  ro code   0x800'372c    0x14  main.o [1]
  .text                  ro code   0x800'3740    0x14  main.o [1]
  .text                  ro code   0x800'3754    0x10  main.o [1]
  .text                  ro code   0x800'3764    0x14  main.o [1]
  .text                  ro code   0x800'3778    0x14  main.o [1]
  .text                  ro code   0x800'378c    0x10  main.o [1]
  .text                  ro code   0x800'379c     0xc  main.o [1]
  .text                  ro code   0x800'37a8   0x1b2  main.o [1]
  .text                  ro code   0x800'395a    0x9a  main.o [1]
  .text                  ro code   0x800'39f4    0xb0  main.o [1]
  .text                  ro code   0x800'3aa4     0x6  main.o [1]
  .text                  ro code   0x800'3aac    0x10  main.o [1]
  .text                  ro code   0x800'3abc    0x10  main.o [1]
  .text                  ro code   0x800'3acc    0x10  main.o [1]
  .text                  ro code   0x800'3adc    0x14  main.o [1]
  .text                  ro code   0x800'3af0    0x14  main.o [1]
  .text                  ro code   0x800'3b04    0x14  main.o [1]
  .text                  ro code   0x800'3b18    0x14  main.o [1]
  .text                  ro code   0x800'3b2c    0x12  main.o [1]
  .text                  ro code   0x800'3b3e     0x4  main.o [1]
  .text                  ro code   0x800'3b42    0x72  main.o [1]
  .text                  ro code   0x800'3bb4     0x4  main.o [1]
  .text                  ro code   0x800'3bb8     0x8  main.o [1]
  .text                  ro code   0x800'3bc0     0x4  main.o [1]
  .text                  ro code   0x800'3bc4     0x6  main.o [1]
  .text                  ro code   0x800'3bca     0x6  main.o [1]
  .text                  ro code   0x800'3bd0     0x4  main.o [1]
  .text                  ro code   0x800'3bd4    0x32  main.o [1]
  .text                  ro code   0x800'3c06    0x12  main.o [1]
  .text                  ro code   0x800'3c18     0xa  main.o [1]
  .text                  ro code   0x800'3c22     0x8  main.o [1]
  .text                  ro code   0x800'3c2a    0x28  main.o [1]
  .text                  ro code   0x800'3c52     0xe  main.o [1]
  .text                  ro code   0x800'3c60    0x20  main.o [1]
  .text                  ro code   0x800'3c80     0x8  main.o [1]
  .text                  ro code   0x800'3c88    0x18  main.o [1]
  .text                  ro code   0x800'3ca0     0x4  main.o [1]
  .text                  ro code   0x800'3ca4    0x48  FltToDbl.o [4]
  .text                  ro code   0x800'3cec    0x18  main.o [1]
  .text                  ro code   0x800'3d04     0x8  main.o [1]
  .text                  ro code   0x800'3d0c    0x14  main.o [1]
  .text                  ro code   0x800'3d20     0x4  main.o [1]
  .text                  ro code   0x800'3d24    0x54  main.o [1]
  .text                  ro code   0x800'3d78    0x18  main.o [1]
  .text                  ro code   0x800'3d90     0xe  main.o [1]
  .text                  ro code   0x800'3d9e     0x4  main.o [1]
  .text                  ro code   0x800'3da2     0x4  main.o [1]
  .text                  ro code   0x800'3da6    0x18  main.o [1]
  .text                  ro code   0x800'3dbe     0x8  main.o [1]
  .text                  ro code   0x800'3dc8    0x18  main.o [1]
  .text                  ro code   0x800'3de0    0x28  main.o [1]
  .text                  ro code   0x800'3e08     0xa  main.o [1]
  .text                  ro code   0x800'3e12    0x14  main.o [1]
  .text                  ro code   0x800'3e28   0x104  ios.o [3]
  .text                  ro code   0x800'3f2c     0x8  main.o [1]
  .text                  ro code   0x800'3f34     0x8  main.o [1]
  .text                  ro code   0x800'3f3c    0x54  main.o [1]
  .text                  ro code   0x800'3f90     0x8  main.o [1]
  .text                  ro code   0x800'3f98     0x4  delop4_0.o [3]
  .text                  ro code   0x800'3f9c     0xc  main.o [1]
  .text                  ro code   0x800'3fa8    0x48  main.o [1]
  .text                  ro code   0x800'3ff0    0x46  main.o [1]
  .text                  ro code   0x800'4036     0xa  delop_0.o [3]
  .text                  ro code   0x800'4040     0x4  heaptramp0.o [2]
  .text                  ro code   0x800'4044   0x2c0  main.o [1]
  .text                  ro code   0x800'4304    0x22  strcspn.o [2]
  .text                  ro code   0x800'4328    0x20  main.o [1]
  .text                  ro code   0x800'4348     0x6  main.o [1]
  .text                  ro code   0x800'434e    0x2a  main.o [1]
  .text                  ro code   0x800'4378     0xc  main.o [1]
  .text                  ro code   0x800'4384    0x12  main.o [1]
  .text                  ro code   0x800'4398    0x30  main.o [1]
  .text                  ro code   0x800'43c8     0xa  main.o [1]
  .text                  ro code   0x800'43d2     0xa  main.o [1]
  .text                  ro code   0x800'43dc    0x96  main.o [1]
  .text                  ro code   0x800'4472     0xa  main.o [1]
  .text                  ro code   0x800'447c     0xc  main.o [1]
  .text                  ro code   0x800'4488     0xa  main.o [1]
  .text                  ro code   0x800'4492    0x2e  main.o [1]
  .text                  ro code   0x800'44c0    0x2e  main.o [1]
  .text                  ro code   0x800'44ee    0x12  main.o [1]
  .text                  ro code   0x800'4500    0x18  main.o [1]
  .text                  ro code   0x800'4518     0x8  main.o [1]
  .text                  ro code   0x800'4520    0x7a  main.o [1]
  .text                  ro code   0x800'459a    0x3a  main.o [1]
  .text                  ro code   0x800'45d4     0xc  main.o [1]
  .text                  ro code   0x800'45e0    0x18  main.o [1]
  .text                  ro code   0x800'45f8     0xa  cxxabi.o [3]
  .text                  ro code   0x800'4602     0xa  main.o [1]
  .text                  ro code   0x800'460c    0x7a  main.o [1]
  .text                  ro code   0x800'4686    0x12  main.o [1]
  .text                  ro code   0x800'4698    0x2a  main.o [1]
  .text                  ro code   0x800'46c2    0x28  main.o [1]
  .text                  ro code   0x800'46ea     0xc  main.o [1]
  .text                  ro code   0x800'46f6     0xa  main.o [1]
  .text                  ro code   0x800'4700     0x2  main.o [1]
  .text                  ro code   0x800'4702    0x2e  main.o [1]
  .text                  ro code   0x800'4730     0x2  main.o [1]
  .text                  ro code   0x800'4732     0x8  main.o [1]
  .text                  ro code   0x800'473c    0x18  main.o [1]
  .text                  ro code   0x800'4754     0xa  main.o [1]
  .text                  ro code   0x800'475e     0x8  main.o [1]
  .text                  ro code   0x800'4766     0x8  main.o [1]
  .text                  ro code   0x800'476e     0x8  main.o [1]
  .text                  ro code   0x800'4776     0x8  main.o [1]
  .text                  ro code   0x800'477e    0x12  main.o [1]
  .text                  ro code   0x800'4790     0x8  main.o [1]
  .text                  ro code   0x800'4798     0x8  main.o [1]
  .text                  ro code   0x800'47a0    0x12  main.o [1]
  .text                  ro code   0x800'47b2     0x8  main.o [1]
  .text                  ro code   0x800'47bc    0xa0  cppinit.o [2]
  .text                  ro code   0x800'485c    0x18  main.o [1]
  .text                  ro code   0x800'4874    0xd6  main.o [1]
  .text                  ro code   0x800'494c    0x78  ABImemmove_unaligned.o [5]
  .text                  ro code   0x800'49c4     0x6  main.o [1]
  .text                  ro code   0x800'49ca    0x10  main.o [1]
  .text                  ro code   0x800'49da     0x8  main.o [1]
  .text                  ro code   0x800'49e2    0x12  main.o [1]
  .text                  ro code   0x800'49f4     0xc  main.o [1]
  .text                  ro code   0x800'4a00    0x1c  main.o [1]
  .text                  ro code   0x800'4a1c     0x2  main.o [1]
  .text                  ro code   0x800'4a1e     0x8  main.o [1]
  .text                  ro code   0x800'4a26     0x2  main.o [1]
  .text                  ro code   0x800'4a28     0xc  main.o [1]
  .text                  ro code   0x800'4a34     0x2  main.o [1]
  .text                  ro code   0x800'4a38    0x28  main.o [1]
  .text                  ro code   0x800'4a60     0x8  main.o [1]
  .text                  ro code   0x800'4a68     0x8  main.o [1]
  .text                  ro code   0x800'4a70     0x8  main.o [1]
  .text                  ro code   0x800'4a78     0x2  main.o [1]
  .text                  ro code   0x800'4a7a    0x18  main.o [1]
  .text                  ro code   0x800'4a94    0x66  ABImemset.o [5]
  .text                  ro code   0x800'4afa     0x2  main.o [1]
  .text                  ro code   0x800'4afc     0x2  main.o [1]
  .text                  ro code   0x800'4afe     0x8  main.o [1]
  .text                  ro code   0x800'4b06     0xa  main.o [1]
  .text                  ro code   0x800'4b10     0x2  main.o [1]
  .text                  ro code   0x800'4b12     0x8  main.o [1]
  .text                  ro code   0x800'4b1c    0x70  main.o [1]
  .text                  ro code   0x800'4b8c     0x4  main.o [1]
  .text                  ro code   0x800'4b90     0x2  main.o [1]
  .text                  ro code   0x800'4b92     0x8  main.o [1]
  .text                  ro code   0x800'4b9a     0xe  main.o [1]
  .text                  ro code   0x800'4ba8     0x2  main.o [1]
  .text                  ro code   0x800'4baa    0x18  main.o [1]
  .text                  ro code   0x800'4bc2     0x2  main.o [1]
  .text                  ro code   0x800'4bc4    0x34  main.o [1]
  .text                  ro code   0x800'4bf8    0x1a  main.o [1]
  .text                  ro code   0x800'4c12     0x6  main.o [1]
  .text                  ro code   0x800'4c18    0x12  main.o [1]
  .text                  ro code   0x800'4c2a    0x20  main.o [1]
  .text                  ro code   0x800'4c4c    0x24  newop_0.o [3]
  .text                  ro code   0x800'4c70     0x4  main.o [1]
  .text                  ro code   0x800'4c74     0x4  nomemory.o [3]
  .text                  ro code   0x800'4c78   0x23a  main.o [1]
  .text                  ro code   0x800'4eb4   0x190  main.o [1]
  .text                  ro code   0x800'5044     0x4  main.o [1]
  .text                  ro code   0x800'5048    0x20  DblCmpEq.o [4]
  .text                  ro code   0x800'5068    0xd2  main.o [1]
  .text                  ro code   0x800'513c    0x40  sprintf.o [2]
  .text                  ro code   0x800'517c    0xa0  main.o [1]
  .text                  ro code   0x800'521c    0x90  iostream_cout.o [3]
  .text                  ro code   0x800'52ac    0x5c  iostream_cout.o [3]
  .text                  ro code   0x800'5308    0x7c  main.o [1]
  .text                  ro code   0x800'5384    0x22  main.o [1]
  .text                  ro code   0x800'53a6    0x6c  main.o [1]
  .text                  ro code   0x800'5412    0x76  main.o [1]
  .text                  ro code   0x800'5488    0x60  iostream_cout.o [3]
  .text                  ro code   0x800'54e8    0x58  main.o [1]
  .text                  ro code   0x800'5540    0x52  main.o [1]
  .text                  ro code   0x800'5592    0x32  main.o [1]
  .rodata                const     0x800'55c4    0x44  iostream_cout.o [3]
  .rodata                const     0x800'5608    0x44  iostream_cout.o [3]
  .rodata                const     0x800'564c    0x3c  main.o [1]
  .text                  ro code   0x800'5688    0x38  iostream_cout.o [3]
  .text                  ro code   0x800'56c0    0x20  putchar.o [2]
  .text                  ro code   0x800'56e0    0x10  write.o [6]
  .text                  ro code   0x800'56f0    0x1e  dwrite.o [6]
  .text                  ro code   0x800'570e    0x20  iarwstd.o [6]
  .text                  ro code   0x800'572e    0x22  iarwrite.o [6]
  .rodata                const     0x800'5750    0x30  main.o [1]
  .rodata                const     0x800'5780    0x30  main.o [1]
  .text                  ro code   0x800'57b0    0x2e  main.o [1]
  .text                  ro code   0x800'57de    0x12  main.o [1]
  .rodata                const     0x800'57f0    0x28  main.o [1]
  .rodata                const     0x800'5818    0x28  iostream_cout.o [3]
  .text                  ro code   0x800'5840    0x28  data_init.o [5]
  .rodata                const     0x800'5868    0x24  main.o [1]
  .rodata                const     0x800'588c    0x24  main.o [1]
  .rodata                const     0x800'58b0    0x24  main.o [1]
  .text                  ro code   0x800'58d4    0x24  main.o [1]
  .text                  ro code   0x800'58f8    0x18  main.o [1]
  .text                  ro code   0x800'5910    0x22  fpinit_M.o [4]
  .iar.init_table        const     0x800'5934    0x28  - Linker created -
  .text                  ro code   0x800'595c    0x20  cmain_call_ctors.o [5]
  .text                  ro code   0x800'597c    0x1e  cmain.o [5]
  .text                  ro code   0x800'599a     0x4  exit.o [2]
  .text                  ro code   0x800'59a0     0xe  cexit.o [5]
  .text                  ro code   0x800'59b0    0x18  main.o [1]
  .text                  ro code   0x800'59c8    0x18  main.o [1]
  .text                  ro code   0x800'59e0     0x4  delaop_0.o [3]
  .text                  ro code   0x800'59e4    0x14  iostream_cout.o [3]
  Initializer bytes      const     0x800'59f8    0x14  <for P2-1>
  .rodata                const     0x800'5a0c    0x10  main.o [1]
  .rodata                const     0x800'5a1c    0x10  main.o [1]
  .rodata                const     0x800'5a2c    0x10  ios.o [3]
  .rodata                const     0x800'5a3c    0x10  iostream_cout.o [3]
  .text                  ro code   0x800'5a4c     0xe  main.o [1]
  .text                  ro code   0x800'5a5a     0x8  main.o [1]
  .text                  ro code   0x800'5a62     0xe  iostream_cout.o [3]
  .rodata                const     0x800'5a70     0xc  main.o [1]
  .rodata                const     0x800'5a7c     0xc  main.o [1]
  .text                  ro code   0x800'5a88     0xc  cstartup_M.o [5]
  SHT$$PREINIT_ARRAY               0x800'5a94     0x4  <Block>
    .preinit_array       const     0x800'5a94     0x4  iostream_cout.o [3]
  SHT$$INIT_ARRAY                  0x800'5a98     0x8  <Block>
    .init_array          const     0x800'5a98     0x4  main.o [1]
    .init_array          const     0x800'5a9c     0x4  ios.o [3]
  __iar_tls$$INIT_ARRAY            0x800'5aa0     0x0  <Block>
  .text                  ro code   0x800'5aa0     0xa  main.o [1]
  .rodata                const     0x800'5aac     0x8  main.o [1]
  .rodata                const     0x800'5ab4     0x8  main.o [1]
  .rodata                const     0x800'5abc     0x8  xprintffull_nomb.o [2]
  .rodata                const     0x800'5ac4     0x4  main.o [1]
  .rodata                const     0x800'5ac8     0x4  main.o [1]
  .rodata                const     0x800'5acc     0x4  main.o [1]
  .text                  ro code   0x800'5ad0     0x4  main.o [1]
  .text                  ro code   0x800'5ad4     0x4  main.o [1]
  .text                  ro code   0x800'5ad8     0x4  iostream_cout.o [3]
  .text                  ro code   0x800'5adc     0x0  cstart_call_dtors.o [5]
  .rodata                const     0x800'5adc     0x0  zero_init3.o [5]
  .rodata                const     0x800'5adc     0x0  copy_init3.o [5]
                                 - 0x800'5adc  0x5a9c

"P2", part 1 of 3:                               0x14
  P2-1                            0x2000'0000    0x14  <Init block>
    .data                inited   0x2000'0000     0x4  main.o [1]
    .data                inited   0x2000'0004     0x4  main.o [1]
    .data                inited   0x2000'0008     0x4  main.o [1]
    .data                inited   0x2000'000c     0x8  XShttio.o [2]
                                - 0x2000'0014    0x14

"P2", part 2 of 3:                              0x2f0
  .bss                   zero     0x2000'0014   0x1d8  dlmalloc.o [2]
  .bss                   zero     0x2000'01ec    0x70  iostream_cout.o [3]
  .bss                   zero     0x2000'025c    0x34  ios.o [3]
  .bss                   zero     0x2000'0290    0x18  dlmalloc.o [2]
  .bss                   zero     0x2000'02a8    0x14  main.o [1]
  .bss                   zero     0x2000'02c0    0x10  ios.o [3]
  .bss                   zero     0x2000'02d0     0x4  main.o [1]
  .bss                   zero     0x2000'02d4     0x4  main.o [1]
  .bss                   zero     0x2000'02d8     0x4  main.o [1]
  .bss                   zero     0x2000'02dc     0x4  main.o [1]
  .bss                   zero     0x2000'02e0     0x4  main.o [1]
  .bss                   zero     0x2000'02e4     0x4  cppinit.o [2]
  .bss                   zero     0x2000'02e8     0x4  cppinit.o [2]
  .bss                   zero     0x2000'02ec     0x4  new.o [3]
  .bss                   zero     0x2000'02f0     0x4  xgetmemchunk.o [2]
  .bss                   zero     0x2000'02f4     0x4  xfail_s.o [2]
  .bss                   zero     0x2000'02f8     0x2  main.o [1]
  .bss                   zero     0x2000'02fa     0x2  main.o [1]
  .bss                   zero     0x2000'02fc     0x2  main.o [1]
  .bss                   zero     0x2000'02fe     0x1  main.o [1]
  .bss                   zero     0x2000'02ff     0x1  main.o [1]
  .bss                   zero     0x2000'0300     0x1  main.o [1]
  .bss                   zero     0x2000'0301     0x1  XShttio.o [2]
                                - 0x2000'0302   0x2ee

"P2", part 3 of 3:                             0x41a4
  .iar.dynexit                    0x2000'0304   0x1a4  <Block>
    .iar.dynexit         uninit   0x2000'0304     0xc  cppinit.o [2]
    .iar.dynexit         uninit   0x2000'0310   0x198  <Block tail>
  CSTACK                          0x2000'04a8  0x2000  <Block>
    CSTACK               uninit   0x2000'04a8  0x2000  <Block tail>
  HEAP                            0x2000'24a8  0x2000  <Block>
    HEAP                 uninit   0x2000'24a8  0x2000  <Block tail>
                                - 0x2000'44a8  0x41a4

Unused ranges:

         From           To      Size
         ----           --      ----
   0x800'5adc   0x807'ffff  0x7'a524
  0x2000'44a8  0x2001'ffff  0x1'bb58


*******************************************************************************
*** INIT TABLE
***

          Address      Size
          -------      ----
Zero (__iar_zero_init3)
    1 destination range, total size 0x2ee:
          0x2000'0014  0x2ee

Copy (__iar_copy_init3)
    1 source range, total size 0x14:
           0x800'59f8   0x14
    1 destination range, total size 0x14:
          0x2000'0000   0x14

Extra (__iar_cstart_call_ctors)



*******************************************************************************
*** MODULE SUMMARY
***

    Module                  ro code  ro data  rw data
    ------                  -------  -------  -------
command line/config:
    -------------------------------------------------
    Total:

C:\POIP Hub\7\Lab6Empty\Debug\Obj: [1]
    main.o                    7'976      408       61
    -------------------------------------------------
    Total:                    7'976      408       61

dl7M_tln.a: [2]
    XShttio.o                    60        8        9
    abort.o                       6
    cppinit.o                   160                20
    dlmalloc.o                5'276               496
    exit.o                        4
    heaptramp0.o                  4
    putchar.o                    32
    sprintf.o                    64
    strcspn.o                    34
    xfail_s.o                    64                 4
    xgetmemchunk.o               44                 4
    xprintffull_nomb.o        4'010        8
    xsprout.o                    10
    -------------------------------------------------
    Total:                    9'768       16      533

dlpp7M_tl_nc.a: [3]
    cxxabi.o                     10
    delaop_0.o                    4
    delop4_0.o                    4
    delop_0.o                    10
    ios.o                       260       20       68
    iostream_cout.o             436      196      112
    new.o                                           4
    newop_0.o                    36
    nomemory.o                    4
    -------------------------------------------------
    Total:                      764      216      184

m7M_tls.a: [4]
    DblAdd.o                    362
    DblCmpEq.o                   32
    DblCmpGe.o                   46
    DblCmpLe.o                   46
    DblDiv.o                    582
    DblMul.o                    418
    DblSub.o                    226
    DblToS32.o                   58
    DblToU32.o                   40
    FltToDbl.o                   72
    S32ToDbl.o                   34
    U32ToDbl.o                   26
    fpinit_M.o                   34
    frexp.o                     112
    ldexp.o                     314
    -------------------------------------------------
    Total:                    2'402

rt7M_tl.a: [5]
    ABImemcpy_unaligned.o       118
    ABImemmove_unaligned.o      120
    ABImemset.o                 102
    I64DivMod.o                 560
    I64DivZer.o                   2
    cexit.o                      14
    cmain.o                      30
    cmain_call_ctors.o           32
    copy_init3.o                 46
    cstart_call_dtors.o
    cstartup_M.o                 12
    data_init.o                  40
    memchr.o                     88
    strchr.o                     22
    strlen.o                     54
    vector_table_M.o             66
    zero_init3.o                 58
    -------------------------------------------------
    Total:                    1'364

shb_l.a: [6]
    dwrite.o                     30
    exit.o                       20
    iarttio.o                   124
    iarwrite.o                   34
    iarwstd.o                    32
    unwind_debug.o                         1
    write.o                      16
    -------------------------------------------------
    Total:                      256        1

    Gaps                         45        4        4
    Linker created                        40   16'792
-----------------------------------------------------
    Grand Total:             22'575      685   17'574


*******************************************************************************
*** ENTRY LIST
***

Entry                       Address   Size  Type      Object
-----                       -------   ----  ----      ------
.iar.dynexit$$Base      0x2000'0304          --   Gb  - Linker created -
.iar.dynexit$$Limit     0x2000'04a8          --   Gb  - Linker created -
.iar.init_table$$Base    0x800'5934          --   Gb  - Linker created -
.iar.init_table$$Limit   0x800'595c          --   Gb  - Linker created -
?main                    0x800'597d         Code  Gb  cmain.o [5]
CSTACK$$Base            0x2000'04a8          --   Gb  - Linker created -
CSTACK$$Limit           0x2000'24a8          --   Gb  - Linker created -
DtorRecArray            0x2000'0304    0xc  Data  Lc  cppinit.o [2]
HEAP$$Base              0x2000'24a8          --   Gb  - Linker created -
HEAP$$Limit             0x2000'44a8          --   Gb  - Linker created -
Initialization guard variable for std::ctype<char> const & std::use_facet<std::ctype<char>>()::_MyFacet
                        0x2000'02ff    0x1  Data  Gb  main.o [1]
Initialization guard variable for std::num_put<char, std::ostreambuf_iterator<char, std::char_traits<char>>> const & std::use_facet<std::num_put<char, std::ostreambuf_iterator<char, std::char_traits<char>>>>()::_MyFacet
                        0x2000'02fe    0x1  Data  Gb  main.o [1]
Initialization guard variable for std::numpunct<char> const & std::use_facet<std::numpunct<char>>()::_MyFacet
                        0x2000'0300    0x1  Data  Gb  main.o [1]
Region$$Table$$Base      0x800'5934          --   Gb  - Linker created -
Region$$Table$$Limit     0x800'595c          --   Gb  - Linker created -
SHT$$INIT_ARRAY$$Base    0x800'5a98          --   Gb  - Linker created -
SHT$$INIT_ARRAY$$Limit   0x800'5aa0          --   Gb  - Linker created -
SHT$$PREINIT_ARRAY$$Base
                         0x800'5a94          --   Gb  - Linker created -
SHT$$PREINIT_ARRAY$$Limit
                         0x800'5a98          --   Gb  - Linker created -
VddaCal                 0x2000'02e0    0x4  Data  Gb  main.o [1]
VddaCal32               0x2000'02fc    0x2  Data  Gb  main.o [1]
VddaCalPointer          0x2000'0008    0x4  Data  Gb  main.o [1]
Virtual function table for std::_Wrap_facet<std::ctype<char>>
                         0x800'5a1c   0x10  Data  Gb  main.o [1]
Virtual function table for std::_Wrap_facet<std::num_put<char, std::ostreambuf_iterator<char, std::char_traits<char>>>>
                         0x800'5780   0x30  Data  Gb  main.o [1]
Virtual function table for std::_Wrap_facet<std::numpunct<char>>
                         0x800'588c   0x24  Data  Gb  main.o [1]
Virtual function table for std::__nobasic_filebuf<char, std::char_traits<char>>
                         0x800'5608   0x44  Data  Gb  iostream_cout.o [3]
Virtual function table for std::ctype<char>
                         0x800'5a0c   0x10  Data  Gb  main.o [1]
Virtual function table for std::ios
                         0x800'5a3c   0x10  Data  Gb  iostream_cout.o [3]
Virtual function table for std::ios_base
                         0x800'5a2c   0x10  Data  Gb  ios.o [3]
Virtual function table for std::num_put<char, std::ostreambuf_iterator<char, std::char_traits<char>>>
                         0x800'5750   0x30  Data  Gb  main.o [1]
Virtual function table for std::numpunct<char>
                         0x800'5868   0x24  Data  Gb  main.o [1]
Virtual function table for std::ostream
                         0x800'5818   0x28  Data  Gb  iostream_cout.o [3]
Virtual function table for std::streambuf
                         0x800'55c4   0x44  Data  Gb  iostream_cout.o [3]
[local to ios_cpp]::std::stdopens
                        0x2000'025c    0xc  Data  Lc  ios.o [3]
[local to ios_cpp]::std::stdstr
                        0x2000'0268   0x28  Data  Lc  ios.o [3]
[local to iostream_cout_cpp]::std::__iarcoutguard
                        0x2000'0218    0x1  Data  Lc  iostream_cout.o [3]
[local to iostream_cout_cpp]::std::fout
                        0x2000'021c   0x40  Data  Lc  iostream_cout.o [3]
_LitobFullNoMb           0x800'23b9  0x10a  Code  Lc  xprintffull_nomb.o [2]
_PrintfFullNoMb          0x800'1615  0xd80  Code  Gb  xprintffull_nomb.o [2]
_PutcharFullNoMb         0x800'2529   0x20  Code  Lc  xprintffull_nomb.o [2]
_PutcharsFullNoMb        0x800'2549   0x2e  Code  Lc  xprintffull_nomb.o [2]
_SProut                  0x800'2603    0xa  Code  Gb  xsprout.o [2]
__aeabi_atexit           0x800'45f9    0xa  Code  Gb  cxxabi.o [3]
__aeabi_cdcmpeq          0x800'5049         Code  Gb  DblCmpEq.o [4]
__aeabi_cdcmple          0x800'27c9         Code  Gb  DblCmpLe.o [4]
__aeabi_cdrcmple         0x800'27f9         Code  Gb  DblCmpGe.o [4]
__aeabi_d2iz             0x800'2965         Code  Gb  DblToS32.o [4]
__aeabi_d2uiz            0x800'2cf1         Code  Gb  DblToU32.o [4]
__aeabi_ddiv             0x800'2aa9         Code  Gb  DblDiv.o [4]
__aeabi_dmul             0x800'2d35         Code  Gb  DblMul.o [4]
__aeabi_dsub             0x800'29c5         Code  Gb  DblSub.o [4]
__aeabi_f2d              0x800'3ca5         Code  Gb  FltToDbl.o [4]
__aeabi_i2d              0x800'29a1         Code  Gb  S32ToDbl.o [4]
__aeabi_ldiv0            0x800'3275         Code  Gb  I64DivZer.o [5]
__aeabi_memset           0x800'4a95         Code  Gb  ABImemset.o [5]
__aeabi_ui2d             0x800'2d19         Code  Gb  U32ToDbl.o [4]
__aeabi_uldivmod         0x800'2ed9         Code  Gb  I64DivMod.o [5]
__call_ctors             0x800'47bd   0x18  Code  Gb  cppinit.o [2]
__call_dtors             0x800'480b    0xc  Code  Gb  cppinit.o [2]
__call_dtors0            0x800'4817   0x36  Code  Gb  cppinit.o [2]
__cexit_call_dtors       0x800'59a3         Code  Gb  cexit.o [5]
__cmain                  0x800'597d         Code  Gb  cmain.o [5]
__cstart_call_dtors      0x800'5adc         Data  Gb  cstart_call_dtors.o [5]
__cxa_atexit             0x800'47d5   0x36  Code  Gb  cppinit.o [2]
__data_GetMemChunk       0x800'151d   0x2c  Code  Gb  xgetmemchunk.o [2]
__data_GetMemChunk::start
                        0x2000'02f0    0x4  Data  Lc  xgetmemchunk.o [2]
__dso_handle            0x2000'02e8    0x4  Data  Gb  cppinit.o [2]
__dwrite                 0x800'56f1   0x1e  Code  Gb  dwrite.o [6]
__exit                   0x800'1549   0x14  Code  Gb  exit.o [6]
__iar_Fail_s             0x800'260d   0x1c  Code  Gb  xfail_s.o [2]
__iar_Memchr             0x800'2689         Code  Gb  memchr.o [5]
__iar_Memset             0x800'4a95         Code  Gb  ABImemset.o [5]
__iar_Memset_word        0x800'4a9d         Code  Gb  ABImemset.o [5]
__iar_Strchr             0x800'25ed         Code  Gb  strchr.o [5]
__iar_close_ttio         0x800'155d   0x2c  Code  Gb  iarttio.o [6]
__iar_copy_init3         0x800'25bf   0x2e  Code  Gb  copy_init3.o [5]
__iar_cstart_call_ctors
                         0x800'595d   0x20  Code  Gb  cmain_call_ctors.o [5]
__iar_dadd               0x800'29d5         Code  Gb  DblSub.o [4]
__iar_data_init3         0x800'5841   0x28  Code  Gb  data_init.o [5]
__iar_debug_exceptions   0x800'29c2    0x1  Data  Gb  unwind_debug.o [6]
__iar_dlfree             0x800'0fb7  0x51e  Code  Gb  dlmalloc.o [2]
__iar_dlmalloc           0x800'00c9  0xeee  Code  Gb  dlmalloc.o [2]
__iar_dsub               0x800'3109         Code  Gb  DblAdd.o [4]
__iar_dsubStart          0x800'311b         Code  Gb  DblAdd.o [4]
__iar_frexp              0x800'2765         Code  Gb  frexp.o [4]
__iar_frexpl             0x800'2765         Code  Gb  frexp.o [4]
__iar_get_ttio           0x800'1589   0x4c  Code  Gb  iarttio.o [6]
__iar_init_vfp           0x800'5911         Code  Gb  fpinit_M.o [4]
__iar_ldexp64            0x800'2829         Code  Gb  ldexp.o [4]
__iar_lookup_ttioh       0x800'1607    0x4  Code  Gb  XShttio.o [2]
__iar_program_start      0x800'5a89         Code  Gb  cstartup_M.o [5]
__iar_scalbln64          0x800'2829         Code  Gb  ldexp.o [4]
__iar_scalbn64           0x800'2829         Code  Gb  ldexp.o [4]
__iar_sh_stdout          0x800'570f   0x20  Code  Gb  iarwstd.o [6]
__iar_sh_write           0x800'572f   0x22  Code  Gb  iarwrite.o [6]
__iar_softfp___iar_frexp64
                         0x800'2759         Code  Gb  frexp.o [4]
__iar_softfp_frexp       0x800'2759         Code  Gb  frexp.o [4]
__iar_softfp_frexpl      0x800'2759         Code  Gb  frexp.o [4]
__iar_tls$$INIT_ARRAY$$Base
                         0x800'5aa0          --   Gb  - Linker created -
__iar_tls$$INIT_ARRAY$$Limit
                         0x800'5aa0          --   Gb  - Linker created -
__iar_ttio_guard_lock    0x800'15d9   0x1e  Code  Gb  XShttio.o [2]
__iar_ttio_guard_unlock
                         0x800'15f7   0x10  Code  Gb  XShttio.o [2]
__iar_ttio_handles      0x2000'000c    0x8  Data  Lc  XShttio.o [2]
__iar_unaligned_memcpy   0x800'26e1         Code  Gb  ABImemcpy_unaligned.o [5]
__iar_unaligned_memcpy4
                         0x800'2701         Code  Gb  ABImemcpy_unaligned.o [5]
__iar_unaligned_memcpy8
                         0x800'2701         Code  Gb  ABImemcpy_unaligned.o [5]
__iar_unaligned_memmove
                         0x800'494d         Code  Gb  ABImemmove_unaligned.o [5]
__iar_unaligned_memmove4
                         0x800'494d         Code  Gb  ABImemmove_unaligned.o [5]
__iar_unaligned_memmove8
                         0x800'494d         Code  Gb  ABImemmove_unaligned.o [5]
__iar_zero_init3         0x800'14e3   0x3a  Code  Gb  zero_init3.o [5]
__low_level_init         0x800'32c9   0x76  Code  Gb  main.o [1]
__sti__routine           0x800'3279   0x50  Code  Lc  main.o [1]
__sti__routine           0x800'3e2b    0xa  Code  Lc  ios.o [3]
__sti__routine           0x800'521d   0x90  Code  Lc  iostream_cout.o [3]
__vector_table           0x800'0000         Data  Gb  vector_table_M.o [5]
__write                  0x800'56e1   0x10  Code  Gb  write.o [6]
_call_main               0x800'5989         Code  Gb  cmain.o [5]
_exit                    0x800'59a1         Code  Gb  cexit.o [5]
_gm_                    0x2000'0014  0x1d8  Data  Lc  dlmalloc.o [2]
_main                    0x800'5997         Code  Gb  cmain.o [5]
abort                    0x800'14dd    0x6  Code  Gb  abort.o [2]
bool FieldValueBase<ADC1_SR_EOC_Values<ADC1::SR, (unsigned int)1, (unsigned int)1, ReadWriteMode, ADC1::ADC1SRBase>, ADC1::ADC1SRBase, (unsigned int)1>::IsSet<ReadWriteMode, void>()
                         0x800'378d   0x10  Code  Gb  main.o [1]
bool FieldValueBase<RCC_CFGR_SWS_Values<RCC::CFGR, (unsigned int)2, (unsigned int)2, ReadMode, RCC::RCCCFGRBase>, RCC::RCCCFGRBase, (unsigned int)1>::IsSet<ReadMode, void>()
                         0x800'35d1   0x1c  Code  Gb  main.o [1]
bool FieldValueBase<RCC_CR_HSERDY_Values<RCC::CR, (unsigned int)17, (unsigned int)1, ReadMode, RCC::RCCCRBase>, RCC::RCCCRBase, (unsigned int)1>::IsSet<ReadMode, void>()
                         0x800'35ad   0x10  Code  Gb  main.o [1]
char * && std::forward<char *>(std::remove_reference<char *>::type &)
                         0x800'4ba9    0x2  Code  Gb  main.o [1]
char * std::_Addressof<char>(char &, std::integral_constant<bool, (bool)0>)
                         0x800'4a27    0x2  Code  Gb  main.o [1]
char * std::_Allocate<char>(unsigned int, char *, bool)
                         0x800'4c19   0x12  Code  Gb  main.o [1]
char * std::_Maklocstr<char>(char const *, char *)
                         0x800'4bc5   0x34  Code  Gb  main.o [1]
char * std::addressof<char>(char &)
                         0x800'4777    0x8  Code  Gb  main.o [1]
char std::_Maklocchr<char>(char, char *)
                         0x800'4b8d    0x4  Code  Gb  main.o [1]
const std::allocator<char>& && std::forward<const std::allocator<char>&>(std::remove_reference<const std::allocator<char>&>::type &)
                         0x800'4afd    0x2  Code  Gb  main.o [1]
exit                     0x800'599b    0x4  Code  Gb  exit.o [2]
free                     0x800'4041    0x4  Code  Gb  heaptramp0.o [2]
init_mparams             0x800'005b   0x2c  Code  Lc  dlmalloc.o [2]
init_top                 0x800'0087   0x34  Code  Lc  dlmalloc.o [2]
ldexp                    0x800'2829         Code  Gb  ldexp.o [4]
ldexpl                   0x800'2829         Code  Gb  ldexp.o [4]
main                     0x800'3341  0x1e6  Code  Gb  main.o [1]
memchr                   0x800'2689         Code  Gb  memchr.o [5]
mparams                 0x2000'0290   0x18  Data  Lc  dlmalloc.o [2]
next_abi_dtor_rec       0x2000'02e4    0x4  Data  Lc  cppinit.o [2]
operator delete (void *)
                         0x800'4037    0xa  Code  Gb  delop_0.o [3]
operator delete (void *, unsigned int)
                         0x800'3f99    0x4  Code  Gb  delop4_0.o [3]
operator delete[] (void *)
                         0x800'59e1    0x4  Code  Gb  delaop_0.o [3]
operator new (unsigned int)
                         0x800'4c4d   0x24  Code  Gb  newop_0.o [3]
operator new (unsigned int, void *)
                         0x800'4c71    0x4  Code  Gb  main.o [1]
putchar                  0x800'56c1   0x20  Code  Gb  putchar.o [2]
scalbln                  0x800'2829         Code  Gb  ldexp.o [4]
scalblnl                 0x800'2829         Code  Gb  ldexp.o [4]
scalbn                   0x800'2829         Code  Gb  ldexp.o [4]
scalbnl                  0x800'2829         Code  Gb  ldexp.o [4]
scale                    0x800'24c3   0x46  Code  Lc  xprintffull_nomb.o [2]
sec_hand                0x2000'02f4    0x4  Data  Lc  xfail_s.o [2]
segment_holding          0x800'0041   0x1a  Code  Lc  dlmalloc.o [2]
sprintf                  0x800'513d   0x40  Code  Gb  sprintf.o [2]
std::_Compressed_pair<std::_Wrap_alloc<std::allocator<char>>, std::_String_val<std::_Simple_types<char>>, (bool)1>::_Compressed_pair<const std::allocator<char>&, >(std::_One_then_variadic_args_t, const std::allocator<char>& &&,  &&...)
                         0x800'4a01   0x1c  Code  Gb  main.o [1]
std::_Compressed_pair<std::_Wrap_alloc<std::allocator<char>>, std::_String_val<std::_Simple_types<char>>, (bool)1>::_Get_first()
                         0x800'4a1d    0x2  Code  Gb  main.o [1]
std::_Compressed_pair<std::_Wrap_alloc<std::allocator<char>>, std::_String_val<std::_Simple_types<char>>, (bool)1>::_Get_first() const
                         0x800'4b91    0x2  Code  Gb  main.o [1]
std::_Compressed_pair<std::_Wrap_alloc<std::allocator<char>>, std::_String_val<std::_Simple_types<char>>, (bool)1>::_Get_second()
                         0x800'4a35    0x2  Code  Gb  main.o [1]
std::_Compressed_pair<std::_Wrap_alloc<std::allocator<char>>, std::_String_val<std::_Simple_types<char>>, (bool)1>::_Get_second() const
                         0x800'4afb    0x2  Code  Gb  main.o [1]
std::_Fpz               0x2000'02c0   0x10  Data  Gb  ios.o [3]
std::_NomemoryNothrow()
                         0x800'4c75    0x4  Code  Gb  nomemory.o [3]
std::_String_alloc<std::_String_base_types<char, std::allocator<char>>>::_Bx()
                         0x800'475f    0x8  Code  Gb  main.o [1]
std::_String_alloc<std::_String_base_types<char, std::allocator<char>>>::_Get_data()
                         0x800'4799    0x8  Code  Gb  main.o [1]
std::_String_alloc<std::_String_base_types<char, std::allocator<char>>>::_Get_data() const
                         0x800'49db    0x8  Code  Gb  main.o [1]
std::_String_alloc<std::_String_base_types<char, std::allocator<char>>>::_Getal()
                         0x800'4767    0x8  Code  Gb  main.o [1]
std::_String_alloc<std::_String_base_types<char, std::allocator<char>>>::_Getal() const
                         0x800'4a61    0x8  Code  Gb  main.o [1]
std::_String_alloc<std::_String_base_types<char, std::allocator<char>>>::_Myptr()
                         0x800'45d5    0xc  Code  Gb  main.o [1]
std::_String_alloc<std::_String_base_types<char, std::allocator<char>>>::_Myptr() const
                         0x800'46eb    0xc  Code  Gb  main.o [1]
std::_String_alloc<std::_String_base_types<char, std::allocator<char>>>::_Myres()
                         0x800'4755    0xa  Code  Gb  main.o [1]
std::_String_alloc<std::_String_base_types<char, std::allocator<char>>>::_Mysize()
                         0x800'4603    0xa  Code  Gb  main.o [1]
std::_String_alloc<std::_String_base_types<char, std::allocator<char>>>::_Mysize() const
                         0x800'46f7    0xa  Code  Gb  main.o [1]
std::_String_alloc<std::_String_base_types<char, std::allocator<char>>>::_String_alloc(const std::allocator<char>&)
                         0x800'473d   0x18  Code  Gb  main.o [1]
std::_String_alloc<std::_String_base_types<char, std::allocator<char>>>::_String_alloc(const std::allocator<char>&) [subobject]
                         0x800'4519    0x8  Code  Gb  main.o [1]
std::_String_val<std::_Simple_types<char>>::_Myptr()
                         0x800'47a1   0x12  Code  Gb  main.o [1]
std::_String_val<std::_Simple_types<char>>::_Myptr() const
                         0x800'49e3   0x12  Code  Gb  main.o [1]
std::_String_val<std::_Simple_types<char>>::_String_val()
                         0x800'4b07    0xa  Code  Gb  main.o [1]
std::_Wrap_alloc<std::allocator<char>>::_Wrap_alloc(const std::allocator<char>&)
                         0x800'4bc3    0x2  Code  Gb  main.o [1]
std::_Wrap_alloc<std::allocator<char>>::_Wrap_alloc(const std::allocator<char>&) [subobject]
                         0x800'4aff    0x8  Code  Gb  main.o [1]
std::_Wrap_alloc<std::allocator<char>>::allocate(unsigned int)
                         0x800'4a71    0x8  Code  Gb  main.o [1]
std::_Wrap_alloc<std::allocator<char>>::deallocate(char *, unsigned int)
                         0x800'4791    0x8  Code  Gb  main.o [1]
std::_Wrap_alloc<std::allocator<char>>::max_size(std::_Nil) const
                         0x800'4a69    0x8  Code  Gb  main.o [1]
std::_Wrap_facet<std::ctype<char>>::_Wrap_facet()
                         0x800'4501   0x18  Code  Gb  main.o [1]
std::_Wrap_facet<std::num_put<char, std::ostreambuf_iterator<char, std::char_traits<char>>>>::_Wrap_facet()
                         0x800'3dc9   0x18  Code  Gb  main.o [1]
std::_Wrap_facet<std::numpunct<char>>::_Wrap_facet()
                         0x800'45e1   0x18  Code  Gb  main.o [1]
std::_Wrap_facet<std::numpunct<char>>::~_Wrap_facet()
                         0x800'5a4d    0xe  Code  Gb  main.o [1]
std::__iar_New_hand     0x2000'02ec    0x4  Data  Gb  new.o [3]
std::__iar_cout_guard::~__iar_cout_guard()
                         0x800'59e5   0x14  Code  Gb  iostream_cout.o [3]
std::__nobasic_filebuf<char, std::char_traits<char>>::__nobasic_filebuf()
                         0x800'52ad   0x5c  Code  Gb  iostream_cout.o [3]
std::__nobasic_filebuf<char, std::char_traits<char>>::overflow(int)
                         0x800'5689   0x38  Code  Gb  iostream_cout.o [3]
std::allocator<char>::allocate(unsigned int)
                         0x800'4b9b    0xe  Code  Gb  main.o [1]
std::allocator<char>::deallocate(char *, unsigned int)
                         0x800'4a29    0xc  Code  Gb  main.o [1]
std::allocator<char>::max_size() const
                         0x800'4c13    0x6  Code  Gb  main.o [1]
std::allocator_traits<std::allocator<char>>::max_size(const std::allocator<char>&)
                         0x800'4b93    0x8  Code  Gb  main.o [1]
std::char_traits<char>::assign(char &, char const &)
                         0x800'49c5    0x6  Code  Gb  main.o [1]
std::char_traits<char>::assign(char *, unsigned int, char)
                         0x800'49cb   0x10  Code  Gb  main.o [1]
std::char_traits<char>::copy(char *, char const *, unsigned int)
                         0x800'477f   0x12  Code  Gb  main.o [1]
std::char_traits<char>::eq_int_type(int const &, int const &)
                         0x800'3c07   0x12  Code  Gb  main.o [1]
std::char_traits<char>::length(char const *)
                         0x800'3b2d   0x12  Code  Gb  main.o [1]
std::char_traits<char>::move(char *, char const *, unsigned int)
                         0x800'4687   0x12  Code  Gb  main.o [1]
std::char_traits<char>::to_int_type(char const &)
                         0x800'3d9f    0x4  Code  Gb  main.o [1]
std::cout               0x2000'01ec   0x2c  Data  Gb  iostream_cout.o [3]
std::ctype<char> const & std::use_facet<std::ctype<char>>()
                         0x800'4329   0x20  Code  Gb  main.o [1]
std::ctype<char> const & std::use_facet<std::ctype<char>>()::_MyFacet
                        0x2000'02d4    0x4  Data  Gb  main.o [1]
std::ctype<char>::ctype()
                         0x800'49f5    0xc  Code  Gb  main.o [1]
std::ctype<char>::ctype() [subobject]
                         0x800'4733    0x8  Code  Gb  main.o [1]
std::ctype<char>::widen(char const *, char const *, char *) const
                         0x800'4385   0x12  Code  Gb  main.o [1]
std::ctype<char>::widen(char) const
                         0x800'4349    0x6  Code  Gb  main.o [1]
std::ios::clear(std::_Iosb<int>::_Iostate, bool)
                         0x800'3da7   0x18  Code  Gb  main.o [1]
std::ios::fill() const   0x800'3bcb    0x6  Code  Gb  main.o [1]
std::ios::rdbuf() const
                         0x800'3bd1    0x4  Code  Gb  main.o [1]
std::ios::setstate(std::_Iosb<int>::_Iostate, bool)
                         0x800'3c2b   0x28  Code  Gb  main.o [1]
std::ios::tie() const    0x800'3d21    0x4  Code  Gb  main.o [1]
std::ios::widen(char) const
                         0x800'57df   0x12  Code  Gb  main.o [1]
std::ios_base::_Addstd(std::ios_base*)
                         0x800'3e95   0x36  Code  Gb  ios.o [3]
std::ios_base::_Callfns(std::ios_base::event)
                         0x800'3e79   0x1c  Code  Gb  ios.o [3]
std::ios_base::_Init()   0x800'3ed9   0x1c  Code  Gb  ios.o [3]
std::ios_base::_Tidy()   0x800'3ef5   0x38  Code  Gb  ios.o [3]
std::ios_base::clear(std::_Iosb<int>::_Iostate, bool)
                         0x800'3e35   0x20  Code  Gb  ios.o [3]
std::ios_base::flags() const
                         0x800'3bc1    0x4  Code  Gb  main.o [1]
std::ios_base::good() const
                         0x800'3d0d   0x14  Code  Gb  main.o [1]
std::ios_base::precision() const
                         0x800'5045    0x4  Code  Gb  main.o [1]
std::ios_base::rdstate() const
                         0x800'3da3    0x4  Code  Gb  main.o [1]
std::ios_base::width() const
                         0x800'3b3f    0x4  Code  Gb  main.o [1]
std::ios_base::width(int)
                         0x800'3c23    0x8  Code  Gb  main.o [1]
std::ios_base::~ios_base()
                         0x800'3e55   0x24  Code  Gb  ios.o [3]
std::ios_base::~ios_base() [subobject]
                         0x800'3e29    0x2  Code  Gb  ios.o [3]
std::num_put<char, std::ostreambuf_iterator<char, std::char_traits<char>>> const & std::use_facet<std::num_put<char, std::ostreambuf_iterator<char, std::char_traits<char>>>>()
                         0x800'3c61   0x20  Code  Gb  main.o [1]
std::num_put<char, std::ostreambuf_iterator<char, std::char_traits<char>>> const & std::use_facet<std::num_put<char, std::ostreambuf_iterator<char, std::char_traits<char>>>>()::_MyFacet
                        0x2000'02d0    0x4  Data  Gb  main.o [1]
std::num_put<char, std::ostreambuf_iterator<char, std::char_traits<char>>>::_Ffmt(char *, char, std::_Iosb<int>::_Fmtflags) const
                         0x800'5069   0xd2  Code  Gb  main.o [1]
std::num_put<char, std::ostreambuf_iterator<char, std::char_traits<char>>>::_Fput(std::ostreambuf_iterator<char, std::char_traits<char>>, std::ios_base &, char, char const *, unsigned int, unsigned int, unsigned int, unsigned int) const
                         0x800'4045  0x2c0  Code  Gb  main.o [1]
std::num_put<char, std::ostreambuf_iterator<char, std::char_traits<char>>>::_Fput(std::ostreambuf_iterator<char, std::char_traits<char>>, std::ios_base &, char, char const *, unsigned int, unsigned int, unsigned int, unsigned int) const::string
                         0x800'5ac8    0x4  Data  Gb  main.o [1]
std::num_put<char, std::ostreambuf_iterator<char, std::char_traits<char>>>::_Fput(std::ostreambuf_iterator<char, std::char_traits<char>>, std::ios_base &, char, char const *, unsigned int, unsigned int, unsigned int, unsigned int) const::string (instance 2)
                         0x800'5acc    0x4  Data  Gb  main.o [1]
std::num_put<char, std::ostreambuf_iterator<char, std::char_traits<char>>>::_Ifmt(char *, char const *, std::_Iosb<int>::_Fmtflags) const
                         0x800'517d   0xa0  Code  Gb  main.o [1]
std::num_put<char, std::ostreambuf_iterator<char, std::char_traits<char>>>::_Iput(std::ostreambuf_iterator<char, std::char_traits<char>>, std::ios_base &, char, char *, unsigned int) const
                         0x800'4c79  0x23a  Code  Gb  main.o [1]
std::num_put<char, std::ostreambuf_iterator<char, std::char_traits<char>>>::_Put(std::ostreambuf_iterator<char, std::char_traits<char>>, char const *, unsigned int) const
                         0x800'44c1   0x2e  Code  Gb  main.o [1]
std::num_put<char, std::ostreambuf_iterator<char, std::char_traits<char>>>::_Rep(std::ostreambuf_iterator<char, std::char_traits<char>>, char, unsigned int) const
                         0x800'4493   0x2e  Code  Gb  main.o [1]
std::num_put<char, std::ostreambuf_iterator<char, std::char_traits<char>>>::do_put(std::ostreambuf_iterator<char, std::char_traits<char>>, std::ios_base &, char, double) const
                         0x800'4eb5  0x190  Code  Gb  main.o [1]
std::num_put<char, std::ostreambuf_iterator<char, std::char_traits<char>>>::do_put(std::ostreambuf_iterator<char, std::char_traits<char>>, std::ios_base &, char, unsigned long) const
                         0x800'54e9   0x58  Code  Gb  main.o [1]
std::num_put<char, std::ostreambuf_iterator<char, std::char_traits<char>>>::do_put(std::ostreambuf_iterator<char, std::char_traits<char>>, std::ios_base &, char, unsigned long) const::string
                         0x800'5ac4    0x4  Data  Gb  main.o [1]
std::num_put<char, std::ostreambuf_iterator<char, std::char_traits<char>>>::num_put()
                         0x800'3f9d    0xc  Code  Gb  main.o [1]
std::num_put<char, std::ostreambuf_iterator<char, std::char_traits<char>>>::num_put() [subobject]
                         0x800'3f2d    0x8  Code  Gb  main.o [1]
std::num_put<char, std::ostreambuf_iterator<char, std::char_traits<char>>>::put(std::ostreambuf_iterator<char, std::char_traits<char>>, std::ios_base &, char, double) const
                         0x800'3ced   0x18  Code  Gb  main.o [1]
std::num_put<char, std::ostreambuf_iterator<char, std::char_traits<char>>>::put(std::ostreambuf_iterator<char, std::char_traits<char>>, std::ios_base &, char, unsigned long) const
                         0x800'3c89   0x18  Code  Gb  main.o [1]
std::numpunct<char> const & std::use_facet<std::numpunct<char>>()
                         0x800'4399   0x30  Code  Gb  main.o [1]
std::numpunct<char> const & std::use_facet<std::numpunct<char>>()::_MyFacet
                        0x2000'02a8   0x14  Data  Gb  main.o [1]
std::numpunct<char>::_Init(bool)
                         0x800'4b1d   0x70  Code  Gb  main.o [1]
std::numpunct<char>::_Init(bool)::string
                         0x800'299e    0x1  Data  Gb  main.o [1]
std::numpunct<char>::_Init(bool)::string (instance 2)
                         0x800'5aac    0x8  Data  Gb  main.o [1]
std::numpunct<char>::_Init(bool)::string (instance 3)
                         0x800'5ab4    0x8  Data  Gb  main.o [1]
std::numpunct<char>::_Tidy()
                         0x800'59c9   0x18  Code  Gb  main.o [1]
std::numpunct<char>::decimal_point() const
                         0x800'4473    0xa  Code  Gb  main.o [1]
std::numpunct<char>::do_decimal_point() const
                         0x800'5ad1    0x4  Code  Gb  main.o [1]
std::numpunct<char>::do_grouping() const
                         0x800'5aa1    0xa  Code  Gb  main.o [1]
std::numpunct<char>::do_thousands_sep() const
                         0x800'5ad5    0x4  Code  Gb  main.o [1]
std::numpunct<char>::grouping() const
                         0x800'43c9    0xa  Code  Gb  main.o [1]
std::numpunct<char>::numpunct()
                         0x800'4a39   0x28  Code  Gb  main.o [1]
std::numpunct<char>::numpunct() [subobject]
                         0x800'47b3    0x8  Code  Gb  main.o [1]
std::numpunct<char>::thousands_sep() const
                         0x800'43d3    0xa  Code  Gb  main.o [1]
std::numpunct<char>::~numpunct()
                         0x800'59b1   0x18  Code  Gb  main.o [1]
std::numpunct<char>::~numpunct() [subobject]
                         0x800'5a5b    0x8  Code  Gb  main.o [1]
std::operator &(std::_Iosb<int>::_Fmtflags, std::_Iosb<int>::_Fmtflags)
                         0x800'3bc5    0x6  Code  Gb  main.o [1]
std::operator |=(std::_Iosb<int>::_Iostate &, std::_Iosb<int>::_Iostate)
                         0x800'3bb9    0x8  Code  Gb  main.o [1]
std::ostream & std::endl<char, std::char_traits<char>>(std::ostream &)
                         0x800'57b1   0x2e  Code  Gb  main.o [1]
std::ostream & std::operator <<<std::char_traits<char>>(std::ostream &, char const *)
                         0x800'37a9  0x1b2  Code  Gb  main.o [1]
std::ostream::_Flush_sentry::_Flush_sentry(std::ostream&)
                         0x800'3de1   0x28  Code  Gb  main.o [1]
std::ostream::_Flush_sentry::_Flush_sentry(std::ostream&) [subobject]
                         0x800'3d05    0x8  Code  Gb  main.o [1]
std::ostream::_Flush_sentry::operator bool() const
                         0x800'3bb5    0x4  Code  Gb  main.o [1]
std::ostream::_Flush_sentry::~_Flush_sentry()
                         0x800'3e13   0x14  Code  Gb  main.o [1]
std::ostream::_Flush_sentry::~_Flush_sentry() [subobject]
                         0x800'3dbf    0x8  Code  Gb  main.o [1]
std::ostream::_Osfx()    0x800'3f3d   0x54  Code  Gb  main.o [1]
std::ostream::_Sentry_base::_Sentry_base(std::ostream&)
                         0x800'3fa9   0x48  Code  Gb  main.o [1]
std::ostream::_Sentry_base::_Sentry_base(std::ostream&) [subobject]
                         0x800'3f35    0x8  Code  Gb  main.o [1]
std::ostream::_Sentry_base::~_Sentry_base()
                         0x800'3ff1   0x46  Code  Gb  main.o [1]
std::ostream::_Sentry_base::~_Sentry_base() [subobject]
                         0x800'3f91    0x8  Code  Gb  main.o [1]
std::ostream::flush()    0x800'3d25   0x54  Code  Gb  main.o [1]
std::ostream::operator <<(float)
                         0x800'39f5   0xb0  Code  Gb  main.o [1]
std::ostream::operator <<(std::ostream&(*)(std::ostream&))
                         0x800'3aa5    0x6  Code  Gb  main.o [1]
std::ostream::operator <<(unsigned int)
                         0x800'395b   0x9a  Code  Gb  main.o [1]
std::ostream::put(char)
                         0x800'5413   0x76  Code  Gb  main.o [1]
std::ostream::sentry::sentry(std::ostream&)
                         0x800'3b43   0x72  Code  Gb  main.o [1]
std::ostream::sentry::~sentry()
                         0x800'3c53    0xe  Code  Gb  main.o [1]
std::ostream::~basic_ostream()
                         0x800'5a63    0xe  Code  Gb  iostream_cout.o [3]
std::ostreambuf_iterator<char, std::char_traits<char>>::failed() const
                         0x800'3ca1    0x4  Code  Gb  main.o [1]
std::ostreambuf_iterator<char, std::char_traits<char>>::operator *()
                         0x800'4701    0x2  Code  Gb  main.o [1]
std::ostreambuf_iterator<char, std::char_traits<char>>::operator ++()
                         0x800'4731    0x2  Code  Gb  main.o [1]
std::ostreambuf_iterator<char, std::char_traits<char>>::operator =(char)
                         0x800'4703   0x2e  Code  Gb  main.o [1]
std::ostreambuf_iterator<char, std::char_traits<char>>::ostreambuf_iterator(std::streambuf *)
                         0x800'3c81    0x8  Code  Gb  main.o [1]
std::remove_reference<char *&>::type && std::move<char *&>(char *& &&)
                         0x800'4a79    0x2  Code  Gb  main.o [1]
std::streambuf::_Lock()
                         0x800'27f7    0x2  Code  Gb  iostream_cout.o [3]
std::streambuf::_Pnavail() const
                         0x800'3d79   0x18  Code  Gb  main.o [1]
std::streambuf::_Pninc()
                         0x800'3d91    0xe  Code  Gb  main.o [1]
std::streambuf::_Unlock()
                         0x800'2827    0x2  Code  Gb  iostream_cout.o [3]
std::streambuf::overflow(int)
                         0x800'2683    0x6  Code  Gb  iostream_cout.o [3]
std::streambuf::pubsync()
                         0x800'3e09    0xa  Code  Gb  main.o [1]
std::streambuf::sputc(char)
                         0x800'3bd5   0x32  Code  Gb  main.o [1]
std::streambuf::sputn(char const *, int)
                         0x800'3c19    0xa  Code  Gb  main.o [1]
std::streambuf::sync()   0x800'5ad9    0x4  Code  Gb  iostream_cout.o [3]
std::streambuf::xsputn(char const *, int)
                         0x800'5489   0x60  Code  Gb  iostream_cout.o [3]
std::string::_Chassign(unsigned int, unsigned int, char)
                         0x800'4699   0x2a  Code  Gb  main.o [1]
std::string::_Copy(unsigned int, unsigned int)
                         0x800'4875   0xd6  Code  Gb  main.o [1]
std::string::_Eos(unsigned int)
                         0x800'46c3   0x28  Code  Gb  main.o [1]
std::string::_Grow(unsigned int, bool)
                         0x800'460d   0x7a  Code  Gb  main.o [1]
std::string::_Inside(char const *)
                         0x800'5593   0x32  Code  Gb  main.o [1]
std::string::_Tidy(bool, unsigned int)
                         0x800'4521   0x7a  Code  Gb  main.o [1]
std::string::assign(char const *)
                         0x800'58f9   0x18  Code  Gb  main.o [1]
std::string::assign(char const *, unsigned int)
                         0x800'5541   0x52  Code  Gb  main.o [1]
std::string::assign(const std::string&, unsigned int, unsigned int)
                         0x800'5309   0x7c  Code  Gb  main.o [1]
std::string::assign(unsigned int, char)
                         0x800'459b   0x3a  Code  Gb  main.o [1]
std::string::basic_string(char const *)
                         0x800'58d5   0x24  Code  Gb  main.o [1]
std::string::basic_string(unsigned int, char)
                         0x800'434f   0x2a  Code  Gb  main.o [1]
std::string::erase(unsigned int)
                         0x800'5385   0x22  Code  Gb  main.o [1]
std::string::erase(unsigned int, unsigned int)
                         0x800'53a7   0x6c  Code  Gb  main.o [1]
std::string::insert(unsigned int, unsigned int, char)
                         0x800'43dd   0x96  Code  Gb  main.o [1]
std::string::max_size() const
                         0x800'485d   0x18  Code  Gb  main.o [1]
std::string::operator [](unsigned int)
                         0x800'4379    0xc  Code  Gb  main.o [1]
std::string::operator [](unsigned int) const
                         0x800'447d    0xc  Code  Gb  main.o [1]
std::string::size() const
                         0x800'4489    0xa  Code  Gb  main.o [1]
std::string::~basic_string()
                         0x800'44ef   0x12  Code  Gb  main.o [1]
strchr                   0x800'25ed         Code  Gb  strchr.o [5]
strcspn                  0x800'4305   0x22  Code  Gb  strcspn.o [2]
strlen                   0x800'264d         Code  Gb  strlen.o [5]
tsCal1                  0x2000'02d8    0x4  Data  Gb  main.o [1]
tsCal132                0x2000'02f8    0x2  Data  Gb  main.o [1]
tsCal1Pointer           0x2000'0000    0x4  Data  Gb  main.o [1]
tsCal2                  0x2000'02dc    0x4  Data  Gb  main.o [1]
tsCal232                0x2000'02fa    0x2  Data  Gb  main.o [1]
tsCal2Pointer           0x2000'0004    0x4  Data  Gb  main.o [1]
ttio_guard              0x2000'0301    0x1  Data  Lc  XShttio.o [2]
unsigned int RegisterBase<(unsigned int)1073815628, (unsigned int)32, ReadMode>::Get<ReadMode, void>()
                         0x800'379d    0xc  Code  Gb  main.o [1]
void FieldValueBase<ADC1_CR1_RES_Values<ADC1::CR1, (unsigned int)24, (unsigned int)2, ReadWriteMode, ADC1::ADC1CR1Base>, ADC1::ADC1CR1Base, (unsigned int)1>::Set<ReadWriteMode, void>()
                         0x800'36dd   0x14  Code  Gb  main.o [1]
void FieldValueBase<ADC1_CR2_ADON_Values<ADC1::CR2, (unsigned int)0, (unsigned int)1, ReadWriteMode, ADC1::ADC1CR2Base>, ADC1::ADC1CR2Base, (unsigned int)1>::Set<ReadWriteMode, void>()
                         0x800'3765   0x14  Code  Gb  main.o [1]
void FieldValueBase<ADC1_CR2_EOCS_Values<ADC1::CR2, (unsigned int)10, (unsigned int)1, ReadWriteMode, ADC1::ADC1CR2Base>, ADC1::ADC1CR2Base, (unsigned int)1>::Set<ReadWriteMode, void>()
                         0x800'36f1   0x14  Code  Gb  main.o [1]
void FieldValueBase<ADC1_CR2_SWSTART_Values<ADC1::CR2, (unsigned int)30, (unsigned int)1, ReadWriteMode, ADC1::ADC1CR2Base>, ADC1::ADC1CR2Base, (unsigned int)1>::Set<ReadWriteMode, void>()
                         0x800'3779   0x14  Code  Gb  main.o [1]
void FieldValueBase<ADC1_SMPR1_SMPx_x_Values<ADC1::SMPR1, (unsigned int)24, (unsigned int)3, ReadWriteMode, ADC1::ADC1SMPR1Base>, ADC1::ADC1SMPR1Base, (unsigned int)6>::Set<ReadWriteMode, void>()
                         0x800'3719   0x14  Code  Gb  main.o [1]
void FieldValueBase<ADC1_SMPR1_SMPx_x_Values<ADC1::SMPR2, (unsigned int)0, (unsigned int)3, ReadWriteMode, ADC1::ADC1SMPR1Base>, ADC1::ADC1SMPR1Base, (unsigned int)6>::Set<ReadWriteMode, void>()
                         0x800'3705   0x14  Code  Gb  main.o [1]
void FieldValueBase<ADC1_SQR1_L_Values<ADC1::SQR1, (unsigned int)20, (unsigned int)4, ReadWriteMode, ADC1::ADC1SQR1Base>, ADC1::ADC1SQR1Base, (unsigned int)1>::Set<ReadWriteMode, void>()
                         0x800'372d   0x14  Code  Gb  main.o [1]
void FieldValueBase<ADC1_SQR3_SQ1_Values<ADC1::SQR3, (unsigned int)0, (unsigned int)5, ReadWriteMode, ADC1::ADC1SQR3Base>, ADC1::ADC1SQR3Base, (unsigned int)18>::Set<ReadWriteMode, void>()
                         0x800'3741   0x14  Code  Gb  main.o [1]
void FieldValueBase<ADC1_SQR3_SQ2_Values<ADC1::SQR3, (unsigned int)5, (unsigned int)5, ReadWriteMode, ADC1::ADC1SQR3Base>, ADC1::ADC1SQR3Base, (unsigned int)0>::Set<ReadWriteMode, void>()
                         0x800'3755   0x10  Code  Gb  main.o [1]
void FieldValueBase<GPIOA_MODER_MODER0_Values<GPIOA::MODER, (unsigned int)0, (unsigned int)2, ReadWriteMode, GPIOA::GPIOAMODERBase>, GPIOA::GPIOAMODERBase, (unsigned int)3>::Set<ReadWriteMode, void>()
                         0x800'3615   0x14  Code  Gb  main.o [1]
void FieldValueBase<GPIOA_MODER_MODER15_Values<GPIOA::MODER, (unsigned int)10, (unsigned int)2, ReadWriteMode, GPIOA::GPIOAMODERBase>, GPIOA::GPIOAMODERBase, (unsigned int)1>::Set<ReadWriteMode, void>()
                         0x800'3629   0x14  Code  Gb  main.o [1]
void FieldValueBase<GPIOA_ODR_ODR5_Values<GPIOA::ODR, (unsigned int)5, (unsigned int)1, ReadWriteMode, GPIOA::GPIOAODRBase>, GPIOA::GPIOAODRBase, (unsigned int)1>::Set<ReadWriteMode, void>()
                         0x800'3add   0x14  Code  Gb  main.o [1]
void FieldValueBase<GPIOC_MODER_MODER15_Values<GPIOC::MODER, (unsigned int)10, (unsigned int)2, ReadWriteMode, GPIOC::GPIOCMODERBase>, GPIOC::GPIOCMODERBase, (unsigned int)1>::Set<ReadWriteMode, void>()
                         0x800'363d   0x14  Code  Gb  main.o [1]
void FieldValueBase<GPIOC_MODER_MODER15_Values<GPIOC::MODER, (unsigned int)16, (unsigned int)2, ReadWriteMode, GPIOC::GPIOCMODERBase>, GPIOC::GPIOCMODERBase, (unsigned int)1>::Set<ReadWriteMode, void>()
                         0x800'3651   0x14  Code  Gb  main.o [1]
void FieldValueBase<GPIOC_MODER_MODER15_Values<GPIOC::MODER, (unsigned int)18, (unsigned int)2, ReadWriteMode, GPIOC::GPIOCMODERBase>, GPIOC::GPIOCMODERBase, (unsigned int)1>::Set<ReadWriteMode, void>()
                         0x800'3665   0x14  Code  Gb  main.o [1]
void FieldValueBase<GPIOC_ODR_ODR5_Values<GPIOC::ODR, (unsigned int)5, (unsigned int)1, ReadWriteMode, GPIOC::GPIOCODRBase>, GPIOC::GPIOCODRBase, (unsigned int)0>::Set<ReadWriteMode, void>()
                         0x800'3aad   0x10  Code  Gb  main.o [1]
void FieldValueBase<GPIOC_ODR_ODR5_Values<GPIOC::ODR, (unsigned int)5, (unsigned int)1, ReadWriteMode, GPIOC::GPIOCODRBase>, GPIOC::GPIOCODRBase, (unsigned int)1>::Set<ReadWriteMode, void>()
                         0x800'3b19   0x14  Code  Gb  main.o [1]
void FieldValueBase<GPIOC_ODR_ODR8_Values<GPIOC::ODR, (unsigned int)8, (unsigned int)1, ReadWriteMode, GPIOC::GPIOCODRBase>, GPIOC::GPIOCODRBase, (unsigned int)0>::Set<ReadWriteMode, void>()
                         0x800'3acd   0x10  Code  Gb  main.o [1]
void FieldValueBase<GPIOC_ODR_ODR8_Values<GPIOC::ODR, (unsigned int)8, (unsigned int)1, ReadWriteMode, GPIOC::GPIOCODRBase>, GPIOC::GPIOCODRBase, (unsigned int)1>::Set<ReadWriteMode, void>()
                         0x800'3b05   0x14  Code  Gb  main.o [1]
void FieldValueBase<GPIOC_ODR_ODR9_Values<GPIOC::ODR, (unsigned int)9, (unsigned int)1, ReadWriteMode, GPIOC::GPIOCODRBase>, GPIOC::GPIOCODRBase, (unsigned int)0>::Set<ReadWriteMode, void>()
                         0x800'3abd   0x10  Code  Gb  main.o [1]
void FieldValueBase<GPIOC_ODR_ODR9_Values<GPIOC::ODR, (unsigned int)9, (unsigned int)1, ReadWriteMode, GPIOC::GPIOCODRBase>, GPIOC::GPIOCODRBase, (unsigned int)1>::Set<ReadWriteMode, void>()
                         0x800'3af1   0x14  Code  Gb  main.o [1]
void FieldValueBase<RCC_AHB1ENR_DMA2EN_Values<RCC::AHB1ENR, (unsigned int)2, (unsigned int)1, ReadWriteMode, RCC::RCCAHB1ENRBase>, RCC::RCCAHB1ENRBase, (unsigned int)1>::Set<ReadWriteMode, void>()
                         0x800'3601   0x14  Code  Gb  main.o [1]
void FieldValueBase<RCC_AHB1ENR_DMA2EN_Values<RCC::APB2ENR, (unsigned int)8, (unsigned int)1, ReadWriteMode, RCC::RCCAPB2ENRBase>, RCC::RCCAPB2ENRBase, (unsigned int)1>::Set<ReadWriteMode, void>()
                         0x800'36c9   0x14  Code  Gb  main.o [1]
void FieldValueBase<RCC_AHB1ENR_GPIOAEN_Values<RCC::AHB1ENR, (unsigned int)0, (unsigned int)1, ReadWriteMode, RCC::RCCAHB1ENRBase>, RCC::RCCAHB1ENRBase, (unsigned int)1>::Set<ReadWriteMode, void>()
                         0x800'35ed   0x14  Code  Gb  main.o [1]
void FieldValueBase<RCC_CFGR_SW_Values<RCC::CFGR, (unsigned int)0, (unsigned int)2, ReadWriteMode, RCC::RCCCFGRBase>, RCC::RCCCFGRBase, (unsigned int)1>::Set<ReadWriteMode, void>()
                         0x800'35bd   0x14  Code  Gb  main.o [1]
void FieldValueBase<RCC_CR_HSEON_Values<RCC::CR, (unsigned int)16, (unsigned int)1, ReadWriteMode, RCC::RCCCRBase>, RCC::RCCCRBase, (unsigned int)1>::Set<ReadWriteMode, void>()
                         0x800'3599   0x14  Code  Gb  main.o [1]
void FieldValueBase<TIM2_CR1_CEN_Values<TIM2::CR1, (unsigned int)0, (unsigned int)1, ReadWriteMode, TIM2::TIM2CR1Base>, TIM2::TIM2CR1Base, (unsigned int)1>::Set<ReadWriteMode, void>()
                         0x800'36a3   0x12  Code  Gb  main.o [1]
void FieldValueBase<TIM2_CR1_URS_Values<TIM2::CR1, (unsigned int)2, (unsigned int)1, ReadWriteMode, TIM2::TIM2CR1Base>, TIM2::TIM2CR1Base, (unsigned int)1>::Set<ReadWriteMode, void>()
                         0x800'3691   0x12  Code  Gb  main.o [1]
void FieldValueBase<TIM2_DIER_UIE_Values<TIM2::DIER, (unsigned int)0, (unsigned int)1, ReadWriteMode, TIM2::TIM2DIERBase>, TIM2::TIM2DIERBase, (unsigned int)1>::Set<ReadWriteMode, void>()
                         0x800'36b5   0x14  Code  Gb  main.o [1]
void RegisterBase<(unsigned int)1073741864, (unsigned int)32, ReadWriteMode>::Write<ReadWriteMode, void>(unsigned int)
                         0x800'3679    0xc  Code  Gb  main.o [1]
void RegisterBase<(unsigned int)1073741868, (unsigned int)32, ReadWriteMode>::Write<ReadWriteMode, void>(unsigned int)
                         0x800'3685    0xc  Code  Gb  main.o [1]
void std::_Deallocate<char>(char *, unsigned int)
                         0x800'4b13    0x8  Code  Gb  main.o [1]
void std::_Wrap_alloc<std::allocator<char>>::construct<char *, char *>(char * *, char * &&...)
                         0x800'4a7b   0x18  Code  Gb  main.o [1]
void std::_Wrap_alloc<std::allocator<char>>::destroy<char *>(char * *)
                         0x800'476f    0x8  Code  Gb  main.o [1]
void std::allocator<char>::construct<char *, char *>(char * *, char * &&...)
                         0x800'4c2b   0x20  Code  Gb  main.o [1]
void std::allocator<char>::destroy<char *>(char * *)
                         0x800'4b11    0x2  Code  Gb  main.o [1]
void std::allocator_traits<std::allocator<char>>::construct<char *, char *>(std::allocator<char>&, char * *, char * &&...)
                         0x800'4bab   0x18  Code  Gb  main.o [1]
void std::allocator_traits<std::allocator<char>>::destroy<char *>(std::allocator<char>&, char * *)
                         0x800'4a1f    0x8  Code  Gb  main.o [1]
void std::numpunct<char>::_Getvals<char>(char)
                         0x800'4bf9   0x1a  Code  Gb  main.o [1]


[1] = C:\POIP Hub\7\Lab6Empty\Debug\Obj
[2] = dl7M_tln.a
[3] = dlpp7M_tl_nc.a
[4] = m7M_tls.a
[5] = rt7M_tl.a
[6] = shb_l.a

  22'575 bytes of readonly  code memory
     685 bytes of readonly  data memory
  17'574 bytes of readwrite data memory

Errors: none
Warnings: none
