###############################################################################
#
# IAR ELF Linker V8.40.1.212/W32 for ARM                  07/Nov/2019  20:49:50
# Copyright 2007-2019 IAR Systems AB.
#
#    Output file  =  F:\衔认\POIP Hub\2\Debug\Exe\2.out
#    Map file     =  F:\衔认\POIP Hub\2\Debug\List\2.map
#    Command line =
#        -f C:\Users\User\AppData\Local\Temp\EWBCE4.tmp ("F:\衔认\POIP
#        Hub\2\Debug\Obj\main.o" "F:\衔认\POIP Hub\2\Debug\Obj\startup.o"
#        --no_out_extension -o "F:\衔认\POIP Hub\2\Debug\Exe\2.out"
#        --redirect _Printf=_PrintfFullNoMb --redirect _Scanf=_ScanfFullNoMb
#        --map "F:\衔认\POIP Hub\2\Debug\List\2.map" --config
#        "F:\衔认\POIP Hub\2\2_la.icf" --semihosting --entry
#        __iar_program_start --vfe --enable_stack_usage --text_out locale)
#
###############################################################################

*******************************************************************************
*** MESSAGES
***

Warning[Ls015]: [stack usage analysis] at least one function appears to be
          uncalled. Example: "InterruptHandler::DummyHandler()". A complete
          list of uncalled functions is in the map file.


*******************************************************************************
*** RUNTIME MODEL ATTRIBUTES
***

CppFlavor        = *
__CPP_Exceptions = Disabled
__CPP_Language   = C++14
__SystemLibrary  = DLib
__dlib_version   = 6


*******************************************************************************
*** HEAP SELECTION
***

The basic heap was selected because no calls to memory allocation
functions were found in the application outside of system library
functions, and there are calls to deallocation functions in the
application.


*******************************************************************************
*** PLACEMENT SUMMARY
***

"A0":  place at address 0x800'0000 { ro section .intvec };
"P1":  place in [from 0x800'0000 to 0x807'ffff] { ro };
define block CSTACK with size = 32, alignment = 8 { };
define block HEAP with size = 0, alignment = 8 { };
"P2":  place in [from 0x2000'0000 to 0x2001'ffff] {
          rw, block CSTACK, block HEAP };

No sections matched the following patterns:

  rw  in "P2"


  Section   Kind         Address   Size  Object
  -------   ----         -------   ----  ------
"A0":                              0xbc
  .intvec   const     0x800'0000   0xbc  startup.o [1]
                    - 0x800'00bc   0xbc

"P1":                             0x2c4
  .text     ro code   0x800'00bc   0xc8  main.o [1]
  .text     ro code   0x800'0184   0x14  main.o [1]
  .text     ro code   0x800'0198   0x10  main.o [1]
  .text     ro code   0x800'01a8   0x14  main.o [1]
  .text     ro code   0x800'01bc   0x1c  main.o [1]
  .text     ro code   0x800'01d8   0x14  main.o [1]
  .text     ro code   0x800'01ec   0x14  main.o [1]
  .text     ro code   0x800'0200   0x14  main.o [1]
  .text     ro code   0x800'0214   0x14  main.o [1]
  .text     ro code   0x800'0228   0x14  main.o [1]
  .text     ro code   0x800'023c   0x14  main.o [1]
  .text     ro code   0x800'0250   0x10  main.o [1]
  .text     ro code   0x800'0260   0x18  main.o [1]
  .text     ro code   0x800'0278   0x14  main.o [1]
  .text     ro code   0x800'028c   0x10  main.o [1]
  .text     ro code   0x800'029c   0x14  main.o [1]
  .text     ro code   0x800'02b0   0x10  main.o [1]
  .text     ro code   0x800'02c0   0x14  main.o [1]
  .text     ro code   0x800'02d4   0x10  main.o [1]
  .text     ro code   0x800'02e4   0x14  main.o [1]
  .text     ro code   0x800'02f8   0x10  main.o [1]
  .text     ro code   0x800'0308   0x22  fpinit_M.o [3]
  .text     ro code   0x800'032a    0x2  startup.o [1]
  .text     ro code   0x800'032c   0x1e  cmain.o [4]
  .text     ro code   0x800'034a    0x4  exit.o [2]
  .text     ro code   0x800'034e    0x2  startup.o [1]
  .text     ro code   0x800'0350    0xa  cexit.o [4]
  .rodata   const     0x800'035a    0x1  unwind_debug.o [5]
  .text     ro code   0x800'035c   0x14  exit.o [5]
  .text     ro code   0x800'0370   0x10  startup.o [1]
                    - 0x800'0380  0x2c4

"P2":                              0x20
  CSTACK             0x2000'0000   0x20  <Block>
    CSTACK  uninit   0x2000'0000   0x20  <Block tail>
                   - 0x2000'0020   0x20

Unused ranges:

         From           To      Size
         ----           --      ----
   0x800'0380   0x807'ffff  0x7'fc80
  0x2000'0020  0x2001'ffff  0x1'ffe0


*******************************************************************************
*** STACK USAGE
***

  Call Graph Root Category  Max Use  Total Use
  ------------------------  -------  ---------
  Program entry                 16         16
  Uncalled function              0          0


Program entry
  "__iar_program_start": 0x800'0371

  Maximum call chain                               16  bytes

    "__iar_program_start"                           8
    "__cmain"                                       0
    "__low_level_init"                              8
    "void FieldValueBase<RCC_CR_HSEON_Values<RCC::CR, (unsigned int)16, (unsigned int)1, ReadWriteMode, RCC::RCCCRBase>, RCC::RCCCRBase, (unsigned int)1>::Set<ReadWriteMode, void>()"
                                                    0

Uncalled function
  "InterruptHandler::DummyHandler()": 0x800'032b

  Maximum call chain                                0  bytes

    "InterruptHandler::DummyHandler()"              0

Uncalled function
  "InterruptHandler::Timer2Handler()": 0x800'034f

  Maximum call chain                                0  bytes

    "InterruptHandler::Timer2Handler()"             0


*******************************************************************************
*** MODULE SUMMARY
***

    Module          ro code  ro data  rw data
    ------          -------  -------  -------
command line/config:
    -----------------------------------------
    Total:

F:\衔认\POIP Hub\2\Debug\Obj: [1]
    main.o              588
    startup.o            20      188
    -----------------------------------------
    Total:              608      188

dl7M_tln.a: [2]
    exit.o                4
    -----------------------------------------
    Total:                4

m7M_tls.a: [3]
    fpinit_M.o           34
    -----------------------------------------
    Total:               34

rt7M_tl.a: [4]
    cexit.o              10
    cmain.o              30
    -----------------------------------------
    Total:               40

shb_l.a: [5]
    exit.o               20
    unwind_debug.o                 1
    -----------------------------------------
    Total:               20        1

    Gaps                  1
    Linker created                         32
---------------------------------------------
    Grand Total:        707      189       32


*******************************************************************************
*** ENTRY LIST
***

Entry                       Address  Size  Type      Object
-----                       -------  ----  ----      ------
?main                    0x800'032d        Code  Gb  cmain.o [4]
CSTACK$$Base            0x2000'0000         --   Gb  - Linker created -
CSTACK$$Limit           0x2000'0020         --   Gb  - Linker created -
InterruptHandler::DummyHandler()
                         0x800'032b   0x2  Code  Gb  startup.o [1]
InterruptHandler::Timer2Handler()
                         0x800'034f   0x2  Code  Gb  startup.o [1]
Region$$Table$$Base             0x0         --   Gb  - Linker created -
Region$$Table$$Limit            0x0         --   Gb  - Linker created -
__cmain                  0x800'032d        Code  Gb  cmain.o [4]
__exit                   0x800'035d  0x14  Code  Gb  exit.o [5]
__iar_debug_exceptions   0x800'035a   0x1  Data  Gb  unwind_debug.o [5]
__iar_init_vfp           0x800'0309        Code  Gb  fpinit_M.o [3]
__iar_program_start      0x800'0371  0x10  Code  Gb  startup.o [1]
__low_level_init         0x800'00bd  0x3a  Code  Gb  main.o [1]
__vector_table           0x800'0000  0xbc  Data  Lc  startup.o [1]
_call_main               0x800'0339        Code  Gb  cmain.o [4]
_exit                    0x800'0351        Code  Gb  cexit.o [4]
_main                    0x800'0347        Code  Gb  cmain.o [4]
bool FieldValueBase<GPIOC_IDR_IDR13_Values<GPIOC::IDR, (unsigned int)13, (unsigned int)1, ReadMode, GPIOC::GPIOCIDRBase>, GPIOC::GPIOCIDRBase, (unsigned int)0>::IsSet<ReadMode, void>()
                         0x800'0261  0x18  Code  Gb  main.o [1]
bool FieldValueBase<RCC_CFGR_SWS_Values<RCC::CFGR, (unsigned int)2, (unsigned int)2, ReadMode, RCC::RCCCFGRBase>, RCC::RCCCFGRBase, (unsigned int)1>::IsSet<ReadMode, void>()
                         0x800'01bd  0x1c  Code  Gb  main.o [1]
bool FieldValueBase<RCC_CR_HSERDY_Values<RCC::CR, (unsigned int)17, (unsigned int)1, ReadMode, RCC::RCCCRBase>, RCC::RCCCRBase, (unsigned int)1>::IsSet<ReadMode, void>()
                         0x800'0199  0x10  Code  Gb  main.o [1]
exit                     0x800'034b   0x4  Code  Gb  exit.o [2]
main                     0x800'00f7  0x88  Code  Gb  main.o [1]
void FieldValueBase<GPIOA_MODER_MODER15_Values<GPIOA::MODER, (unsigned int)10, (unsigned int)2, ReadWriteMode, GPIOA::GPIOAMODERBase>, GPIOA::GPIOAMODERBase, (unsigned int)1>::Set<ReadWriteMode, void>()
                         0x800'0201  0x14  Code  Gb  main.o [1]
void FieldValueBase<GPIOA_ODR_ODR5_Values<GPIOA::ODR, (unsigned int)5, (unsigned int)1, ReadWriteMode, GPIOA::GPIOAODRBase>, GPIOA::GPIOAODRBase, (unsigned int)0>::Set<ReadWriteMode, void>()
                         0x800'028d  0x10  Code  Gb  main.o [1]
void FieldValueBase<GPIOA_ODR_ODR5_Values<GPIOA::ODR, (unsigned int)5, (unsigned int)1, ReadWriteMode, GPIOA::GPIOAODRBase>, GPIOA::GPIOAODRBase, (unsigned int)1>::Set<ReadWriteMode, void>()
                         0x800'0279  0x14  Code  Gb  main.o [1]
void FieldValueBase<GPIOC_MODER_MODER15_Values<GPIOC::MODER, (unsigned int)10, (unsigned int)2, ReadWriteMode, GPIOC::GPIOCMODERBase>, GPIOC::GPIOCMODERBase, (unsigned int)1>::Set<ReadWriteMode, void>()
                         0x800'0215  0x14  Code  Gb  main.o [1]
void FieldValueBase<GPIOC_MODER_MODER15_Values<GPIOC::MODER, (unsigned int)16, (unsigned int)2, ReadWriteMode, GPIOC::GPIOCMODERBase>, GPIOC::GPIOCMODERBase, (unsigned int)1>::Set<ReadWriteMode, void>()
                         0x800'0229  0x14  Code  Gb  main.o [1]
void FieldValueBase<GPIOC_MODER_MODER15_Values<GPIOC::MODER, (unsigned int)18, (unsigned int)2, ReadWriteMode, GPIOC::GPIOCMODERBase>, GPIOC::GPIOCMODERBase, (unsigned int)1>::Set<ReadWriteMode, void>()
                         0x800'023d  0x14  Code  Gb  main.o [1]
void FieldValueBase<GPIOC_MODER_MODER15_Values<GPIOC::MODER, (unsigned int)26, (unsigned int)2, ReadWriteMode, GPIOC::GPIOCMODERBase>, GPIOC::GPIOCMODERBase, (unsigned int)0>::Set<ReadWriteMode, void>()
                         0x800'0251  0x10  Code  Gb  main.o [1]
void FieldValueBase<GPIOC_ODR_ODR5_Values<GPIOC::ODR, (unsigned int)5, (unsigned int)1, ReadWriteMode, GPIOC::GPIOCODRBase>, GPIOC::GPIOCODRBase, (unsigned int)0>::Set<ReadWriteMode, void>()
                         0x800'02f9  0x10  Code  Gb  main.o [1]
void FieldValueBase<GPIOC_ODR_ODR5_Values<GPIOC::ODR, (unsigned int)5, (unsigned int)1, ReadWriteMode, GPIOC::GPIOCODRBase>, GPIOC::GPIOCODRBase, (unsigned int)1>::Set<ReadWriteMode, void>()
                         0x800'02e5  0x14  Code  Gb  main.o [1]
void FieldValueBase<GPIOC_ODR_ODR8_Values<GPIOC::ODR, (unsigned int)8, (unsigned int)1, ReadWriteMode, GPIOC::GPIOCODRBase>, GPIOC::GPIOCODRBase, (unsigned int)0>::Set<ReadWriteMode, void>()
                         0x800'02d5  0x10  Code  Gb  main.o [1]
void FieldValueBase<GPIOC_ODR_ODR8_Values<GPIOC::ODR, (unsigned int)8, (unsigned int)1, ReadWriteMode, GPIOC::GPIOCODRBase>, GPIOC::GPIOCODRBase, (unsigned int)1>::Set<ReadWriteMode, void>()
                         0x800'02c1  0x14  Code  Gb  main.o [1]
void FieldValueBase<GPIOC_ODR_ODR9_Values<GPIOC::ODR, (unsigned int)9, (unsigned int)1, ReadWriteMode, GPIOC::GPIOCODRBase>, GPIOC::GPIOCODRBase, (unsigned int)0>::Set<ReadWriteMode, void>()
                         0x800'02b1  0x10  Code  Gb  main.o [1]
void FieldValueBase<GPIOC_ODR_ODR9_Values<GPIOC::ODR, (unsigned int)9, (unsigned int)1, ReadWriteMode, GPIOC::GPIOCODRBase>, GPIOC::GPIOCODRBase, (unsigned int)1>::Set<ReadWriteMode, void>()
                         0x800'029d  0x14  Code  Gb  main.o [1]
void FieldValueBase<RCC_AHB1ENR_DMA2EN_Values<RCC::AHB1ENR, (unsigned int)0, (unsigned int)1, ReadWriteMode, RCC::RCCAHB1ENRBase>, RCC::RCCAHB1ENRBase, (unsigned int)1>::Set<ReadWriteMode, void>()
                         0x800'01ed  0x14  Code  Gb  main.o [1]
void FieldValueBase<RCC_AHB1ENR_DMA2EN_Values<RCC::AHB1ENR, (unsigned int)2, (unsigned int)1, ReadWriteMode, RCC::RCCAHB1ENRBase>, RCC::RCCAHB1ENRBase, (unsigned int)1>::Set<ReadWriteMode, void>()
                         0x800'01d9  0x14  Code  Gb  main.o [1]
void FieldValueBase<RCC_CFGR_SW_Values<RCC::CFGR, (unsigned int)0, (unsigned int)2, ReadWriteMode, RCC::RCCCFGRBase>, RCC::RCCCFGRBase, (unsigned int)1>::Set<ReadWriteMode, void>()
                         0x800'01a9  0x14  Code  Gb  main.o [1]
void FieldValueBase<RCC_CR_HSEON_Values<RCC::CR, (unsigned int)16, (unsigned int)1, ReadWriteMode, RCC::RCCCRBase>, RCC::RCCCRBase, (unsigned int)1>::Set<ReadWriteMode, void>()
                         0x800'0185  0x14  Code  Gb  main.o [1]


[1] = F:\衔认\POIP Hub\2\Debug\Obj
[2] = dl7M_tln.a
[3] = m7M_tls.a
[4] = rt7M_tl.a
[5] = shb_l.a

  707 bytes of readonly  code memory
  189 bytes of readonly  data memory
   32 bytes of readwrite data memory

Errors: none
Warnings: 1
