###############################################################################
#
# IAR ELF Linker V8.40.1.212/W32 for ARM                  15/Oct/2019  19:56:13
# Copyright 2007-2019 IAR Systems AB.
#
#    Output file  =  C:\POIP Hub\2\Debug\Exe\2.out
#    Map file     =  C:\POIP Hub\2\Debug\List\2.map
#    Command line =
#        -f C:\Users\User\AppData\Local\Temp\EW719F.tmp ("C:\POIP
#        Hub\2\Debug\Obj\main.o" "C:\POIP Hub\2\Debug\Obj\startup.o"
#        --no_out_extension -o "C:\POIP Hub\2\Debug\Exe\2.out" --redirect
#        _Printf=_PrintfFullNoMb --redirect _Scanf=_ScanfFullNoMb --map
#        "C:\POIP Hub\2\Debug\List\2.map" --config "C:\POIP Hub\2\2_la.icf"
#        --semihosting --entry __iar_program_start --vfe --enable_stack_usage
#        --text_out locale)
#
###############################################################################

*******************************************************************************
*** MESSAGES
***

Warning[Ls015]: [stack usage analysis] at least one function appears to be
          uncalled. Example: "InterruptHandler::DummyHandler()". A complete
          list of uncalled functions is in the map file.


*******************************************************************************
*** RUNTIME MODEL ATTRIBUTES
***

CppFlavor        = *
__CPP_Exceptions = Disabled
__CPP_Language   = C++14
__SystemLibrary  = DLib
__dlib_version   = 6


*******************************************************************************
*** HEAP SELECTION
***

The basic heap was selected because no calls to memory allocation
functions were found in the application outside of system library
functions, and there are calls to deallocation functions in the
application.


*******************************************************************************
*** PLACEMENT SUMMARY
***

"A0":  place at address 0x800'0000 { ro section .intvec };
"P1":  place in [from 0x800'0000 to 0x807'ffff] { ro };
define block CSTACK with size = 32, alignment = 8 { };
define block HEAP with size = 0, alignment = 8 { };
"P2":  place in [from 0x2000'0000 to 0x2001'ffff] {
          rw, block CSTACK, block HEAP };

  Section          Kind         Address   Size  Object
  -------          ----         -------   ----  ------
"A0":                                     0xbc
  .intvec          const     0x800'0000   0xbc  startup.o [1]
                           - 0x800'00bc   0xbc

"P1":                                    0x264
  .text            ro code   0x800'00bc   0xa0  main.o [1]
  .text            ro code   0x800'015c   0x14  main.o [1]
  .text            ro code   0x800'0170   0x14  main.o [1]
  .text            ro code   0x800'0184   0x14  main.o [1]
  .text            ro code   0x800'0198   0x14  main.o [1]
  .text            ro code   0x800'01ac   0x14  main.o [1]
  .text            ro code   0x800'01c0   0x14  main.o [1]
  .text            ro code   0x800'01d4   0x14  main.o [1]
  .text            ro code   0x800'01e8   0x14  main.o [1]
  .text            ro code   0x800'01fc   0x10  main.o [1]
  .text            ro code   0x800'020c   0x10  main.o [1]
  .text            ro code   0x800'021c   0x10  main.o [1]
  .text            ro code   0x800'022c   0x3a  zero_init3.o [4]
  .text            ro code   0x800'0266    0x2  startup.o [1]
  .text            ro code   0x800'0268   0x28  data_init.o [4]
  .text            ro code   0x800'0290   0x22  fpinit_M.o [3]
  .iar.init_table  const     0x800'02b4   0x10  - Linker created -
  .text            ro code   0x800'02c4    0x2  startup.o [1]
  .text            ro code   0x800'02c8   0x1e  cmain.o [4]
  .text            ro code   0x800'02e6    0x4  low_level_init.o [2]
  .text            ro code   0x800'02ea    0x4  exit.o [2]
  .rodata          const     0x800'02ee    0x1  unwind_debug.o [5]
  .text            ro code   0x800'02f0    0xa  cexit.o [4]
  .text            ro code   0x800'02fc   0x14  exit.o [5]
  .text            ro code   0x800'0310   0x10  startup.o [1]
  .rodata          const     0x800'0320    0x0  zero_init3.o [4]
                           - 0x800'0320  0x264

"P2", part 1 of 2:                         0x4
  .bss             zero     0x2000'0000    0x4  main.o [1]
                          - 0x2000'0004    0x4

"P2", part 2 of 2:                        0x20
  CSTACK                    0x2000'0008   0x20  <Block>
    CSTACK         uninit   0x2000'0008   0x20  <Block tail>
                          - 0x2000'0028   0x20

Unused ranges:

         From           To      Size
         ----           --      ----
   0x800'0320   0x807'ffff  0x7'fce0
  0x2000'0004  0x2000'0007       0x4
  0x2000'0028  0x2001'ffff  0x1'ffd8


*******************************************************************************
*** INIT TABLE
***

          Address      Size
          -------      ----
Zero (__iar_zero_init3)
    1 destination range, total size 0x4:
          0x2000'0000   0x4


*******************************************************************************
*** STACK USAGE
***

  Call Graph Root Category  Max Use  Total Use
  ------------------------  -------  ---------
  Program entry                 24         24
  Uncalled function              0          0


Program entry
  "__iar_program_start": 0x800'0311

  Maximum call chain                               24  bytes

    "__iar_program_start"                           8
    "__cmain"                                       0
    "__iar_data_init3"                              8
    "__iar_zero_init3"                              8

Uncalled function
  "InterruptHandler::DummyHandler()": 0x800'0267

  Maximum call chain                                0  bytes

    "InterruptHandler::DummyHandler()"              0

Uncalled function
  "InterruptHandler::Timer2Handler()": 0x800'02c5

  Maximum call chain                                0  bytes

    "InterruptHandler::Timer2Handler()"             0


*******************************************************************************
*** MODULE SUMMARY
***

    Module            ro code  ro data  rw data
    ------            -------  -------  -------
command line/config:
    -------------------------------------------
    Total:

C:\POIP Hub\2\Debug\Obj: [1]
    main.o                368                 4
    startup.o              20      188
    -------------------------------------------
    Total:                388      188        4

dl7M_tln.a: [2]
    exit.o                  4
    low_level_init.o        4
    -------------------------------------------
    Total:                  8

m7M_tls.a: [3]
    fpinit_M.o             34
    -------------------------------------------
    Total:                 34

rt7M_tl.a: [4]
    cexit.o                10
    cmain.o                30
    data_init.o            40
    zero_init3.o           58
    -------------------------------------------
    Total:                138

shb_l.a: [5]
    exit.o                 20
    unwind_debug.o                   1
    -------------------------------------------
    Total:                 20        1

    Gaps                    5        2
    Linker created                  16       32
-----------------------------------------------
    Grand Total:          593      207       36


*******************************************************************************
*** ENTRY LIST
***

Entry                       Address  Size  Type      Object
-----                       -------  ----  ----      ------
.iar.init_table$$Base    0x800'02b4         --   Gb  - Linker created -
.iar.init_table$$Limit   0x800'02c4         --   Gb  - Linker created -
?main                    0x800'02c9        Code  Gb  cmain.o [4]
CSTACK$$Base            0x2000'0008         --   Gb  - Linker created -
CSTACK$$Limit           0x2000'0028         --   Gb  - Linker created -
InterruptHandler::DummyHandler()
                         0x800'0267   0x2  Code  Gb  startup.o [1]
InterruptHandler::Timer2Handler()
                         0x800'02c5   0x2  Code  Gb  startup.o [1]
Region$$Table$$Base      0x800'02b4         --   Gb  - Linker created -
Region$$Table$$Limit     0x800'02c4         --   Gb  - Linker created -
__cmain                  0x800'02c9        Code  Gb  cmain.o [4]
__exit                   0x800'02fd  0x14  Code  Gb  exit.o [5]
__iar_data_init3         0x800'0269  0x28  Code  Gb  data_init.o [4]
__iar_debug_exceptions   0x800'02ee   0x1  Data  Gb  unwind_debug.o [5]
__iar_init_vfp           0x800'0291        Code  Gb  fpinit_M.o [3]
__iar_program_start      0x800'0311  0x10  Code  Gb  startup.o [1]
__iar_zero_init3         0x800'022d  0x3a  Code  Gb  zero_init3.o [4]
__low_level_init         0x800'02e7   0x4  Code  Gb  low_level_init.o [2]
__vector_table           0x800'0000  0xbc  Data  Lc  startup.o [1]
_call_main               0x800'02d5        Code  Gb  cmain.o [4]
_exit                    0x800'02f1        Code  Gb  cexit.o [4]
_main                    0x800'02e3        Code  Gb  cmain.o [4]
exit                     0x800'02eb   0x4  Code  Gb  exit.o [2]
i                       0x2000'0000   0x4  Data  Gb  main.o [1]
main                     0x800'00bd  0xa0  Code  Gb  main.o [1]
void FieldValueBase<GPIOC_MODER_MODER_Values<GPIOC::MODER, (unsigned int)10, (unsigned int)2, ReadWriteMode, GPIOC::GPIOCMODERBase>, GPIOC::GPIOCMODERBase, (unsigned int)1>::Set<ReadWriteMode, void>()
                         0x800'0185  0x14  Code  Gb  main.o [1]
void FieldValueBase<GPIOC_MODER_MODER_Values<GPIOC::MODER, (unsigned int)16, (unsigned int)2, ReadWriteMode, GPIOC::GPIOCMODERBase>, GPIOC::GPIOCMODERBase, (unsigned int)1>::Set<ReadWriteMode, void>()
                         0x800'0199  0x14  Code  Gb  main.o [1]
void FieldValueBase<GPIOC_MODER_MODER_Values<GPIOC::MODER, (unsigned int)18, (unsigned int)2, ReadWriteMode, GPIOC::GPIOCMODERBase>, GPIOC::GPIOCMODERBase, (unsigned int)1>::Set<ReadWriteMode, void>()
                         0x800'01ad  0x14  Code  Gb  main.o [1]
void FieldValueBase<GPIOC_ODR_ODR_Values<GPIOC::ODR, (unsigned int)5, (unsigned int)1, ReadWriteMode, GPIOC::GPIOCODRBase>, GPIOC::GPIOCODRBase, (unsigned int)0>::Set<ReadWriteMode, void>()
                         0x800'01fd  0x10  Code  Gb  main.o [1]
void FieldValueBase<GPIOC_ODR_ODR_Values<GPIOC::ODR, (unsigned int)5, (unsigned int)1, ReadWriteMode, GPIOC::GPIOCODRBase>, GPIOC::GPIOCODRBase, (unsigned int)1>::Set<ReadWriteMode, void>()
                         0x800'01c1  0x14  Code  Gb  main.o [1]
void FieldValueBase<GPIOC_ODR_ODR_Values<GPIOC::ODR, (unsigned int)8, (unsigned int)1, ReadWriteMode, GPIOC::GPIOCODRBase>, GPIOC::GPIOCODRBase, (unsigned int)0>::Set<ReadWriteMode, void>()
                         0x800'020d  0x10  Code  Gb  main.o [1]
void FieldValueBase<GPIOC_ODR_ODR_Values<GPIOC::ODR, (unsigned int)8, (unsigned int)1, ReadWriteMode, GPIOC::GPIOCODRBase>, GPIOC::GPIOCODRBase, (unsigned int)1>::Set<ReadWriteMode, void>()
                         0x800'01d5  0x14  Code  Gb  main.o [1]
void FieldValueBase<GPIOC_ODR_ODR_Values<GPIOC::ODR, (unsigned int)9, (unsigned int)1, ReadWriteMode, GPIOC::GPIOCODRBase>, GPIOC::GPIOCODRBase, (unsigned int)0>::Set<ReadWriteMode, void>()
                         0x800'021d  0x10  Code  Gb  main.o [1]
void FieldValueBase<GPIOC_ODR_ODR_Values<GPIOC::ODR, (unsigned int)9, (unsigned int)1, ReadWriteMode, GPIOC::GPIOCODRBase>, GPIOC::GPIOCODRBase, (unsigned int)1>::Set<ReadWriteMode, void>()
                         0x800'01e9  0x14  Code  Gb  main.o [1]
void FieldValueBase<RCC_AHBENR_GPIOAEN_Values<RCC::AHB1ENR, (unsigned int)0, (unsigned int)1, ReadWriteMode, RCC::RCCAHB1ENRBase>, RCC::RCCAHB1ENRBase, (unsigned int)1>::Set<ReadWriteMode, void>()
                         0x800'015d  0x14  Code  Gb  main.o [1]
void FieldValueBase<RCC_AHBENR_GPIOCEN_Values<RCC::AHB1ENR, (unsigned int)2, (unsigned int)1, ReadWriteMode, RCC::RCCAHB1ENRBase>, RCC::RCCAHB1ENRBase, (unsigned int)1>::Set<ReadWriteMode, void>()
                         0x800'0171  0x14  Code  Gb  main.o [1]


[1] = C:\POIP Hub\2\Debug\Obj
[2] = dl7M_tln.a
[3] = m7M_tls.a
[4] = rt7M_tl.a
[5] = shb_l.a

  593 bytes of readonly  code memory
  207 bytes of readonly  data memory
   36 bytes of readwrite data memory

Errors: none
Warnings: 1
