###############################################################################
#
# IAR ELF Linker V8.20.2.14835/W32 for ARM                26/Oct/2019  11:23:59
# Copyright 2007-2017 IAR Systems AB.
#
#    Output file  =  F:\衔认\POIP Hub\2\Debug\Exe\2.out
#    Map file     =  F:\衔认\POIP Hub\2\Debug\List\2.map
#    Command line =  
#        -f C:\Users\-06~1\AppData\Local\Temp\EWE371.tmp ("F:\衔认\POIP
#        Hub\2\Debug\Obj\main.o" "F:\衔认\POIP Hub\2\Debug\Obj\startup.o"
#        -o "F:\衔认\POIP Hub\2\Debug\Exe\2.out" --redirect
#        _Printf=_PrintfFullNoMb --redirect _Scanf=_ScanfFullNoMb --map
#        "F:\衔认\POIP Hub\2\Debug\List\2.map" --config "F:\衔认\POIP
#        Hub\2\2_la.icf" --semihosting --entry __iar_program_start --vfe
#        --enable_stack_usage --text_out locale)
#
###############################################################################

*******************************************************************************
*** MESSAGES
***

Warning[Ls015]: [stack usage analysis] at least one function appears to be
          uncalled. Example: "InterruptHandler::DummyHandler()". A complete
          list of uncalled functions is in the map file.


*******************************************************************************
*** RUNTIME MODEL ATTRIBUTES
***

CppFlavor        = *
__CPP_Exceptions = Disabled
__CPP_Language   = C++14
__SystemLibrary  = DLib
__dlib_version   = 6


*******************************************************************************
*** HEAP SELECTION
***

The basic heap was selected because no calls to memory allocation
functions were found in the application outside of system library
functions, and there are calls to deallocation functions in the
application.


*******************************************************************************
*** PLACEMENT SUMMARY
***

"A0":  place at 0x08000000 { ro section .intvec };
"P1":  place in [from 0x08000000 to 0x0807ffff] { ro };
define block CSTACK with size = 32, alignment = 8 { };
define block HEAP with size = 0M, alignment = 8 { };
"P2":  place in [from 0x20000000 to 0x2001ffff] {
          rw, block CSTACK, block HEAP };

No sections matched the following patterns:

  rw  in "P2"


  Section   Kind        Address   Size  Object
  -------   ----        -------   ----  ------
"A0":                             0xbc
  .intvec   const    0x08000000   0xbc  startup.o [1]
                   - 0x080000bc   0xbc

"P1":                            0x300
  .text     ro code  0x080000bc   0xc8  main.o [1]
  .text     ro code  0x08000184   0x18  main.o [1]
  .text     ro code  0x0800019c   0x10  main.o [1]
  .text     ro code  0x080001ac   0x18  main.o [1]
  .text     ro code  0x080001c4   0x1c  main.o [1]
  .text     ro code  0x080001e0   0x18  main.o [1]
  .text     ro code  0x080001f8   0x18  main.o [1]
  .text     ro code  0x08000210   0x18  main.o [1]
  .text     ro code  0x08000228   0x18  main.o [1]
  .text     ro code  0x08000240   0x18  main.o [1]
  .text     ro code  0x08000258   0x18  main.o [1]
  .text     ro code  0x08000270   0x14  main.o [1]
  .text     ro code  0x08000284   0x10  main.o [1]
  .text     ro code  0x08000294   0x18  main.o [1]
  .text     ro code  0x080002ac   0x14  main.o [1]
  .text     ro code  0x080002c0   0x18  main.o [1]
  .text     ro code  0x080002d8   0x14  main.o [1]
  .text     ro code  0x080002ec   0x18  main.o [1]
  .text     ro code  0x08000304   0x14  main.o [1]
  .text     ro code  0x08000318   0x18  main.o [1]
  .text     ro code  0x08000330   0x14  main.o [1]
  .text     ro code  0x08000344   0x22  fpinit_M.o [4]
  .text     ro code  0x08000366    0x2  startup.o [1]
  .text     ro code  0x08000368   0x1e  cmain.o [5]
  .text     ro code  0x08000386    0x4  exit.o [3]
  .text     ro code  0x0800038a    0x2  startup.o [1]
  .text     ro code  0x0800038c    0xa  cexit.o [5]
  .rodata   const    0x08000396    0x1  unwind_debug.o [6]
  .text     ro code  0x08000398   0x14  exit.o [6]
  .text     ro code  0x080003ac   0x10  startup.o [1]
                   - 0x080003bc  0x300

"P2":                             0x20
  CSTACK             0x20000000   0x20  <Block>
    CSTACK  uninit   0x20000000   0x20  <Block tail>
                   - 0x20000020   0x20


*******************************************************************************
*** STACK USAGE
***

  Call Graph Root Category  Max Use  Total Use
  ------------------------  -------  ---------
  Program entry                 16         16
  Uncalled function              0          0


Program entry
  "__iar_program_start": 0x080003ad

  Maximum call chain                               16  bytes

    "__iar_program_start"                           8
    "__cmain"                                       0
    "__low_level_init"                              8
    "void FieldValueBase<RCC_CR_HSEON_Values<RCC::CR, (unsigned int)16, (unsigned int)1, ReadWriteMode, RCC::RCCCRBase>, RCC::RCCCRBase, (unsigned int)1>::Set<ReadWriteMode, void>()"
                                                    0

Uncalled function
  "InterruptHandler::DummyHandler()": 0x08000367

  Maximum call chain                                0  bytes

    "InterruptHandler::DummyHandler()"              0

Uncalled function
  "InterruptHandler::Timer2Handler()": 0x0800038b

  Maximum call chain                                0  bytes

    "InterruptHandler::Timer2Handler()"             0


*******************************************************************************
*** MODULE SUMMARY
***

    Module          ro code  ro data  rw data
    ------          -------  -------  -------
F:\衔认\POIP Hub\2\Debug\Obj: [1]
    main.o              648
    startup.o            20      188
    -----------------------------------------
    Total:              668      188

command line: [2]
    -----------------------------------------
    Total:

dl7M_tln.a: [3]
    exit.o                4
    -----------------------------------------
    Total:                4

m7M_tls.a: [4]
    fpinit_M.o           34
    -----------------------------------------
    Total:               34

rt7M_tl.a: [5]
    cexit.o              10
    cmain.o              30
    -----------------------------------------
    Total:               40

shb_l.a: [6]
    exit.o               20
    unwind_debug.o                 1
    -----------------------------------------
    Total:               20        1

    Gaps                  1
    Linker created                         32
---------------------------------------------
    Grand Total:        767      189       32


*******************************************************************************
*** ENTRY LIST
***

Entry                      Address  Size  Type      Object
-----                      -------  ----  ----      ------
?main                   0x08000369        Code  Gb  cmain.o [5]
CSTACK$$Base            0x20000000         --   Gb  - Linker created -
CSTACK$$Limit           0x20000020         --   Gb  - Linker created -
InterruptHandler::DummyHandler()
                        0x08000367   0x2  Code  Gb  startup.o [1]
InterruptHandler::Timer2Handler()
                        0x0800038b   0x2  Code  Gb  startup.o [1]
Region$$Table$$Base     0x00000000         --   Gb  - Linker created -
Region$$Table$$Limit    0x00000000         --   Gb  - Linker created -
__cmain                 0x08000369        Code  Gb  cmain.o [5]
__exit                  0x08000399  0x14  Code  Gb  exit.o [6]
__iar_debug_exceptions  0x08000396   0x1  Data  Gb  unwind_debug.o [6]
__iar_init_vfp          0x08000345        Code  Gb  fpinit_M.o [4]
__iar_program_start     0x080003ad  0x10  Code  Gb  startup.o [1]
__iar_systems$$module {Abs}
                        0x00000001        Data  Gb  command line/config [2]
__low_level_init        0x080000bd  0x3a  Code  Gb  main.o [1]
__vector_table          0x08000000  0xbc  Data  Lc  startup.o [1]
_call_main              0x08000375        Code  Gb  cmain.o [5]
_exit                   0x0800038d        Code  Gb  cexit.o [5]
_main                   0x08000383        Code  Gb  cmain.o [5]
bool FieldValueBase<GPIOC_IDR_IDR13_Values<GPIOC::IDR, (unsigned int)13, (unsigned int)1, ReadMode, GPIOC::GPIOCIDRBase>, GPIOC::GPIOCIDRBase, (unsigned int)1>::IsSet<ReadMode, void>()
                        0x08000285  0x10  Code  Gb  main.o [1]
bool FieldValueBase<RCC_CFGR_SWS_Values<RCC::CFGR, (unsigned int)2, (unsigned int)2, ReadMode, RCC::RCCCFGRBase>, RCC::RCCCFGRBase, (unsigned int)1>::IsSet<ReadMode, void>()
                        0x080001c5  0x1c  Code  Gb  main.o [1]
bool FieldValueBase<RCC_CR_HSERDY_Values<RCC::CR, (unsigned int)17, (unsigned int)1, ReadMode, RCC::RCCCRBase>, RCC::RCCCRBase, (unsigned int)1>::IsSet<ReadMode, void>()
                        0x0800019d  0x10  Code  Gb  main.o [1]
exit                    0x08000387   0x4  Code  Gb  exit.o [3]
main                    0x080000f7  0x8a  Code  Gb  main.o [1]
void FieldValueBase<GPIOA_MODER_MODER15_Values<GPIOA::MODER, (unsigned int)10, (unsigned int)2, ReadWriteMode, GPIOA::GPIOAMODERBase>, GPIOA::GPIOAMODERBase, (unsigned int)1>::Set<ReadWriteMode, void>()
                        0x08000211  0x18  Code  Gb  main.o [1]
void FieldValueBase<GPIOA_ODR_ODR5_Values<GPIOA::ODR, (unsigned int)5, (unsigned int)1, ReadWriteMode, GPIOA::GPIOAODRBase>, GPIOA::GPIOAODRBase, (unsigned int)0>::Set<ReadWriteMode, void>()
                        0x080002ad  0x14  Code  Gb  main.o [1]
void FieldValueBase<GPIOA_ODR_ODR5_Values<GPIOA::ODR, (unsigned int)5, (unsigned int)1, ReadWriteMode, GPIOA::GPIOAODRBase>, GPIOA::GPIOAODRBase, (unsigned int)1>::Set<ReadWriteMode, void>()
                        0x08000295  0x18  Code  Gb  main.o [1]
void FieldValueBase<GPIOC_MODER_MODER15_Values<GPIOC::MODER, (unsigned int)10, (unsigned int)2, ReadWriteMode, GPIOC::GPIOCMODERBase>, GPIOC::GPIOCMODERBase, (unsigned int)1>::Set<ReadWriteMode, void>()
                        0x08000229  0x18  Code  Gb  main.o [1]
void FieldValueBase<GPIOC_MODER_MODER15_Values<GPIOC::MODER, (unsigned int)16, (unsigned int)2, ReadWriteMode, GPIOC::GPIOCMODERBase>, GPIOC::GPIOCMODERBase, (unsigned int)1>::Set<ReadWriteMode, void>()
                        0x08000241  0x18  Code  Gb  main.o [1]
void FieldValueBase<GPIOC_MODER_MODER15_Values<GPIOC::MODER, (unsigned int)18, (unsigned int)2, ReadWriteMode, GPIOC::GPIOCMODERBase>, GPIOC::GPIOCMODERBase, (unsigned int)1>::Set<ReadWriteMode, void>()
                        0x08000259  0x18  Code  Gb  main.o [1]
void FieldValueBase<GPIOC_MODER_MODER15_Values<GPIOC::MODER, (unsigned int)26, (unsigned int)2, ReadWriteMode, GPIOC::GPIOCMODERBase>, GPIOC::GPIOCMODERBase, (unsigned int)0>::Set<ReadWriteMode, void>()
                        0x08000271  0x14  Code  Gb  main.o [1]
void FieldValueBase<GPIOC_ODR_ODR5_Values<GPIOC::ODR, (unsigned int)5, (unsigned int)1, ReadWriteMode, GPIOC::GPIOCODRBase>, GPIOC::GPIOCODRBase, (unsigned int)0>::Set<ReadWriteMode, void>()
                        0x08000331  0x14  Code  Gb  main.o [1]
void FieldValueBase<GPIOC_ODR_ODR5_Values<GPIOC::ODR, (unsigned int)5, (unsigned int)1, ReadWriteMode, GPIOC::GPIOCODRBase>, GPIOC::GPIOCODRBase, (unsigned int)1>::Set<ReadWriteMode, void>()
                        0x08000319  0x18  Code  Gb  main.o [1]
void FieldValueBase<GPIOC_ODR_ODR8_Values<GPIOC::ODR, (unsigned int)8, (unsigned int)1, ReadWriteMode, GPIOC::GPIOCODRBase>, GPIOC::GPIOCODRBase, (unsigned int)0>::Set<ReadWriteMode, void>()
                        0x08000305  0x14  Code  Gb  main.o [1]
void FieldValueBase<GPIOC_ODR_ODR8_Values<GPIOC::ODR, (unsigned int)8, (unsigned int)1, ReadWriteMode, GPIOC::GPIOCODRBase>, GPIOC::GPIOCODRBase, (unsigned int)1>::Set<ReadWriteMode, void>()
                        0x080002ed  0x18  Code  Gb  main.o [1]
void FieldValueBase<GPIOC_ODR_ODR9_Values<GPIOC::ODR, (unsigned int)9, (unsigned int)1, ReadWriteMode, GPIOC::GPIOCODRBase>, GPIOC::GPIOCODRBase, (unsigned int)0>::Set<ReadWriteMode, void>()
                        0x080002d9  0x14  Code  Gb  main.o [1]
void FieldValueBase<GPIOC_ODR_ODR9_Values<GPIOC::ODR, (unsigned int)9, (unsigned int)1, ReadWriteMode, GPIOC::GPIOCODRBase>, GPIOC::GPIOCODRBase, (unsigned int)1>::Set<ReadWriteMode, void>()
                        0x080002c1  0x18  Code  Gb  main.o [1]
void FieldValueBase<RCC_AHB1ENR_DMA2EN_Values<RCC::AHB1ENR, (unsigned int)0, (unsigned int)1, ReadWriteMode, RCC::RCCAHB1ENRBase>, RCC::RCCAHB1ENRBase, (unsigned int)1>::Set<ReadWriteMode, void>()
                        0x080001f9  0x18  Code  Gb  main.o [1]
void FieldValueBase<RCC_AHB1ENR_DMA2EN_Values<RCC::AHB1ENR, (unsigned int)2, (unsigned int)1, ReadWriteMode, RCC::RCCAHB1ENRBase>, RCC::RCCAHB1ENRBase, (unsigned int)1>::Set<ReadWriteMode, void>()
                        0x080001e1  0x18  Code  Gb  main.o [1]
void FieldValueBase<RCC_CFGR_SW_Values<RCC::CFGR, (unsigned int)0, (unsigned int)2, ReadWriteMode, RCC::RCCCFGRBase>, RCC::RCCCFGRBase, (unsigned int)1>::Set<ReadWriteMode, void>()
                        0x080001ad  0x18  Code  Gb  main.o [1]
void FieldValueBase<RCC_CR_HSEON_Values<RCC::CR, (unsigned int)16, (unsigned int)1, ReadWriteMode, RCC::RCCCRBase>, RCC::RCCCRBase, (unsigned int)1>::Set<ReadWriteMode, void>()
                        0x08000185  0x18  Code  Gb  main.o [1]


[1] = F:\衔认\POIP Hub\2\Debug\Obj
[2] = command line
[3] = dl7M_tln.a
[4] = m7M_tls.a
[5] = rt7M_tl.a
[6] = shb_l.a

  767 bytes of readonly  code memory
  189 bytes of readonly  data memory
   32 bytes of readwrite data memory

Errors: none
Warnings: 1
