###############################################################################
#
# IAR ELF Linker V8.40.1.212/W32 for ARM                  27/Dec/2019  21:41:14
# Copyright 2007-2019 IAR Systems AB.
#
#    Output file  =
#        C:\POIP Hub\5\stm32Labs-master\Lab4Empty\Debug\Exe\lab4.out
#    Map file     =
#        C:\POIP Hub\5\stm32Labs-master\Lab4Empty\Debug\List\lab4.map
#    Command line =
#        -f C:\Users\User\AppData\Local\Temp\EWB6B0.tmp ("C:\POIP
#        Hub\5\stm32Labs-master\Lab4Empty\Debug\Obj\main.o" "C:\POIP
#        Hub\5\stm32Labs-master\Lab4Empty\Debug\Obj\startup.o"
#        --no_out_extension -o "C:\POIP
#        Hub\5\stm32Labs-master\Lab4Empty\Debug\Exe\lab4.out" --map "C:\POIP
#        Hub\5\stm32Labs-master\Lab4Empty\Debug\List\lab4.map" --config
#        "C:\Program Files (x86)\IAR Systems\Embedded Workbench
#        8.3\arm\config\linker\ST\stm32f411xE.icf" --semihosting --entry
#        __iar_program_start --vfe --text_out locale)
#
###############################################################################

*******************************************************************************
*** RUNTIME MODEL ATTRIBUTES
***

CppFlavor        = *
__CPP_Exceptions = Disabled
__CPP_Language   = C++14
__SystemLibrary  = DLib
__dlib_version   = 6


*******************************************************************************
*** HEAP SELECTION
***

The basic heap was selected because no calls to memory allocation
functions were found in the application outside of system library
functions, and there are calls to deallocation functions in the
application.


*******************************************************************************
*** PLACEMENT SUMMARY
***

"A0":  place at address 0x800'0000 { ro section .intvec };
"P1":  place in [from 0x800'0000 to 0x807'ffff] { ro };
define block CSTACK with size = 8K, alignment = 8 { };
define block HEAP with size = 8K, alignment = 8 { };
"P2":  place in [from 0x2000'0000 to 0x2001'ffff] {
          rw, block CSTACK, block HEAP };

No sections matched the following patterns:

  rw  in "P2"


  Section   Kind         Address    Size  Object
  -------   ----         -------    ----  ------
"A0":                              0x10c
  .intvec   const     0x800'0000   0x10c  startup.o [1]
                    - 0x800'010c   0x10c

"P1":                              0x240
  .text     ro code   0x800'010c    0x50  main.o [1]
  .text     ro code   0x800'015c    0x14  main.o [1]
  .text     ro code   0x800'0170    0x10  main.o [1]
  .text     ro code   0x800'0180    0x10  main.o [1]
  .text     ro code   0x800'0190    0x18  main.o [1]
  .text     ro code   0x800'01a8    0x14  main.o [1]
  .text     ro code   0x800'01bc    0x14  main.o [1]
  .text     ro code   0x800'01d0    0x14  main.o [1]
  .text     ro code   0x800'01e4     0xc  main.o [1]
  .text     ro code   0x800'01f0     0xc  main.o [1]
  .text     ro code   0x800'01fc     0xc  main.o [1]
  .text     ro code   0x800'0208    0x14  main.o [1]
  .text     ro code   0x800'021c    0x14  main.o [1]
  .text     ro code   0x800'0230    0x14  main.o [1]
  .text     ro code   0x800'0244    0x22  fpinit_M.o [3]
  .text     ro code   0x800'0266     0x2  startup.o [1]
  .text     ro code   0x800'0268    0x1e  cmain.o [4]
  .text     ro code   0x800'0286     0x4  exit.o [2]
  .rodata   const     0x800'028a     0x1  unwind_debug.o [5]
  .text     ro code   0x800'028c     0xa  cexit.o [4]
  .text     ro code   0x800'0298    0x14  exit.o [5]
  .text     ro code   0x800'02ac    0x18  startup.o [1]
  .text     ro code   0x800'02c4    0x10  startup.o [1]
  .text     ro code   0x800'02d4    0x10  startup.o [1]
  .text     ro code   0x800'02e4    0x10  startup.o [1]
  .text     ro code   0x800'02f4    0x16  startup.o [1]
  .text     ro code   0x800'030c    0x10  startup.o [1]
  .text     ro code   0x800'031c    0x10  startup.o [1]
  .text     ro code   0x800'032c    0x10  startup.o [1]
  .text     ro code   0x800'033c    0x10  startup.o [1]
                    - 0x800'034c   0x240

"P2":                             0x2000
  CSTACK             0x2000'0000  0x2000  <Block>
    CSTACK  uninit   0x2000'0000  0x2000  <Block tail>
                   - 0x2000'2000  0x2000

Unused ranges:

         From           To      Size
         ----           --      ----
   0x800'034c   0x807'ffff  0x7'fcb4
  0x2000'2000  0x2001'ffff  0x1'e000



*******************************************************************************
*** MODULE SUMMARY
***

    Module          ro code  ro data  rw data
    ------          -------  -------  -------
command line/config:
    -----------------------------------------
    Total:

C:\POIP Hub\5\stm32Labs-master\Lab4Empty\Debug\Obj: [1]
    main.o              312
    startup.o           160      268
    -----------------------------------------
    Total:              472      268

dl7M_tln.a: [2]
    exit.o                4
    -----------------------------------------
    Total:                4

m7M_tls.a: [3]
    fpinit_M.o           34
    -----------------------------------------
    Total:               34

rt7M_tl.a: [4]
    cexit.o              10
    cmain.o              30
    -----------------------------------------
    Total:               40

shb_l.a: [5]
    exit.o               20
    unwind_debug.o                 1
    -----------------------------------------
    Total:               20        1

    Gaps                  5
    Linker created                      8'192
---------------------------------------------
    Grand Total:        575      269    8'192


*******************************************************************************
*** ENTRY LIST
***

Entry                       Address   Size  Type      Object
-----                       -------   ----  ----      ------
?main                    0x800'0269         Code  Gb  cmain.o [4]
CSTACK$$Base            0x2000'0000          --   Gb  - Linker created -
CSTACK$$Limit           0x2000'2000          --   Gb  - Linker created -
InterruptHandler::DummyHandler()
                         0x800'0267    0x2  Code  Gb  startup.o [1]
InterruptHandler::Timer2Handler()
                         0x800'02ad   0x18  Code  Gb  startup.o [1]
InterruptHandler::Timer5Handler()
                         0x800'02f5   0x16  Code  Gb  startup.o [1]
Region$$Table$$Base             0x0          --   Gb  - Linker created -
Region$$Table$$Limit            0x0          --   Gb  - Linker created -
__cmain                  0x800'0269         Code  Gb  cmain.o [4]
__exit                   0x800'0299   0x14  Code  Gb  exit.o [5]
__iar_debug_exceptions   0x800'028a    0x1  Data  Gb  unwind_debug.o [5]
__iar_init_vfp           0x800'0245         Code  Gb  fpinit_M.o [3]
__iar_program_start      0x800'033d   0x10  Code  Gb  startup.o [1]
__low_level_init         0x800'010d   0x4e  Code  Gb  main.o [1]
__vector_table           0x800'0000  0x10c  Data  Lc  startup.o [1]
_call_main               0x800'0275         Code  Gb  cmain.o [4]
_exit                    0x800'028d         Code  Gb  cexit.o [4]
_main                    0x800'0283         Code  Gb  cmain.o [4]
bool FieldValueBase<RCC_CFGR_SWS_Values<RCC::CFGR, (unsigned int)2, (unsigned int)2, ReadMode, RCC::RCCCFGRBase>, RCC::RCCCFGRBase, (unsigned int)0>::IsSet<ReadMode, void>()
                         0x800'0191   0x18  Code  Gb  main.o [1]
bool FieldValueBase<RCC_CR_HSIRDY_Values<RCC::CR, (unsigned int)1, (unsigned int)1, ReadMode, RCC::RCCCRBase>, RCC::RCCCRBase, (unsigned int)1>::IsSet<ReadMode, void>()
                         0x800'0171   0x10  Code  Gb  main.o [1]
bool FieldValueBase<TIM2_SR_UIF_Values<TIM2::SR, (unsigned int)0, (unsigned int)1, ReadWriteMode, TIM2::TIM2SRBase>, TIM2::TIM2SRBase, (unsigned int)1>::IsSet<ReadWriteMode, void>()
                         0x800'02c5   0x10  Code  Gb  startup.o [1]
bool FieldValueBase<TIM5_SR_UIF_Values<TIM5::SR, (unsigned int)0, (unsigned int)1, ReadWriteMode, TIM5::TIM5SRBase>, TIM5::TIM5SRBase, (unsigned int)1>::IsSet<ReadWriteMode, void>()
                         0x800'030d   0x10  Code  Gb  startup.o [1]
exit                     0x800'0287    0x4  Code  Gb  exit.o [2]
main                     0x800'015b    0x2  Code  Gb  main.o [1]
void FieldValueBase<GPIOA_MODER_MODER5_Values<GPIOA::MODER, (unsigned int)10, (unsigned int)2, ReadWriteMode, GPIOA::GPIOAMODERBase>, GPIOA::GPIOAMODERBase, (unsigned int)1>::Set<ReadWriteMode, void>()
                         0x800'01d1   0x14  Code  Gb  main.o [1]
void FieldValueBase<RCC_AHB1ENR_DMA2EN_Values<RCC::AHB1ENR, (unsigned int)0, (unsigned int)1, ReadWriteMode, RCC::RCCAHB1ENRBase>, RCC::RCCAHB1ENRBase, (unsigned int)1>::Set<ReadWriteMode, void>()
                         0x800'01bd   0x14  Code  Gb  main.o [1]
void FieldValueBase<RCC_APB1ENR_TIM5EN_Values<RCC::APB1ENR, (unsigned int)3, (unsigned int)1, ReadWriteMode, RCC::RCCAPB1ENRBase>, RCC::RCCAPB1ENRBase, (unsigned int)1>::Set<ReadWriteMode, void>()
                         0x800'01a9   0x14  Code  Gb  main.o [1]
void FieldValueBase<RCC_CFGR_SW_Values<RCC::CFGR, (unsigned int)0, (unsigned int)2, ReadWriteMode, RCC::RCCCFGRBase>, RCC::RCCCFGRBase, (unsigned int)0>::Set<ReadWriteMode, void>()
                         0x800'0181   0x10  Code  Gb  main.o [1]
void FieldValueBase<RCC_CR_HSION_Values<RCC::CR, (unsigned int)0, (unsigned int)1, ReadWriteMode, RCC::RCCCRBase>, RCC::RCCCRBase, (unsigned int)1>::Set<ReadWriteMode, void>()
                         0x800'015d   0x14  Code  Gb  main.o [1]
void FieldValueBase<TIM2_SR_UIF_Values<TIM2::SR, (unsigned int)0, (unsigned int)1, ReadWriteMode, TIM2::TIM2SRBase>, TIM2::TIM2SRBase, (unsigned int)0>::Set<ReadWriteMode, void>()
                         0x800'02d5   0x10  Code  Gb  startup.o [1]
void FieldValueBase<TIM5_CR1_CEN_Values<TIM5::CR1, (unsigned int)0, (unsigned int)1, ReadWriteMode, TIM5::TIM5CR1Base>, TIM5::TIM5CR1Base, (unsigned int)1>::Set<ReadWriteMode, void>()
                         0x800'0231   0x14  Code  Gb  main.o [1]
void FieldValueBase<TIM5_CR1_URS_Values<TIM5::CR1, (unsigned int)2, (unsigned int)1, ReadWriteMode, TIM5::TIM5CR1Base>, TIM5::TIM5CR1Base, (unsigned int)1>::Set<ReadWriteMode, void>()
                         0x800'0209   0x14  Code  Gb  main.o [1]
void FieldValueBase<TIM5_DIER_UIE_Values<TIM5::DIER, (unsigned int)0, (unsigned int)1, ReadWriteMode, TIM5::TIM5DIERBase>, TIM5::TIM5DIERBase, (unsigned int)1>::Set<ReadWriteMode, void>()
                         0x800'021d   0x14  Code  Gb  main.o [1]
void FieldValueBase<TIM5_SR_UIF_Values<TIM5::SR, (unsigned int)0, (unsigned int)1, ReadWriteMode, TIM5::TIM5SRBase>, TIM5::TIM5SRBase, (unsigned int)0>::Set<ReadWriteMode, void>()
                         0x800'031d   0x10  Code  Gb  startup.o [1]
void RegisterBase<(unsigned int)1073744936, (unsigned int)32, ReadWriteMode>::Write<ReadWriteMode, void>(unsigned int)
                         0x800'01e5    0xc  Code  Gb  main.o [1]
void RegisterBase<(unsigned int)1073744940, (unsigned int)32, ReadWriteMode>::Write<ReadWriteMode, void>(unsigned int)
                         0x800'01f1    0xc  Code  Gb  main.o [1]
void RegisterBase<(unsigned int)1073872916, (unsigned int)32, ReadWriteMode>::Toggle<ReadWriteMode, void>(unsigned int)
                         0x800'032d   0x10  Code  Gb  startup.o [1]
void RegisterBase<(unsigned int)1073874964, (unsigned int)32, ReadWriteMode>::Toggle<ReadWriteMode, void>(unsigned int)
                         0x800'02e5   0x10  Code  Gb  startup.o [1]
void RegisterBase<(unsigned int)3758153988, (unsigned int)32, ReadWriteMode>::Write<ReadWriteMode, void>(unsigned int)
                         0x800'01fd    0xc  Code  Gb  main.o [1]


[1] = C:\POIP Hub\5\stm32Labs-master\Lab4Empty\Debug\Obj
[2] = dl7M_tln.a
[3] = m7M_tls.a
[4] = rt7M_tl.a
[5] = shb_l.a

    575 bytes of readonly  code memory
    269 bytes of readonly  data memory
  8'192 bytes of readwrite data memory

Errors: none
Warnings: none
