###############################################################################
#
# IAR ELF Linker V8.20.2.14835/W32 for ARM                14/Sep/2019  09:32:22
# Copyright 2007-2017 IAR Systems AB.
#
#    Output file  =  C:\Users\Студент-06\Documents\413\1\Debug\Exe\1.out
#    Map file     =  
#        C:\Users\Студент-06\Documents\413\1\Debug\List\1.map
#    Command line =  
#        -f C:\Users\-06~1\AppData\Local\Temp\EWDA15.tmp
#        (C:\Users\Студент-06\Documents\413\1\Debug\Obj\main.o -o
#        C:\Users\Студент-06\Documents\413\1\Debug\Exe\1.out --redirect
#        _Printf=_PrintfFullNoMb --redirect _Scanf=_ScanfFullNoMb --map
#        C:\Users\Студент-06\Documents\413\1\Debug\List\1.map --config
#        "C:\Program Files (x86)\IAR Systems\Embedded Workbench
#        8.0_3\arm\CONFIG\generic_cortex.icf" --semihosting --entry
#        __iar_program_start --vfe --text_out locale)
#
###############################################################################

*******************************************************************************
*** RUNTIME MODEL ATTRIBUTES
***

CppFlavor                     = *
__CPP_Exceptions              = Disabled
__CPP_Language                = C++14
__Heap_Handler                = DLMalloc
__SystemLibrary               = DLib
__dlib_dynamic_initialization = normal
__dlib_version                = 6


*******************************************************************************
*** HEAP SELECTION
***

The advanced heap was selected because the application calls memory
allocation functions outside of system library functions, and there
are calls to deallocation functions in the application.


*******************************************************************************
*** PLACEMENT SUMMARY
***

"A0":  place at 0x00000000 { ro section .intvec };
"P1":  place in [from 0x00000000 to 0x0007ffff] { ro };
define block CSTACK with size = 1K, alignment = 8 { };
define block PROC_STACK with size = 0M, alignment = 8 { };
define block HEAP with size = 2K, alignment = 8 { };
"P2":  place in [from 0x20000000 to 0x2000ffff] {
          rw, block CSTACK, block PROC_STACK, block HEAP };
initialize by copy { rw };

  Section                Kind        Address    Size  Object
  -------                ----        -------    ----  ------
"A0":                                           0x40
  .intvec                ro code  0x00000000    0x40  vector_table_M.o [6]
                                - 0x00000040    0x40

"P1":                                         0x6bf0
  .text                  ro code  0x00000040  0x14d4  dlmalloc.o [3]
  .text                  ro code  0x00001514     0x6  abort.o [3]
  .text                  ro code  0x0000151a    0x22  iostream_cout.o [4]
  .text                  ro code  0x0000153c    0x2c  xgetmemchunk.o [3]
  .text                  ro code  0x00001568    0x14  exit.o [7]
  .text                  ro code  0x0000157c    0x7c  iarttio.o [7]
  .text                  ro code  0x000015f8    0x3c  XShttio.o [3]
  .text                  ro code  0x00001634   0xe1e  xprintffull_nomb.o [3]
  .text                  ro code  0x00002452     0xa  xsprout.o [3]
  .text                  ro code  0x0000245c    0x16  strchr.o [6]
  .text                  ro code  0x00002472     0x6  iostream_cout.o [4]
  .text                  ro code  0x00002478    0x44  xfail_s.o [3]
  .text                  ro code  0x000024bc    0x36  strlen.o [6]
  .text                  ro code  0x000024f2     0x6  iostream_cout.o [4]
  .text                  ro code  0x000024f8    0x58  memchr.o [6]
  .text                  ro code  0x00002550   0x22e  I64DivMod.o [6]
  .rodata                const    0x0000277e     0x2  main.o [1]
  .text                  ro code  0x00002780   0x1a2  DblMul.o [5]
  .text                  ro code  0x00002922     0x2  iostream_cout.o [4]
  .text                  ro code  0x00002924    0x76  ABImemcpy_unaligned.o [6]
  .text                  ro code  0x0000299a     0x2  iostream_cout.o [4]
  .text                  ro code  0x0000299c    0x70  frexp.o [5]
  .text                  ro code  0x00002a0c    0x2e  DblCmpLe.o [5]
  .text                  ro code  0x00002a3a     0x2  vector_table_M.o [6]
  .text                  ro code  0x00002a3c    0x2e  DblCmpGe.o [5]
  .rodata                const    0x00002a6a     0x1  main.o [1]
  .rodata                const    0x00002a6b     0x1  unwind_debug.o [7]
  .text                  ro code  0x00002a6c   0x13a  ldexp.o [5]
  .text                  ro code  0x00002ba8    0x3a  DblToS32.o [5]
  .text                  ro code  0x00002be4    0x22  S32ToDbl.o [5]
  .text                  ro code  0x00002c08    0xe2  DblSub.o [5]
  .text                  ro code  0x00002cec   0x246  DblDiv.o [5]
  .text                  ro code  0x00002f34    0x28  DblToU32.o [5]
  .text                  ro code  0x00002f5c    0x1a  U32ToDbl.o [5]
  .text                  ro code  0x00002f78     0x2  I64DivZer.o [6]
  .text                  ro code  0x00002f7c   0x178  DblAdd.o [5]
  .text                  ro code  0x000030f4   0x4a0  main.o [1]
  .text                  ro code  0x00003594     0x4  main.o [1]
  .text                  ro code  0x00003598     0x6  main.o [1]
  .text                  ro code  0x000035a0   0x490  main.o [1]
  .text                  ro code  0x00003a30    0x34  main.o [1]
  .text                  ro code  0x00003a64     0xa  main.o [1]
  .text                  ro code  0x00003a70    0x24  main.o [1]
  .text                  ro code  0x00003a94    0x12  main.o [1]
  .text                  ro code  0x00003aa6     0x8  main.o [1]
  .text                  ro code  0x00003aae    0x14  main.o [1]
  .text                  ro code  0x00003ac2     0xe  main.o [1]
  .text                  ro code  0x00003ad0     0xc  main.o [1]
  .text                  ro code  0x00003adc     0xa  main.o [1]
  .text                  ro code  0x00003ae6    0x14  main.o [1]
  .text                  ro code  0x00003afa    0x1e  main.o [1]
  .text                  ro code  0x00003b18     0xa  main.o [1]
  .text                  ro code  0x00003b22    0x2a  main.o [1]
  .text                  ro code  0x00003b4c    0x5a  main.o [1]
  .text                  ro code  0x00003ba6     0xc  main.o [1]
  .text                  ro code  0x00003bb2    0x12  main.o [1]
  .text                  ro code  0x00003bc4     0xa  main.o [1]
  .text                  ro code  0x00003bd0    0x18  main.o [1]
  .text                  ro code  0x00003be8     0xa  cxxabi.o [4]
  .text                  ro code  0x00003bf4    0x18  main.o [1]
  .text                  ro code  0x00003c0c    0x40  main.o [1]
  .text                  ro code  0x00003c4c    0x3a  main.o [1]
  .text                  ro code  0x00003c86    0x34  main.o [1]
  .text                  ro code  0x00003cba     0xc  main.o [1]
  .text                  ro code  0x00003cc6     0xa  main.o [1]
  .text                  ro code  0x00003cd0     0x8  main.o [1]
  .text                  ro code  0x00003cd8    0x7a  main.o [1]
  .text                  ro code  0x00003d52    0x3a  main.o [1]
  .text                  ro code  0x00003d8c     0xa  main.o [1]
  .text                  ro code  0x00003d96    0x7a  main.o [1]
  .text                  ro code  0x00003e10    0x2a  main.o [1]
  .text                  ro code  0x00003e3a    0x28  main.o [1]
  .text                  ro code  0x00003e62     0xc  main.o [1]
  .text                  ro code  0x00003e6e     0x8  main.o [1]
  .text                  ro code  0x00003e78    0xa0  cppinit.o [3]
  .text                  ro code  0x00003f18     0x8  main.o [1]
  .text                  ro code  0x00003f20    0x24  main.o [1]
  .text                  ro code  0x00003f44    0x12  main.o [1]
  .text                  ro code  0x00003f56     0x6  main.o [1]
  .text                  ro code  0x00003f5c    0x24  main.o [1]
  .text                  ro code  0x00003f80     0x8  main.o [1]
  .text                  ro code  0x00003f88    0x12  main.o [1]
  .text                  ro code  0x00003f9a    0x12  main.o [1]
  .text                  ro code  0x00003fac     0xa  main.o [1]
  .text                  ro code  0x00003fb6     0x8  main.o [1]
  .text                  ro code  0x00003fbe     0x8  main.o [1]
  .text                  ro code  0x00003fc6     0x8  main.o [1]
  .text                  ro code  0x00003fce     0x8  main.o [1]
  .text                  ro code  0x00003fd6    0x12  main.o [1]
  .text                  ro code  0x00003fe8     0x8  main.o [1]
  .text                  ro code  0x00003ff0     0x8  main.o [1]
  .text                  ro code  0x00003ff8    0x18  main.o [1]
  .text                  ro code  0x00004010    0xd6  main.o [1]
  .text                  ro code  0x000040e6     0x6  main.o [1]
  .text                  ro code  0x000040ec    0x10  main.o [1]
  .text                  ro code  0x000040fc    0x12  main.o [1]
  .text                  ro code  0x00004110    0x28  main.o [1]
  .text                  ro code  0x00004138     0xc  main.o [1]
  .text                  ro code  0x00004144    0x18  main.o [1]
  .text                  ro code  0x0000415c     0x6  main.o [1]
  .text                  ro code  0x00004162     0x4  main.o [1]
  .text                  ro code  0x00004166     0xe  main.o [1]
  .text                  ro code  0x00004174     0x2  main.o [1]
  .text                  ro code  0x00004176    0x1c  main.o [1]
  .text                  ro code  0x00004192     0x2  main.o [1]
  .text                  ro code  0x00004194     0x8  main.o [1]
  .text                  ro code  0x0000419c     0x2  main.o [1]
  .text                  ro code  0x0000419e     0xc  main.o [1]
  .text                  ro code  0x000041aa     0x2  main.o [1]
  .text                  ro code  0x000041ac     0x8  main.o [1]
  .text                  ro code  0x000041b4     0x8  main.o [1]
  .text                  ro code  0x000041bc     0x8  main.o [1]
  .text                  ro code  0x000041c4     0x2  main.o [1]
  .text                  ro code  0x000041c6    0x18  main.o [1]
  .text                  ro code  0x000041e0    0x66  ABImemset.o [6]
  .text                  ro code  0x00004248    0x70  main.o [1]
  .text                  ro code  0x000042b8     0x4  main.o [1]
  .text                  ro code  0x000042bc     0x2  main.o [1]
  .text                  ro code  0x000042be     0x8  main.o [1]
  .text                  ro code  0x000042c6     0xa  main.o [1]
  .text                  ro code  0x000042d0     0x2  main.o [1]
  .text                  ro code  0x000042d2     0x8  main.o [1]
  .text                  ro code  0x000042da     0x2  main.o [1]
  .text                  ro code  0x000042dc     0x8  main.o [1]
  .text                  ro code  0x000042e4     0xe  main.o [1]
  .text                  ro code  0x000042f2     0x2  main.o [1]
  .text                  ro code  0x000042f4    0x18  main.o [1]
  .text                  ro code  0x0000430c    0x34  main.o [1]
  .text                  ro code  0x00004340    0x1a  main.o [1]
  .text                  ro code  0x0000435a     0x2  main.o [1]
  .text                  ro code  0x0000435c     0xa  delop_0.o [4]
  .text                  ro code  0x00004366     0x6  main.o [1]
  .text                  ro code  0x0000436c    0x12  main.o [1]
  .text                  ro code  0x0000437e    0x20  main.o [1]
  .text                  ro code  0x0000439e     0x4  heaptramp0.o [3]
  .text                  ro code  0x000043a4    0x24  newop_0.o [4]
  .text                  ro code  0x000043c8     0x4  main.o [1]
  .text                  ro code  0x000043cc     0x4  nomemory.o [4]
  .text                  ro code  0x000043d0   0x468  strto64.o [5]
  .text                  ro code  0x00004838   0x120  iar_Stopfx.o [3]
  .text                  ro code  0x00004958   0x1c8  iar_Stoflt.o [3]
  .text                  ro code  0x00004b20   0x214  iar_Stoxflt.o [3]
  .text                  ro code  0x00004d34   0x2ac  main.o [1]
  .text                  ro code  0x00004fe0    0x22  strcspn.o [3]
  .text                  ro code  0x00005002     0x6  main.o [1]
  .text                  ro code  0x00005008    0x96  main.o [1]
  .text                  ro code  0x0000509e     0x4  main.o [1]
  .text                  ro code  0x000050a2    0x2e  main.o [1]
  .text                  ro code  0x000050d0    0x2e  main.o [1]
  .text                  ro code  0x000050fe     0x8  main.o [1]
  .text                  ro code  0x00005106    0x12  main.o [1]
  .text                  ro code  0x00005118     0x2  main.o [1]
  .text                  ro code  0x0000511a    0x2e  main.o [1]
  .text                  ro code  0x00005148     0x2  main.o [1]
  .text                  ro code  0x0000514c    0x78  ABImemmove_unaligned.o [6]
  .text                  ro code  0x000051c4    0x32  main.o [1]
  .text                  ro code  0x000051f6    0x18  main.o [1]
  .text                  ro code  0x0000520e     0xe  main.o [1]
  .text                  ro code  0x0000521c   0x1b2  main.o [1]
  .text                  ro code  0x000053ce    0x12  main.o [1]
  .text                  ro code  0x000053e0    0x72  main.o [1]
  .text                  ro code  0x00005452     0x4  main.o [1]
  .text                  ro code  0x00005456     0x8  main.o [1]
  .text                  ro code  0x0000545e     0x6  main.o [1]
  .text                  ro code  0x00005464     0x4  main.o [1]
  .text                  ro code  0x00005468     0xa  main.o [1]
  .text                  ro code  0x00005472    0x28  main.o [1]
  .text                  ro code  0x0000549a     0xe  main.o [1]
  .text                  ro code  0x000054a8     0x8  main.o [1]
  .text                  ro code  0x000054b0    0x14  main.o [1]
  .text                  ro code  0x000054c4     0x4  main.o [1]
  .text                  ro code  0x000054c8    0x54  main.o [1]
  .text                  ro code  0x0000551c     0x4  main.o [1]
  .text                  ro code  0x00005520    0x18  main.o [1]
  .text                  ro code  0x00005538     0x8  main.o [1]
  .text                  ro code  0x00005540    0x28  main.o [1]
  .text                  ro code  0x00005568     0xa  main.o [1]
  .text                  ro code  0x00005572    0x14  main.o [1]
  .text                  ro code  0x00005588   0x100  ios.o [4]
  .text                  ro code  0x00005688     0x8  main.o [1]
  .text                  ro code  0x00005690    0x54  main.o [1]
  .text                  ro code  0x000056e4     0x8  main.o [1]
  .text                  ro code  0x000056ec    0x48  main.o [1]
  .text                  ro code  0x00005734    0x46  main.o [1]
  .text                  ro code  0x0000577c   0x18c  main.o [1]
  .text                  ro code  0x00005908     0x4  main.o [1]
  .text                  ro code  0x0000590c    0x20  DblCmpEq.o [5]
  .text                  ro code  0x0000592c    0xd0  main.o [1]
  .text                  ro code  0x000059fc    0x40  sprintf.o [3]
  .text                  ro code  0x00005a3c   0x110  main.o [1]
  .text                  ro code  0x00005b4c    0x84  main.o [1]
  .text                  ro code  0x00005bd0    0xf2  sqrt.o [5]
  .text                  ro code  0x00005cc4    0x68  DblToFlt.o [5]
  .text                  ro code  0x00005d2c    0xa8  main.o [1]
  .text                  ro code  0x00005dd4    0x1c  main.o [1]
  .text                  ro code  0x00005df0     0x4  main.o [1]
  .text                  ro code  0x00005df4    0x24  main.o [1]
  .text                  ro code  0x00005e18    0x14  main.o [1]
  .text                  ro code  0x00005e2c    0x26  main.o [1]
  .text                  ro code  0x00005e52     0xe  main.o [1]
  .text                  ro code  0x00005e60    0x24  main.o [1]
  .text                  ro code  0x00005e84     0x8  main.o [1]
  .text                  ro code  0x00005e8c    0x48  FltToDbl.o [5]
  .text                  ro code  0x00005ed4    0x20  main.o [1]
  .text                  ro code  0x00005ef4     0x4  main.o [1]
  .text                  ro code  0x00005ef8     0x8  main.o [1]
  .text                  ro code  0x00005f00    0xe4  main.o [1]
  .text                  ro code  0x00005fe4    0x18  main.o [1]
  .text                  ro code  0x00005ffc     0x8  main.o [1]
  .text                  ro code  0x00006004    0x18  main.o [1]
  .text                  ro code  0x0000601c    0x48  main.o [1]
  .text                  ro code  0x00006064    0x42  main.o [1]
  .text                  ro code  0x000060a6    0x20  main.o [1]
  .text                  ro code  0x000060c6     0x8  main.o [1]
  .text                  ro code  0x000060ce    0x46  main.o [1]
  .text                  ro code  0x00006114     0x8  main.o [1]
  .text                  ro code  0x0000611c    0x10  main.o [1]
  .text                  ro code  0x0000612c     0x6  main.o [1]
  .text                  ro code  0x00006132    0x14  isspace.o [3]
  .text                  ro code  0x00006148     0xc  main.o [1]
  .text                  ro code  0x00006154     0xc  main.o [1]
  .text                  ro code  0x00006160    0xb0  iostream_cin.o [4]
  .text                  ro code  0x00006210    0x54  iostream_cout.o [4]
  .text                  ro code  0x00006264    0xac  iostream_cout.o [4]
  .text                  ro code  0x00006310    0x88  main.o [1]
  .text                  ro code  0x00006398    0x7c  main.o [1]
  .text                  ro code  0x00006414    0x22  main.o [1]
  .text                  ro code  0x00006436    0x6c  main.o [1]
  .text                  ro code  0x000064a2    0x60  iostream_cout.o [4]
  .text                  ro code  0x00006502    0x52  main.o [1]
  .text                  ro code  0x00006554    0x32  main.o [1]
  .text                  ro code  0x00006586    0x4a  iostream_cout.o [4]
  .text                  ro code  0x000065d0    0x38  getchar.o [3]
  .text                  ro code  0x00006608    0x30  read.o [7]
  .rodata                const    0x00006638    0x44  iostream_cout.o [4]
  .rodata                const    0x0000667c    0x44  iostream_cout.o [4]
  .text                  ro code  0x000066c0    0x40  zero_init3.o [6]
  .rodata                const    0x00006700    0x3c  main.o [1]
  .rodata                const    0x0000673c    0x3c  main.o [1]
  .text                  ro code  0x00006778    0x38  iostream_cout.o [4]
  .text                  ro code  0x000067b0    0x20  putchar.o [3]
  .text                  ro code  0x000067d0    0x10  write.o [7]
  .text                  ro code  0x000067e0    0x1e  dwrite.o [7]
  .text                  ro code  0x000067fe    0x20  iarwstd.o [7]
  .text                  ro code  0x0000681e    0x22  iarwrite.o [7]
  .text                  ro code  0x00006840    0x34  iostream_cout.o [4]
  .rodata                const    0x00006874    0x30  main.o [1]
  .rodata                const    0x000068a4    0x30  main.o [1]
  .text                  ro code  0x000068d4    0x2c  iostream_cout.o [4]
  .text                  ro code  0x00006900    0x2c  copy_init3.o [6]
  .rodata                const    0x0000692c    0x28  iostream_cin.o [4]
  .rodata                const    0x00006954    0x28  iostream_cout.o [4]
  .text                  ro code  0x0000697c    0x28  data_init.o [6]
  .rodata                const    0x000069a4    0x24  main.o [1]
  .rodata                const    0x000069c8    0x24  main.o [1]
  .text                  ro code  0x000069ec    0x24  main.o [1]
  .text                  ro code  0x00006a10    0x18  main.o [1]
  .iar.init_table        const    0x00006a28    0x28  - Linker created -
  .rodata                const    0x00006a50    0x20  main.o [1]
  .rodata                const    0x00006a70    0x20  main.o [1]
  .text                  ro code  0x00006a90    0x20  cmain_call_ctors.o [6]
  .text                  ro code  0x00006ab0    0x1e  cmain.o [6]
  .text                  ro code  0x00006ace     0x4  low_level_init.o [3]
  .text                  ro code  0x00006ad2     0x4  exit.o [3]
  .text                  ro code  0x00006ad8     0xe  cexit.o [6]
  .rodata                const    0x00006ae8    0x18  main.o [1]
  .text                  ro code  0x00006b00    0x18  main.o [1]
  .text                  ro code  0x00006b18    0x18  main.o [1]
  .text                  ro code  0x00006b30     0x4  delaop_0.o [4]
  .text                  ro code  0x00006b34    0x14  iostream_cout.o [4]
  .rodata                const    0x00006b48    0x10  main.o [1]
  .rodata                const    0x00006b58    0x10  main.o [1]
  .rodata                const    0x00006b68    0x10  main.o [1]
  .rodata                const    0x00006b78    0x10  ios.o [4]
  .rodata                const    0x00006b88    0x10  iostream_cout.o [4]
  .text                  ro code  0x00006b98    0x10  iostream_cin.o [4]
  .text                  ro code  0x00006ba8     0xe  main.o [1]
  .text                  ro code  0x00006bb6     0x8  main.o [1]
  .text                  ro code  0x00006bbe     0xe  iostream_cout.o [4]
  .text                  ro code  0x00006bcc     0xc  cstartup_M.o [6]
  SHT$$PREINIT_ARRAY              0x00006bd8     0x8  <Block>
    .preinit_array       const    0x00006bd8     0x4  iostream_cin.o [4]
    .preinit_array       const    0x00006bdc     0x4  iostream_cout.o [4]
  SHT$$INIT_ARRAY                 0x00006be0     0x4  <Block>
    .init_array          const    0x00006be0     0x4  ios.o [4]
  __iar_tls$$INIT_ARRAY           0x00006be4     0x0  <Block>
  Initializer bytes      const    0x00006be4     0xc  <for P2-1>
  .text                  ro code  0x00006bf0     0xa  main.o [1]
  .rodata                const    0x00006bfc     0x8  main.o [1]
  .rodata                const    0x00006c04     0x8  main.o [1]
  .rodata                const    0x00006c0c     0x8  main.o [1]
  .rodata                const    0x00006c14     0x8  main.o [1]
  .rodata                const    0x00006c1c     0x4  main.o [1]
  .rodata                const    0x00006c20     0x4  main.o [1]
  .text                  ro code  0x00006c24     0x4  main.o [1]
  .text                  ro code  0x00006c28     0x4  main.o [1]
  .text                  ro code  0x00006c2c     0x4  iostream_cout.o [4]
  .text                  ro code  0x00006c30     0x0  cstart_call_dtors.o [6]
  .rodata                const    0x00006c30     0x0  zero_init3.o [6]
  .rodata                const    0x00006c30     0x0  copy_init3.o [6]
                                - 0x00006c30  0x6bf0

"P2", part 1 of 3:                               0xc
  P2-1                            0x20000000     0xc  <Init block>
    .data                inited   0x20000000     0x4  getchar.o [3]
    .data                inited   0x20000004     0x8  XShttio.o [3]
                                - 0x2000000c     0xc

"P2", part 2 of 3:                             0x354
  .bss                   zero     0x2000000c   0x1d8  dlmalloc.o [3]
  .bss                   zero     0x200001e4    0x70  iostream_cin.o [4]
  .bss                   zero     0x20000254    0x70  iostream_cout.o [4]
  .bss                   zero     0x200002c4    0x34  ios.o [4]
  .bss                   zero     0x200002f8    0x18  dlmalloc.o [3]
  .bss                   zero     0x20000310    0x14  main.o [1]
  .bss                   zero     0x20000328    0x10  ios.o [4]
  .bss                   zero     0x20000338     0x4  main.o [1]
  .bss                   zero     0x2000033c     0x4  main.o [1]
  .bss                   zero     0x20000340     0x4  main.o [1]
  .bss                   zero     0x20000344     0x4  cppinit.o [3]
  .bss                   zero     0x20000348     0x4  cppinit.o [3]
  .bss                   zero     0x2000034c     0x4  new.o [4]
  .bss                   zero     0x20000350     0x4  xfail_s.o [3]
  .bss                   zero     0x20000354     0x4  xgetmemchunk.o [3]
  .bss                   zero     0x20000358     0x1  main.o [1]
  .bss                   zero     0x20000359     0x1  main.o [1]
  .bss                   zero     0x2000035a     0x1  main.o [1]
  .bss                   zero     0x2000035b     0x1  main.o [1]
  .bss                   zero     0x2000035c     0x1  XShttio.o [3]
                                - 0x2000035d   0x351

"P2", part 3 of 3:                             0xdb0
  .iar.dynexit                    0x20000360   0x1b0  <Block>
    .iar.dynexit         uninit   0x20000360     0xc  cppinit.o [3]
    .iar.dynexit         uninit   0x2000036c   0x1a4  <Block tail>
  CSTACK                          0x20000510   0x400  <Block>
    CSTACK               uninit   0x20000510   0x400  <Block tail>
  HEAP                            0x20000910   0x800  <Block>
    HEAP                 uninit   0x20000910   0x800  <Block tail>
                                - 0x20001110   0xdb0


*******************************************************************************
*** INIT TABLE
***

          Address     Size
          -------     ----
Zero (__iar_zero_init3)
    1 destination range, total size 0x351:
          0x2000000c  0x351

Copy (__iar_copy_init3)
    1 source range, total size 0xc:
          0x00006be4    0xc
    1 destination range, total size 0xc:
          0x20000000    0xc

Extra (__iar_cstart_call_ctors)



*******************************************************************************
*** MODULE SUMMARY
***

    Module                  ro code  ro data  rw data
    ------                  -------  -------  -------
C:\Users\Студент-06\Documents\413\1\Debug\Obj: [1]
    main.o                    9 376      467       36
    -------------------------------------------------
    Total:                    9 376      467       36

command line: [2]
    -------------------------------------------------
    Total:

dl7M_tln.a: [3]
    XShttio.o                    60        8        9
    abort.o                       6
    cppinit.o                   160                20
    dlmalloc.o                5 332               496
    exit.o                        4
    getchar.o                    56        4        4
    heaptramp0.o                  4
    iar_Stoflt.o                456
    iar_Stopfx.o                288
    iar_Stoxflt.o               532
    isspace.o                    20
    low_level_init.o              4
    putchar.o                    32
    sprintf.o                    64
    strcspn.o                    34
    xfail_s.o                    68                 4
    xgetmemchunk.o               44                 4
    xprintffull_nomb.o        3 614
    xsprout.o                    10
    -------------------------------------------------
    Total:                   10 788       12      537

dlpp7M_tl_nc.a: [4]
    cxxabi.o                     10
    delaop_0.o                    4
    delop_0.o                    10
    ios.o                       256       20       68
    iostream_cin.o              192       44      112
    iostream_cout.o             666      196      112
    new.o                                           4
    newop_0.o                    36
    nomemory.o                    4
    -------------------------------------------------
    Total:                    1 178      260      296

m7M_tl.a: [5]
    DblAdd.o                    376
    DblCmpEq.o                   32
    DblCmpGe.o                   46
    DblCmpLe.o                   46
    DblDiv.o                    582
    DblMul.o                    418
    DblSub.o                    226
    DblToFlt.o                  104
    DblToS32.o                   58
    DblToU32.o                   40
    FltToDbl.o                   72
    S32ToDbl.o                   34
    U32ToDbl.o                   26
    frexp.o                     112
    ldexp.o                     314
    sqrt.o                      242
    strto64.o                 1 128
    -------------------------------------------------
    Total:                    3 856

rt7M_tl.a: [6]
    ABImemcpy_unaligned.o       118
    ABImemmove_unaligned.o      120
    ABImemset.o                 102
    I64DivMod.o                 558
    I64DivZer.o                   2
    cexit.o                      14
    cmain.o                      30
    cmain_call_ctors.o           32
    copy_init3.o                 44
    cstart_call_dtors.o
    cstartup_M.o                 12
    data_init.o                  40
    memchr.o                     88
    strchr.o                     22
    strlen.o                     54
    vector_table_M.o             66
    zero_init3.o                 64
    -------------------------------------------------
    Total:                    1 366

shb_l.a: [7]
    dwrite.o                     30
    exit.o                       20
    iarttio.o                   124
    iarwrite.o                   34
    iarwstd.o                    32
    read.o                       48
    unwind_debug.o                         1
    write.o                      16
    -------------------------------------------------
    Total:                      304        1

    Gaps                         44        4        4
    Linker created                        40    3 492
-----------------------------------------------------
    Grand Total:             26 912      784    4 365


*******************************************************************************
*** ENTRY LIST
***

Entry                      Address   Size  Type      Object
-----                      -------   ----  ----      ------
.iar.dynexit$$Base      0x20000360          --   Gb  - Linker created -
.iar.dynexit$$Limit     0x20000510          --   Gb  - Linker created -
.iar.init_table$$Base   0x00006a28          --   Gb  - Linker created -
.iar.init_table$$Limit  0x00006a50          --   Gb  - Linker created -
?main                   0x00006ab1         Code  Gb  cmain.o [6]
CSTACK$$Base            0x20000510          --   Gb  - Linker created -
CSTACK$$Limit           0x20000910          --   Gb  - Linker created -
Dtentox                 0x000044dd  0x190  Code  Lc  strto64.o [5]
DtorRecArray            0x20000360    0xc  Data  Lc  cppinit.o [3]
HEAP$$Base              0x20000910          --   Gb  - Linker created -
HEAP$$Limit             0x20001110          --   Gb  - Linker created -
Initialization guard variable for std::ctype<char> const & std::use_facet<std::ctype<char>>()::_MyFacet
                        0x20000358    0x1  Data  Gb  main.o [1]
Initialization guard variable for std::num_get<char, std::istreambuf_iterator<char, std::char_traits<char>>> const & std::use_facet<std::num_get<char, std::istreambuf_iterator<char, std::char_traits<char>>>>()::_MyFacet
                        0x20000359    0x1  Data  Gb  main.o [1]
Initialization guard variable for std::num_put<char, std::ostreambuf_iterator<char, std::char_traits<char>>> const & std::use_facet<std::num_put<char, std::ostreambuf_iterator<char, std::char_traits<char>>>>()::_MyFacet
                        0x2000035a    0x1  Data  Gb  main.o [1]
Initialization guard variable for std::numpunct<char> const & std::use_facet<std::numpunct<char>>()::_MyFacet
                        0x2000035b    0x1  Data  Gb  main.o [1]
LoadInt                 0x000017e7   0x7a  Code  Lc  xprintffull_nomb.o [3]
Region$$Table$$Base     0x00006a28          --   Gb  - Linker created -
Region$$Table$$Limit    0x00006a50          --   Gb  - Linker created -
SHT$$INIT_ARRAY$$Base   0x00006be0          --   Gb  - Linker created -
SHT$$INIT_ARRAY$$Limit  0x00006be4          --   Gb  - Linker created -
SHT$$PREINIT_ARRAY$$Base
                        0x00006bd8          --   Gb  - Linker created -
SHT$$PREINIT_ARRAY$$Limit
                        0x00006be0          --   Gb  - Linker created -
Virtual function table for std::_Wrap_facet<std::ctype<char>>
                        0x00006b58   0x10  Data  Gb  main.o [1]
Virtual function table for std::_Wrap_facet<std::num_get<char, std::istreambuf_iterator<char, std::char_traits<char>>>>
                        0x0000673c   0x3c  Data  Gb  main.o [1]
Virtual function table for std::_Wrap_facet<std::num_put<char, std::ostreambuf_iterator<char, std::char_traits<char>>>>
                        0x000068a4   0x30  Data  Gb  main.o [1]
Virtual function table for std::_Wrap_facet<std::numpunct<char>>
                        0x000069c8   0x24  Data  Gb  main.o [1]
Virtual function table for std::__nobasic_filebuf<char, std::char_traits<char>>
                        0x0000667c   0x44  Data  Gb  iostream_cout.o [4]
Virtual function table for std::ctype<char>
                        0x00006b48   0x10  Data  Gb  main.o [1]
Virtual function table for std::ios
                        0x00006b88   0x10  Data  Gb  iostream_cout.o [4]
Virtual function table for std::ios_base
                        0x00006b78   0x10  Data  Gb  ios.o [4]
Virtual function table for std::istream
                        0x0000692c   0x28  Data  Gb  iostream_cin.o [4]
Virtual function table for std::num_get<char, std::istreambuf_iterator<char, std::char_traits<char>>>
                        0x00006700   0x3c  Data  Gb  main.o [1]
Virtual function table for std::num_put<char, std::ostreambuf_iterator<char, std::char_traits<char>>>
                        0x00006874   0x30  Data  Gb  main.o [1]
Virtual function table for std::numpunct<char>
                        0x000069a4   0x24  Data  Gb  main.o [1]
Virtual function table for std::ostream
                        0x00006954   0x28  Data  Gb  iostream_cout.o [4]
Virtual function table for std::streambuf
                        0x00006638   0x44  Data  Gb  iostream_cout.o [4]
[local to ios_cpp]::std::stdopens
                        0x200002c4    0xc  Data  Lc  ios.o [4]
[local to ios_cpp]::std::stdstr
                        0x200002d0   0x28  Data  Lc  ios.o [4]
[local to iostream_cin_cpp]::std::fin
                        0x20000214   0x40  Data  Lc  iostream_cin.o [4]
[local to iostream_cout_cpp]::std::__iarcoutguard
                        0x20000280    0x1  Data  Lc  iostream_cout.o [4]
[local to iostream_cout_cpp]::std::fout
                        0x20000284   0x40  Data  Lc  iostream_cout.o [4]
_GenldFullNoMb          0x00002153  0x274  Code  Lc  xprintffull_nomb.o [3]
_LdtobFullNoMb          0x00001d29  0x3fe  Code  Lc  xprintffull_nomb.o [3]
_LitobFullNoMb          0x00001bd1  0x112  Code  Lc  xprintffull_nomb.o [3]
_PrintfFullNoMb         0x00001635  0x1a4  Code  Gb  xprintffull_nomb.o [3]
_PutcharsFullNoMb       0x000023c7   0x2e  Code  Lc  xprintffull_nomb.o [3]
_PutfldFullNoMb         0x00001861  0x264  Code  Lc  xprintffull_nomb.o [3]
_PuttxtFullNoMb         0x00001ac5  0x10c  Code  Lc  xprintffull_nomb.o [3]
_SProut                 0x00002453    0xa  Code  Gb  xsprout.o [3]
_UngetChar              0x20000000    0x4  Data  Lc  getchar.o [3]
__aeabi_atexit          0x00003be9    0xa  Code  Gb  cxxabi.o [4]
__aeabi_cdcmpeq         0x0000590d         Code  Gb  DblCmpEq.o [5]
__aeabi_cdcmple         0x00002a0d         Code  Gb  DblCmpLe.o [5]
__aeabi_cdrcmple        0x00002a3d         Code  Gb  DblCmpGe.o [5]
__aeabi_d2f             0x00005cc5         Code  Gb  DblToFlt.o [5]
__aeabi_d2iz            0x00002ba9         Code  Gb  DblToS32.o [5]
__aeabi_d2uiz           0x00002f35         Code  Gb  DblToU32.o [5]
__aeabi_dadd            0x00002f7d         Code  Gb  DblAdd.o [5]
__aeabi_ddiv            0x00002ced         Code  Gb  DblDiv.o [5]
__aeabi_dmul            0x00002781         Code  Gb  DblMul.o [5]
__aeabi_dsub            0x00002c09         Code  Gb  DblSub.o [5]
__aeabi_f2d             0x00005e8d         Code  Gb  FltToDbl.o [5]
__aeabi_i2d             0x00002be5         Code  Gb  S32ToDbl.o [5]
__aeabi_ldiv0           0x00002f79         Code  Gb  I64DivZer.o [6]
__aeabi_memset          0x000041e1         Code  Gb  ABImemset.o [6]
__aeabi_ui2d            0x00002f5d         Code  Gb  U32ToDbl.o [5]
__aeabi_uldivmod        0x00002551         Code  Gb  I64DivMod.o [6]
__call_ctors            0x00003e79   0x18  Code  Gb  cppinit.o [3]
__call_dtors            0x00003ec7    0xc  Code  Gb  cppinit.o [3]
__call_dtors0           0x00003ed3   0x36  Code  Gb  cppinit.o [3]
__cexit_call_dtors      0x00006adb         Code  Gb  cexit.o [6]
__cmain                 0x00006ab1         Code  Gb  cmain.o [6]
__cstart_call_dtors     0x00006c30         Data  Gb  cstart_call_dtors.o [6]
__cxa_atexit            0x00003e91   0x36  Code  Gb  cppinit.o [3]
__data_GetMemChunk      0x0000153d   0x2c  Code  Gb  xgetmemchunk.o [3]
__data_GetMemChunk::start
                        0x20000354    0x4  Data  Lc  xgetmemchunk.o [3]
__dso_handle            0x20000348    0x4  Data  Gb  cppinit.o [3]
__dwrite                0x000067e1   0x1e  Code  Gb  dwrite.o [7]
__exit                  0x00001569   0x14  Code  Gb  exit.o [7]
__iar_Fail_s            0x00002479   0x1e  Code  Gb  xfail_s.o [3]
__iar_Memchr            0x000024f9         Code  Gb  memchr.o [6]
__iar_Memset            0x000041e1         Code  Gb  ABImemset.o [6]
__iar_Memset_word       0x000041e9         Code  Gb  ABImemset.o [6]
__iar_Sto64             0x0000466d  0x154  Code  Gb  strto64.o [5]
__iar_Stoflt            0x00004959  0x1c8  Code  Gb  iar_Stoflt.o [3]
__iar_Stopfx            0x00004839  0x120  Code  Gb  iar_Stopfx.o [3]
__iar_Stoxflt           0x00004b21  0x1de  Code  Gb  iar_Stoxflt.o [3]
__iar_Stoxflt::digits   0x00004d04   0x18  Data  Lc  iar_Stoxflt.o [3]
__iar_Stoxflt::vals     0x00004d1c   0x18  Data  Lc  iar_Stoxflt.o [3]
__iar_Strchr            0x0000245d         Code  Gb  strchr.o [6]
__iar_close_ttio        0x0000157d   0x2c  Code  Gb  iarttio.o [7]
__iar_copy_init3        0x00006901   0x2c  Code  Gb  copy_init3.o [6]
__iar_cstart_call_ctors
                        0x00006a91   0x20  Code  Gb  cmain_call_ctors.o [6]
__iar_dadd              0x00002c19         Code  Gb  DblSub.o [5]
__iar_data_init3        0x0000697d   0x28  Code  Gb  data_init.o [6]
__iar_debug_exceptions  0x00002a6b    0x1  Data  Gb  unwind_debug.o [7]
__iar_dlfree            0x0000101b  0x4f6  Code  Gb  dlmalloc.o [3]
__iar_dlmalloc          0x00000d65  0x2b6  Code  Gb  dlmalloc.o [3]
__iar_dsub              0x00002f8d         Code  Gb  DblAdd.o [5]
__iar_dsubStart         0x00002f9f         Code  Gb  DblAdd.o [5]
__iar_frexp             0x000029a9         Code  Gb  frexp.o [5]
__iar_frexp64           0x0000299d         Code  Gb  frexp.o [5]
__iar_frexpl            0x000029a9         Code  Gb  frexp.o [5]
__iar_get_ttio          0x000015a9   0x4c  Code  Gb  iarttio.o [7]
__iar_ldexp64           0x00002a6d         Code  Gb  ldexp.o [5]
__iar_lookup_ttioh      0x00001627    0x4  Code  Gb  XShttio.o [3]
__iar_program_start     0x00006bcd         Code  Gb  cstartup_M.o [6]
__iar_scalbln64         0x00002a6d         Code  Gb  ldexp.o [5]
__iar_scalbn64          0x00002a6d         Code  Gb  ldexp.o [5]
__iar_sh_stdout         0x000067ff   0x20  Code  Gb  iarwstd.o [7]
__iar_sh_write          0x0000681f   0x22  Code  Gb  iarwrite.o [7]
__iar_sqrt64            0x00005bd1         Code  Gb  sqrt.o [5]
__iar_systems$$module {Abs}
                        0x00000001         Data  Gb  command line/config [2]
__iar_tls$$INIT_ARRAY$$Base
                        0x00006be4          --   Gb  - Linker created -
__iar_tls$$INIT_ARRAY$$Limit
                        0x00006be4          --   Gb  - Linker created -
__iar_ttio_guard_lock   0x000015f9   0x1e  Code  Gb  XShttio.o [3]
__iar_ttio_guard_unlock
                        0x00001617   0x10  Code  Gb  XShttio.o [3]
__iar_ttio_handles      0x20000004    0x8  Data  Lc  XShttio.o [3]
__iar_unaligned_memcpy  0x00002925         Code  Gb  ABImemcpy_unaligned.o [6]
__iar_unaligned_memcpy4
                        0x00002945         Code  Gb  ABImemcpy_unaligned.o [6]
__iar_unaligned_memcpy8
                        0x00002945         Code  Gb  ABImemcpy_unaligned.o [6]
__iar_unaligned_memmove
                        0x0000514d         Code  Gb  ABImemmove_unaligned.o [6]
__iar_unaligned_memmove4
                        0x0000514d         Code  Gb  ABImemmove_unaligned.o [6]
__iar_unaligned_memmove8
                        0x0000514d         Code  Gb  ABImemmove_unaligned.o [6]
__iar_zero_init3        0x000066c1   0x40  Code  Gb  zero_init3.o [6]
__low_level_init        0x00006acf    0x4  Code  Gb  low_level_init.o [3]
__read                  0x00006609   0x30  Code  Gb  read.o [7]
__sti__routine          0x0000558b    0xa  Code  Lc  ios.o [4]
__sti__routine          0x00006161   0xb0  Code  Lc  iostream_cin.o [4]
__sti__routine          0x00006265   0xac  Code  Lc  iostream_cout.o [4]
__ungetchar             0x000065ff    0x6  Code  Gb  getchar.o [3]
__vector_table          0x00000000         Data  Gb  vector_table_M.o [6]
__write                 0x000067d1   0x10  Code  Gb  write.o [7]
_call_main              0x00006abd         Code  Gb  cmain.o [6]
_exit                   0x00006ad9         Code  Gb  cexit.o [6]
_gm_                    0x2000000c  0x1d8  Data  Lc  dlmalloc.o [3]
_main                   0x00006acb         Code  Gb  cmain.o [6]
abort                   0x00001515    0x6  Code  Gb  abort.o [3]
add_segment             0x00000405  0x1f2  Code  Lc  dlmalloc.o [3]
bool std::operator !=<char, std::char_traits<char>>(std::istreambuf_iterator<char, std::char_traits<char>> const &, std::istreambuf_iterator<char, std::char_traits<char>> const &)
                        0x00003ae7   0x14  Code  Gb  main.o [1]
bool std::operator ==<char, std::char_traits<char>>(std::istreambuf_iterator<char, std::char_traits<char>> const &, std::istreambuf_iterator<char, std::char_traits<char>> const &)
                        0x00003aa7    0x8  Code  Gb  main.o [1]
char * && std::forward<char *>(std::remove_reference<char *>::type &)
                        0x000042f3    0x2  Code  Gb  main.o [1]
char * std::_Addressof<char>(char &, std::integral_constant<bool, (bool)0>)
                        0x0000419d    0x2  Code  Gb  main.o [1]
char * std::_Allocate<char>(unsigned int, char *, bool)
                        0x0000436d   0x12  Code  Gb  main.o [1]
char * std::_Maklocstr<char>(char const *, char *)
                        0x0000430d   0x34  Code  Gb  main.o [1]
char * std::addressof<char>(char &)
                        0x00003fcf    0x8  Code  Gb  main.o [1]
char std::_Maklocchr<char>(char, char *)
                        0x000042b9    0x4  Code  Gb  main.o [1]
const std::allocator<char>& && std::forward<const std::allocator<char>&>(std::remove_reference<const std::allocator<char>&>::type &)
                        0x000042bd    0x2  Code  Gb  main.o [1]
ddiv                    0x0000444b   0x7a  Code  Lc  strto64.o [5]
dmul                    0x000043d1   0x7a  Code  Lc  strto64.o [5]
exit                    0x00006ad3    0x4  Code  Gb  exit.o [3]
free                    0x0000439f    0x4  Code  Gb  heaptramp0.o [3]
frexp                   0x0000299d         Code  Gb  frexp.o [5]
frexpl                  0x0000299d         Code  Gb  frexp.o [5]
getchar                 0x000065d1   0x2e  Code  Gb  getchar.o [3]
init_mparams            0x0000005f   0x32  Code  Lc  dlmalloc.o [3]
init_top                0x00000091   0x32  Code  Lc  dlmalloc.o [3]
isspace                 0x00006133   0x14  Code  Gb  isspace.o [3]
ldexp                   0x00002a6d         Code  Gb  ldexp.o [5]
ldexpl                  0x00002a6d         Code  Gb  ldexp.o [5]
main                    0x00005a3d  0x110  Code  Gb  main.o [1]
memchr                  0x000024f9         Code  Gb  memchr.o [6]
mparams                 0x200002f8   0x18  Data  Lc  dlmalloc.o [3]
next_abi_dtor_rec       0x20000344    0x4  Data  Lc  cppinit.o [3]
operator delete (void *)
                        0x0000435d    0xa  Code  Gb  delop_0.o [4]
operator delete[] (void *)
                        0x00006b31    0x4  Code  Gb  delaop_0.o [4]
operator new (unsigned int)
                        0x000043a5   0x24  Code  Gb  newop_0.o [4]
operator new (unsigned int, void *)
                        0x000043c9    0x4  Code  Gb  main.o [1]
pows                    0x000047f0   0x48  Data  Lc  strto64.o [5]
prepend_alloc           0x000000c3  0x342  Code  Lc  dlmalloc.o [3]
putchar                 0x000067b1   0x20  Code  Gb  putchar.o [3]
scalbln                 0x00002a6d         Code  Gb  ldexp.o [5]
scalblnl                0x00002a6d         Code  Gb  ldexp.o [5]
scalbn                  0x00002a6d         Code  Gb  ldexp.o [5]
scalbnl                 0x00002a6d         Code  Gb  ldexp.o [5]
scale                   0x00001ce3   0x46  Code  Lc  xprintffull_nomb.o [3]
sec_hand                0x20000350    0x4  Data  Lc  xfail_s.o [3]
segment_holding         0x00000041   0x1e  Code  Lc  dlmalloc.o [3]
sprintf                 0x000059fd   0x40  Code  Gb  sprintf.o [3]
sqrt                    0x00005bd1         Code  Gb  sqrt.o [5]
sqrtl                   0x00005bd1         Code  Gb  sqrt.o [5]
std::_Compressed_pair<std::_Wrap_alloc<std::allocator<char>>, std::_String_val<std::_Simple_types<char>>, (bool)1>::_Compressed_pair<const std::allocator<char>&, >(std::_One_then_variadic_args_t, const std::allocator<char>& &&,  &&...)
                        0x00004177   0x1c  Code  Gb  main.o [1]
std::_Compressed_pair<std::_Wrap_alloc<std::allocator<char>>, std::_String_val<std::_Simple_types<char>>, (bool)1>::_Get_first()
                        0x00004193    0x2  Code  Gb  main.o [1]
std::_Compressed_pair<std::_Wrap_alloc<std::allocator<char>>, std::_String_val<std::_Simple_types<char>>, (bool)1>::_Get_first() const
                        0x000042db    0x2  Code  Gb  main.o [1]
std::_Compressed_pair<std::_Wrap_alloc<std::allocator<char>>, std::_String_val<std::_Simple_types<char>>, (bool)1>::_Get_second()
                        0x000041ab    0x2  Code  Gb  main.o [1]
std::_Compressed_pair<std::_Wrap_alloc<std::allocator<char>>, std::_String_val<std::_Simple_types<char>>, (bool)1>::_Get_second() const
                        0x00004175    0x2  Code  Gb  main.o [1]
std::_Fpz               0x20000328   0x10  Data  Gb  ios.o [4]
std::_NomemoryNothrow()
                        0x000043cd    0x4  Code  Gb  nomemory.o [4]
std::_String_alloc<std::_String_base_types<char, std::allocator<char>>>::_Bx()
                        0x00003fb7    0x8  Code  Gb  main.o [1]
std::_String_alloc<std::_String_base_types<char, std::allocator<char>>>::_Get_data()
                        0x00003ff1    0x8  Code  Gb  main.o [1]
std::_String_alloc<std::_String_base_types<char, std::allocator<char>>>::_Get_data() const
                        0x00003f81    0x8  Code  Gb  main.o [1]
std::_String_alloc<std::_String_base_types<char, std::allocator<char>>>::_Getal()
                        0x00003fbf    0x8  Code  Gb  main.o [1]
std::_String_alloc<std::_String_base_types<char, std::allocator<char>>>::_Getal() const
                        0x000041ad    0x8  Code  Gb  main.o [1]
std::_String_alloc<std::_String_base_types<char, std::allocator<char>>>::_Myptr()
                        0x00003e63    0xc  Code  Gb  main.o [1]
std::_String_alloc<std::_String_base_types<char, std::allocator<char>>>::_Myptr() const
                        0x00003cbb    0xc  Code  Gb  main.o [1]
std::_String_alloc<std::_String_base_types<char, std::allocator<char>>>::_Myres()
                        0x00003fad    0xa  Code  Gb  main.o [1]
std::_String_alloc<std::_String_base_types<char, std::allocator<char>>>::_Mysize()
                        0x00003d8d    0xa  Code  Gb  main.o [1]
std::_String_alloc<std::_String_base_types<char, std::allocator<char>>>::_Mysize() const
                        0x00003cc7    0xa  Code  Gb  main.o [1]
std::_String_alloc<std::_String_base_types<char, std::allocator<char>>>::_String_alloc(const std::allocator<char>&)
                        0x00003f9b   0x12  Code  Gb  main.o [1]
std::_String_alloc<std::_String_base_types<char, std::allocator<char>>>::_String_alloc(const std::allocator<char>&) [subobject]
                        0x00003cd1    0x8  Code  Gb  main.o [1]
std::_String_val<std::_Simple_types<char>>::_Myptr()
                        0x000040fd   0x12  Code  Gb  main.o [1]
std::_String_val<std::_Simple_types<char>>::_Myptr() const
                        0x00003f89   0x12  Code  Gb  main.o [1]
std::_String_val<std::_Simple_types<char>>::_String_val()
                        0x000042c7    0xa  Code  Gb  main.o [1]
std::_Wrap_alloc<std::allocator<char>>::_Wrap_alloc(const std::allocator<char>&)
                        0x0000435b    0x2  Code  Gb  main.o [1]
std::_Wrap_alloc<std::allocator<char>>::_Wrap_alloc(const std::allocator<char>&) [subobject]
                        0x000042bf    0x8  Code  Gb  main.o [1]
std::_Wrap_alloc<std::allocator<char>>::allocate(unsigned int)
                        0x000041bd    0x8  Code  Gb  main.o [1]
std::_Wrap_alloc<std::allocator<char>>::deallocate(char *, unsigned int)
                        0x00003fe9    0x8  Code  Gb  main.o [1]
std::_Wrap_alloc<std::allocator<char>>::max_size(std::_Nil) const
                        0x000041b5    0x8  Code  Gb  main.o [1]
std::_Wrap_facet<std::ctype<char>>::_Wrap_facet()
                        0x00003bf5   0x18  Code  Gb  main.o [1]
std::_Wrap_facet<std::num_get<char, std::istreambuf_iterator<char, std::char_traits<char>>>>::_Wrap_facet()
                        0x00005fe5   0x18  Code  Gb  main.o [1]
std::_Wrap_facet<std::num_put<char, std::ostreambuf_iterator<char, std::char_traits<char>>>>::_Wrap_facet()
                        0x00006005   0x18  Code  Gb  main.o [1]
std::_Wrap_facet<std::numpunct<char>>::_Wrap_facet()
                        0x00003bd1   0x18  Code  Gb  main.o [1]
std::_Wrap_facet<std::numpunct<char>>::~_Wrap_facet()
                        0x00006ba9    0xe  Code  Gb  main.o [1]
std::__iar_New_hand     0x2000034c    0x4  Data  Gb  new.o [4]
std::__iar_cout_guard::~__iar_cout_guard()
                        0x00006b35   0x14  Code  Gb  iostream_cout.o [4]
std::__nobasic_filebuf<char, std::char_traits<char>>::__nobasic_filebuf()
                        0x00006211   0x54  Code  Gb  iostream_cout.o [4]
std::__nobasic_filebuf<char, std::char_traits<char>>::overflow(int)
                        0x00006779   0x38  Code  Gb  iostream_cout.o [4]
std::__nobasic_filebuf<char, std::char_traits<char>>::pbackfail(int)
                        0x00006587   0x4a  Code  Gb  iostream_cout.o [4]
std::__nobasic_filebuf<char, std::char_traits<char>>::uflow()
                        0x000068d5   0x2c  Code  Gb  iostream_cout.o [4]
std::__nobasic_filebuf<char, std::char_traits<char>>::underflow()
                        0x00006841   0x34  Code  Gb  iostream_cout.o [4]
std::allocator<char>::allocate(unsigned int)
                        0x000042e5    0xe  Code  Gb  main.o [1]
std::allocator<char>::deallocate(char *, unsigned int)
                        0x0000419f    0xc  Code  Gb  main.o [1]
std::allocator<char>::max_size() const
                        0x00004367    0x6  Code  Gb  main.o [1]
std::allocator_traits<std::allocator<char>>::max_size(const std::allocator<char>&)
                        0x000042dd    0x8  Code  Gb  main.o [1]
std::char_traits<char>::assign(char &, char const &)
                        0x000040e7    0x6  Code  Gb  main.o [1]
std::char_traits<char>::assign(char *, unsigned int, char)
                        0x000040ed   0x10  Code  Gb  main.o [1]
std::char_traits<char>::copy(char *, char const *, unsigned int)
                        0x00003fd7   0x12  Code  Gb  main.o [1]
std::char_traits<char>::eq_int_type(int const &, int const &)
                        0x00003f45   0x12  Code  Gb  main.o [1]
std::char_traits<char>::length(char const *)
                        0x000053cf   0x12  Code  Gb  main.o [1]
std::char_traits<char>::move(char *, char const *, unsigned int)
                        0x00005107   0x12  Code  Gb  main.o [1]
std::char_traits<char>::to_char_type(int const &)
                        0x00003f57    0x6  Code  Gb  main.o [1]
std::char_traits<char>::to_int_type(char const &)
                        0x00004163    0x4  Code  Gb  main.o [1]
std::cin                0x200001e4   0x30  Data  Gb  iostream_cin.o [4]
std::cout               0x20000254   0x2c  Data  Gb  iostream_cout.o [4]
std::ctype<char> const & std::use_facet<std::ctype<char>>()
                        0x00003a71   0x24  Code  Gb  main.o [1]
std::ctype<char> const & std::use_facet<std::ctype<char>>()::_MyFacet
                        0x20000338    0x4  Data  Gb  main.o [1]
std::ctype<char>::ctype()
                        0x00004139    0xc  Code  Gb  main.o [1]
std::ctype<char>::ctype() [subobject]
                        0x00003f19    0x8  Code  Gb  main.o [1]
std::ctype<char>::is(short, char) const
                        0x000060a7   0x20  Code  Gb  main.o [1]
std::ctype<char>::narrow(char, char) const
                        0x0000612d    0x6  Code  Gb  main.o [1]
std::ctype<char>::widen(char const *, char const *, char *) const
                        0x00003a95   0x12  Code  Gb  main.o [1]
std::ctype<char>::widen(char) const
                        0x00005003    0x6  Code  Gb  main.o [1]
std::ios::clear(std::_Iosb<int>::_Iostate, bool)
                        0x00005521   0x18  Code  Gb  main.o [1]
std::ios::fill() const  0x0000545f    0x6  Code  Gb  main.o [1]
std::ios::rdbuf() const
                        0x00005465    0x4  Code  Gb  main.o [1]
std::ios::setstate(std::_Iosb<int>::_Iostate, bool)
                        0x00005473   0x28  Code  Gb  main.o [1]
std::ios::tie() const   0x000054c5    0x4  Code  Gb  main.o [1]
std::ios_base::_Addstd(std::ios_base*)
                        0x000055f5   0x36  Code  Gb  ios.o [4]
std::ios_base::_Callfns(std::ios_base::event)
                        0x000055d9   0x1c  Code  Gb  ios.o [4]
std::ios_base::_Init()  0x00005639   0x1c  Code  Gb  ios.o [4]
std::ios_base::_Tidy()  0x00005655   0x34  Code  Gb  ios.o [4]
std::ios_base::clear(std::_Iosb<int>::_Iostate, bool)
                        0x00005595   0x20  Code  Gb  ios.o [4]
std::ios_base::flags() const
                        0x00003595    0x4  Code  Gb  main.o [1]
std::ios_base::good() const
                        0x000054b1   0x14  Code  Gb  main.o [1]
std::ios_base::precision() const
                        0x00005909    0x4  Code  Gb  main.o [1]
std::ios_base::rdstate() const
                        0x0000551d    0x4  Code  Gb  main.o [1]
std::ios_base::width() const
                        0x0000509f    0x4  Code  Gb  main.o [1]
std::ios_base::width(int)
                        0x000050ff    0x8  Code  Gb  main.o [1]
std::ios_base::~ios_base()
                        0x000055b5   0x24  Code  Gb  ios.o [4]
std::ios_base::~ios_base() [subobject]
                        0x00005589    0x2  Code  Gb  ios.o [4]
std::istream::_Ipfx(bool)
                        0x00005f01   0xe4  Code  Gb  main.o [1]
std::istream::_Sentry_base::_Sentry_base(std::istream&)
                        0x0000601d   0x48  Code  Gb  main.o [1]
std::istream::_Sentry_base::_Sentry_base(std::istream&) [subobject]
                        0x00005ef9    0x8  Code  Gb  main.o [1]
std::istream::_Sentry_base::~_Sentry_base()
                        0x000060cf   0x46  Code  Gb  main.o [1]
std::istream::_Sentry_base::~_Sentry_base() [subobject]
                        0x00005ffd    0x8  Code  Gb  main.o [1]
std::istream::operator >>(long double &)
                        0x00005b4d   0x84  Code  Gb  main.o [1]
std::istream::sentry::operator bool() const
                        0x00005df1    0x4  Code  Gb  main.o [1]
std::istream::sentry::sentry(std::istream&, bool)
                        0x00005dd5   0x1c  Code  Gb  main.o [1]
std::istream::sentry::~sentry()
                        0x00005e53    0xe  Code  Gb  main.o [1]
std::istream::~basic_istream()
                        0x00006b99   0x10  Code  Gb  iostream_cin.o [4]
std::istreambuf_iterator<char, std::char_traits<char>>::_Inc()
                        0x00003c87   0x34  Code  Gb  main.o [1]
std::istreambuf_iterator<char, std::char_traits<char>>::_Peek() const
                        0x00003c4d   0x3a  Code  Gb  main.o [1]
std::istreambuf_iterator<char, std::char_traits<char>>::equal(const std::istreambuf_iterator<char, std::char_traits<char>>&) const
                        0x00003c0d   0x40  Code  Gb  main.o [1]
std::istreambuf_iterator<char, std::char_traits<char>>::istreambuf_iterator(std::streambuf *)
                        0x00005e19   0x14  Code  Gb  main.o [1]
std::istreambuf_iterator<char, std::char_traits<char>>::operator *() const
                        0x00003aaf   0x14  Code  Gb  main.o [1]
std::istreambuf_iterator<char, std::char_traits<char>>::operator ++()
                        0x00003ac3    0xe  Code  Gb  main.o [1]
std::num_get<char, std::istreambuf_iterator<char, std::char_traits<char>>> const & std::use_facet<std::num_get<char, std::istreambuf_iterator<char, std::char_traits<char>>>>()
                        0x00005df5   0x24  Code  Gb  main.o [1]
std::num_get<char, std::istreambuf_iterator<char, std::char_traits<char>>> const & std::use_facet<std::num_get<char, std::istreambuf_iterator<char, std::char_traits<char>>>>()::_MyFacet
                        0x2000033c    0x4  Data  Gb  main.o [1]
std::num_get<char, std::istreambuf_iterator<char, std::char_traits<char>>>::_Getffld(char *, std::istreambuf_iterator<char, std::char_traits<char>> &, std::istreambuf_iterator<char, std::char_traits<char>> &, std::ios_base &, int *) const
                        0x000030f5  0x4a0  Code  Gb  main.o [1]
std::num_get<char, std::istreambuf_iterator<char, std::char_traits<char>>>::_Getffld(char *, std::istreambuf_iterator<char, std::char_traits<char>> &, std::istreambuf_iterator<char, std::char_traits<char>> &, std::ios_base &, int *) const::_Src
                        0x00006b68   0x10  Data  Gb  main.o [1]
std::num_get<char, std::istreambuf_iterator<char, std::char_traits<char>>>::_Getffldx(char *, std::istreambuf_iterator<char, std::char_traits<char>> &, std::istreambuf_iterator<char, std::char_traits<char>> &, std::ios_base &, int *) const
                        0x000035a1  0x490  Code  Gb  main.o [1]
std::num_get<char, std::istreambuf_iterator<char, std::char_traits<char>>>::_Getffldx(char *, std::istreambuf_iterator<char, std::char_traits<char>> &, std::istreambuf_iterator<char, std::char_traits<char>> &, std::ios_base &, int *) const::_Src
                        0x00006a70   0x20  Data  Gb  main.o [1]
std::num_get<char, std::istreambuf_iterator<char, std::char_traits<char>>>::do_get(std::istreambuf_iterator<char, std::char_traits<char>>, std::istreambuf_iterator<char, std::char_traits<char>>, std::ios_base &, std::_Iosb<int>::_Iostate &, long double &) const
                        0x00006311   0x88  Code  Gb  main.o [1]
std::num_get<char, std::istreambuf_iterator<char, std::char_traits<char>>>::get(std::istreambuf_iterator<char, std::char_traits<char>>, std::istreambuf_iterator<char, std::char_traits<char>>, std::ios_base &, std::_Iosb<int>::_Iostate &, long double &) const
                        0x00005e2d   0x26  Code  Gb  main.o [1]
std::num_get<char, std::istreambuf_iterator<char, std::char_traits<char>>>::num_get()
                        0x00006149    0xc  Code  Gb  main.o [1]
std::num_get<char, std::istreambuf_iterator<char, std::char_traits<char>>>::num_get() [subobject]
                        0x000060c7    0x8  Code  Gb  main.o [1]
std::num_put<char, std::ostreambuf_iterator<char, std::char_traits<char>>> const & std::use_facet<std::num_put<char, std::ostreambuf_iterator<char, std::char_traits<char>>>>()
                        0x00005e61   0x24  Code  Gb  main.o [1]
std::num_put<char, std::ostreambuf_iterator<char, std::char_traits<char>>> const & std::use_facet<std::num_put<char, std::ostreambuf_iterator<char, std::char_traits<char>>>>()::_MyFacet
                        0x20000340    0x4  Data  Gb  main.o [1]
std::num_put<char, std::ostreambuf_iterator<char, std::char_traits<char>>>::_Ffmt(char *, char, std::_Iosb<int>::_Fmtflags) const
                        0x0000592d   0xd0  Code  Gb  main.o [1]
std::num_put<char, std::ostreambuf_iterator<char, std::char_traits<char>>>::_Fput(std::ostreambuf_iterator<char, std::char_traits<char>>, std::ios_base &, char, char const *, unsigned int, unsigned int, unsigned int, unsigned int) const
                        0x00004d35  0x2ac  Code  Gb  main.o [1]
std::num_put<char, std::ostreambuf_iterator<char, std::char_traits<char>>>::_Fput(std::ostreambuf_iterator<char, std::char_traits<char>>, std::ios_base &, char, char const *, unsigned int, unsigned int, unsigned int, unsigned int) const::string
                        0x00006c1c    0x4  Data  Gb  main.o [1]
std::num_put<char, std::ostreambuf_iterator<char, std::char_traits<char>>>::_Fput(std::ostreambuf_iterator<char, std::char_traits<char>>, std::ios_base &, char, char const *, unsigned int, unsigned int, unsigned int, unsigned int) const::string (instance 2)
                        0x00006c20    0x4  Data  Gb  main.o [1]
std::num_put<char, std::ostreambuf_iterator<char, std::char_traits<char>>>::_Put(std::ostreambuf_iterator<char, std::char_traits<char>>, char const *, unsigned int) const
                        0x000050d1   0x2e  Code  Gb  main.o [1]
std::num_put<char, std::ostreambuf_iterator<char, std::char_traits<char>>>::_Rep(std::ostreambuf_iterator<char, std::char_traits<char>>, char, unsigned int) const
                        0x000050a3   0x2e  Code  Gb  main.o [1]
std::num_put<char, std::ostreambuf_iterator<char, std::char_traits<char>>>::do_put(std::ostreambuf_iterator<char, std::char_traits<char>>, std::ios_base &, char, double) const
                        0x0000577d  0x18c  Code  Gb  main.o [1]
std::num_put<char, std::ostreambuf_iterator<char, std::char_traits<char>>>::num_put()
                        0x00006155    0xc  Code  Gb  main.o [1]
std::num_put<char, std::ostreambuf_iterator<char, std::char_traits<char>>>::num_put() [subobject]
                        0x00006115    0x8  Code  Gb  main.o [1]
std::num_put<char, std::ostreambuf_iterator<char, std::char_traits<char>>>::put(std::ostreambuf_iterator<char, std::char_traits<char>>, std::ios_base &, char, double) const
                        0x00005ed5   0x20  Code  Gb  main.o [1]
std::numpunct<char> const & std::use_facet<std::numpunct<char>>()
                        0x00003a31   0x34  Code  Gb  main.o [1]
std::numpunct<char> const & std::use_facet<std::numpunct<char>>()::_MyFacet
                        0x20000310   0x14  Data  Gb  main.o [1]
std::numpunct<char>::_Init(bool)
                        0x00004249   0x70  Code  Gb  main.o [1]
std::numpunct<char>::_Init(bool)::string
                        0x00002a6a    0x1  Data  Gb  main.o [1]
std::numpunct<char>::_Init(bool)::string (instance 2)
                        0x00006bfc    0x8  Data  Gb  main.o [1]
std::numpunct<char>::_Init(bool)::string (instance 3)
                        0x00006c04    0x8  Data  Gb  main.o [1]
std::numpunct<char>::_Tidy()
                        0x00006b19   0x18  Code  Gb  main.o [1]
std::numpunct<char>::decimal_point() const
                        0x00003bc5    0xa  Code  Gb  main.o [1]
std::numpunct<char>::do_decimal_point() const
                        0x00006c25    0x4  Code  Gb  main.o [1]
std::numpunct<char>::do_grouping() const
                        0x00006bf1    0xa  Code  Gb  main.o [1]
std::numpunct<char>::do_thousands_sep() const
                        0x00006c29    0x4  Code  Gb  main.o [1]
std::numpunct<char>::grouping() const
                        0x00003a65    0xa  Code  Gb  main.o [1]
std::numpunct<char>::numpunct()
                        0x00004111   0x28  Code  Gb  main.o [1]
std::numpunct<char>::numpunct() [subobject]
                        0x00003e6f    0x8  Code  Gb  main.o [1]
std::numpunct<char>::thousands_sep() const
                        0x00003b19    0xa  Code  Gb  main.o [1]
std::numpunct<char>::~numpunct()
                        0x00006b01   0x18  Code  Gb  main.o [1]
std::numpunct<char>::~numpunct() [subobject]
                        0x00006bb7    0x8  Code  Gb  main.o [1]
std::operator &(std::_Iosb<int>::_Fmtflags, std::_Iosb<int>::_Fmtflags)
                        0x00003599    0x6  Code  Gb  main.o [1]
std::operator |=(std::_Iosb<int>::_Iostate &, std::_Iosb<int>::_Iostate)
                        0x00005457    0x8  Code  Gb  main.o [1]
std::ostream & std::operator <<<std::char_traits<char>>(std::ostream &, char const *)
                        0x0000521d  0x1b2  Code  Gb  main.o [1]
std::ostream::_Flush_sentry::_Flush_sentry(std::ostream&)
                        0x00005541   0x28  Code  Gb  main.o [1]
std::ostream::_Flush_sentry::_Flush_sentry(std::ostream&) [subobject]
                        0x000054a9    0x8  Code  Gb  main.o [1]
std::ostream::_Flush_sentry::operator bool() const
                        0x00005453    0x4  Code  Gb  main.o [1]
std::ostream::_Flush_sentry::~_Flush_sentry()
                        0x00005573   0x14  Code  Gb  main.o [1]
std::ostream::_Flush_sentry::~_Flush_sentry() [subobject]
                        0x00005539    0x8  Code  Gb  main.o [1]
std::ostream::_Osfx()   0x00005691   0x54  Code  Gb  main.o [1]
std::ostream::_Sentry_base::_Sentry_base(std::ostream&)
                        0x000056ed   0x48  Code  Gb  main.o [1]
std::ostream::_Sentry_base::_Sentry_base(std::ostream&) [subobject]
                        0x00005689    0x8  Code  Gb  main.o [1]
std::ostream::_Sentry_base::~_Sentry_base()
                        0x00005735   0x46  Code  Gb  main.o [1]
std::ostream::_Sentry_base::~_Sentry_base() [subobject]
                        0x000056e5    0x8  Code  Gb  main.o [1]
std::ostream::flush()   0x000054c9   0x54  Code  Gb  main.o [1]
std::ostream::operator <<(float)
                        0x00005d2d   0xa8  Code  Gb  main.o [1]
std::ostream::sentry::sentry(std::ostream&)
                        0x000053e1   0x72  Code  Gb  main.o [1]
std::ostream::sentry::~sentry()
                        0x0000549b    0xe  Code  Gb  main.o [1]
std::ostream::~basic_ostream()
                        0x00006bbf    0xe  Code  Gb  iostream_cout.o [4]
std::ostreambuf_iterator<char, std::char_traits<char>>::failed() const
                        0x00005ef5    0x4  Code  Gb  main.o [1]
std::ostreambuf_iterator<char, std::char_traits<char>>::operator *()
                        0x00005119    0x2  Code  Gb  main.o [1]
std::ostreambuf_iterator<char, std::char_traits<char>>::operator ++()
                        0x00005149    0x2  Code  Gb  main.o [1]
std::ostreambuf_iterator<char, std::char_traits<char>>::operator =(char)
                        0x0000511b   0x2e  Code  Gb  main.o [1]
std::ostreambuf_iterator<char, std::char_traits<char>>::ostreambuf_iterator(std::streambuf *)
                        0x00005e85    0x8  Code  Gb  main.o [1]
std::remove_reference<char *&>::type && std::move<char *&>(char *& &&)
                        0x000041c5    0x2  Code  Gb  main.o [1]
std::streambuf::_Gnavail() const
                        0x00004145   0x18  Code  Gb  main.o [1]
std::streambuf::_Gninc()
                        0x00004167    0xe  Code  Gb  main.o [1]
std::streambuf::_Gnpreinc()
                        0x0000611d   0x10  Code  Gb  main.o [1]
std::streambuf::_Lock()
                        0x00002923    0x2  Code  Gb  iostream_cout.o [4]
std::streambuf::_Pnavail() const
                        0x000051f7   0x18  Code  Gb  main.o [1]
std::streambuf::_Pninc()
                        0x0000520f    0xe  Code  Gb  main.o [1]
std::streambuf::_Unlock()
                        0x0000299b    0x2  Code  Gb  iostream_cout.o [4]
std::streambuf::gptr() const
                        0x0000415d    0x6  Code  Gb  main.o [1]
std::streambuf::overflow(int)
                        0x00002473    0x6  Code  Gb  iostream_cout.o [4]
std::streambuf::pubsync()
                        0x00005569    0xa  Code  Gb  main.o [1]
std::streambuf::sbumpc()
                        0x00003f5d   0x24  Code  Gb  main.o [1]
std::streambuf::sgetc()
                        0x00003f21   0x24  Code  Gb  main.o [1]
std::streambuf::snextc()
                        0x00006065   0x42  Code  Gb  main.o [1]
std::streambuf::sputc(char)
                        0x000051c5   0x32  Code  Gb  main.o [1]
std::streambuf::sputn(char const *, int)
                        0x00005469    0xa  Code  Gb  main.o [1]
std::streambuf::sync()  0x00006c2d    0x4  Code  Gb  iostream_cout.o [4]
std::streambuf::uflow()
                        0x0000151b   0x22  Code  Gb  iostream_cout.o [4]
std::streambuf::underflow()
                        0x000024f3    0x6  Code  Gb  iostream_cout.o [4]
std::streambuf::xsputn(char const *, int)
                        0x000064a3   0x60  Code  Gb  iostream_cout.o [4]
std::string::_Chassign(unsigned int, unsigned int, char)
                        0x00003e11   0x2a  Code  Gb  main.o [1]
std::string::_Copy(unsigned int, unsigned int)
                        0x00004011   0xd6  Code  Gb  main.o [1]
std::string::_Eos(unsigned int)
                        0x00003e3b   0x28  Code  Gb  main.o [1]
std::string::_Grow(unsigned int, bool)
                        0x00003d97   0x7a  Code  Gb  main.o [1]
std::string::_Inside(char const *)
                        0x00006555   0x32  Code  Gb  main.o [1]
std::string::_Tidy(bool, unsigned int)
                        0x00003cd9   0x7a  Code  Gb  main.o [1]
std::string::append(unsigned int, char)
                        0x00003b4d   0x5a  Code  Gb  main.o [1]
std::string::assign(char const *)
                        0x00006a11   0x18  Code  Gb  main.o [1]
std::string::assign(char const *, unsigned int)
                        0x00006503   0x52  Code  Gb  main.o [1]
std::string::assign(const std::string&, unsigned int, unsigned int)
                        0x00006399   0x7c  Code  Gb  main.o [1]
std::string::assign(unsigned int, char)
                        0x00003d53   0x3a  Code  Gb  main.o [1]
std::string::basic_string(char const *)
                        0x000069ed   0x24  Code  Gb  main.o [1]
std::string::basic_string(unsigned int, char)
                        0x00003b23   0x2a  Code  Gb  main.o [1]
std::string::erase(unsigned int)
                        0x00006415   0x22  Code  Gb  main.o [1]
std::string::erase(unsigned int, unsigned int)
                        0x00006437   0x6c  Code  Gb  main.o [1]
std::string::insert(unsigned int, unsigned int, char)
                        0x00005009   0x96  Code  Gb  main.o [1]
std::string::max_size() const
                        0x00003ff9   0x18  Code  Gb  main.o [1]
std::string::operator [](unsigned int)
                        0x00003ba7    0xc  Code  Gb  main.o [1]
std::string::operator [](unsigned int) const
                        0x00003ad1    0xc  Code  Gb  main.o [1]
std::string::size() const
                        0x00003add    0xa  Code  Gb  main.o [1]
std::string::~basic_string()
                        0x00003bb3   0x12  Code  Gb  main.o [1]
strchr                  0x0000245d         Code  Gb  strchr.o [6]
strcspn                 0x00004fe1   0x22  Code  Gb  strcspn.o [3]
strlen                  0x000024bd         Code  Gb  strlen.o [6]
sys_alloc               0x000005fd  0x164  Code  Lc  dlmalloc.o [3]
sys_trim                0x00000761   0x66  Code  Lc  dlmalloc.o [3]
tmalloc_large           0x000007d5  0x384  Code  Lc  dlmalloc.o [3]
tmalloc_small           0x00000b59  0x1fe  Code  Lc  dlmalloc.o [3]
ttio_guard              0x2000035c    0x1  Data  Lc  XShttio.o [3]
unsigned int std::_Find_elem<char>(char *, char)
                        0x00003afb   0x1e  Code  Gb  main.o [1]
void std::_Deallocate<char>(char *, unsigned int)
                        0x000042d3    0x8  Code  Gb  main.o [1]
void std::_Wrap_alloc<std::allocator<char>>::construct<char *, char *>(char * *, char * &&...)
                        0x000041c7   0x18  Code  Gb  main.o [1]
void std::_Wrap_alloc<std::allocator<char>>::destroy<char *>(char * *)
                        0x00003fc7    0x8  Code  Gb  main.o [1]
void std::allocator<char>::construct<char *, char *>(char * *, char * &&...)
                        0x0000437f   0x20  Code  Gb  main.o [1]
void std::allocator<char>::destroy<char *>(char * *)
                        0x000042d1    0x2  Code  Gb  main.o [1]
void std::allocator_traits<std::allocator<char>>::construct<char *, char *>(std::allocator<char>&, char * *, char * &&...)
                        0x000042f5   0x18  Code  Gb  main.o [1]
void std::allocator_traits<std::allocator<char>>::destroy<char *>(std::allocator<char>&, char * *)
                        0x00004195    0x8  Code  Gb  main.o [1]
void std::numpunct<char>::_Getvals<char>(char)
                        0x00004341   0x1a  Code  Gb  main.o [1]


[1] = C:\Users\Студент-06\Documents\413\1\Debug\Obj
[2] = command line
[3] = dl7M_tln.a
[4] = dlpp7M_tl_nc.a
[5] = m7M_tl.a
[6] = rt7M_tl.a
[7] = shb_l.a

  26 912 bytes of readonly  code memory
     784 bytes of readonly  data memory
   4 365 bytes of readwrite data memory

Errors: none
Warnings: none
